Component: ARM Compiler 6.16 Tool: armlink [5dfeaa00]

==============================================================================

Section Cross References

    startup_stm32f030x6.o(STACK) refers (Special) to heapauxi.o(.text) for __use_two_region_memory
    startup_stm32f030x6.o(HEAP) refers (Special) to heapauxi.o(.text) for __use_two_region_memory
    startup_stm32f030x6.o(RESET) refers (Special) to heapauxi.o(.text) for __use_two_region_memory
    startup_stm32f030x6.o(RESET) refers to startup_stm32f030x6.o(STACK) for __initial_sp
    startup_stm32f030x6.o(RESET) refers to startup_stm32f030x6.o(.text) for Reset_Handler
    startup_stm32f030x6.o(RESET) refers to stm32f0xx_it.o(.text.NMI_Handler) for NMI_Handler
    startup_stm32f030x6.o(RESET) refers to stm32f0xx_it.o(.text.HardFault_Handler) for HardFault_Handler
    startup_stm32f030x6.o(RESET) refers to stm32f0xx_it.o(.text.SVC_Handler) for SVC_Handler
    startup_stm32f030x6.o(RESET) refers to stm32f0xx_it.o(.text.PendSV_Handler) for PendSV_Handler
    startup_stm32f030x6.o(RESET) refers to stm32f0xx_it.o(.text.SysTick_Handler) for SysTick_Handler
    startup_stm32f030x6.o(RESET) refers to tim.o(.text.TIM17_IRQHandler) for TIM17_IRQHandler
    startup_stm32f030x6.o(.text) refers (Special) to heapauxi.o(.text) for __use_two_region_memory
    startup_stm32f030x6.o(.text) refers to system_stm32f0xx.o(.text.SystemInit) for SystemInit
    startup_stm32f030x6.o(.text) refers to __main.o(!!!main) for __main
    startup_stm32f030x6.o(.text) refers to startup_stm32f030x6.o(HEAP) for Heap_Mem
    startup_stm32f030x6.o(.text) refers to startup_stm32f030x6.o(STACK) for Stack_Mem
    stanok_math.o(.text.calc_period_pulse) refers to aeabi_sdivfast.o(.text_divfast) for __aeabi_uidiv
    stanok_math.o(.ARM.exidx.text.calc_period_pulse) refers to stanok_math.o(.text.calc_period_pulse) for [Anonymous Symbol]
    drive.o(.text) refers (Special) to _printf_dec.o(.text) for _printf_int_dec
    drive.o(.text) refers (Special) to _printf_percent.o(.ARM.Collect$$_printf_percent$$00000000) for _printf_percent
    drive.o(.text) refers (Special) to _printf_u.o(.ARM.Collect$$_printf_percent$$0000000A) for _printf_u
    drive.o(.text.drive_init) refers (Special) to _printf_dec.o(.text) for _printf_int_dec
    drive.o(.text.drive_init) refers (Special) to _printf_percent.o(.ARM.Collect$$_printf_percent$$00000000) for _printf_percent
    drive.o(.text.drive_init) refers (Special) to _printf_u.o(.ARM.Collect$$_printf_percent$$0000000A) for _printf_u
    drive.o(.text.drive_init) refers to stanok_math.o(.text.calc_period_pulse) for calc_period_pulse
    drive.o(.text.drive_init) refers to drive.o(.bss.status_flag) for status_flag
    drive.o(.ARM.exidx.text.drive_init) refers (Special) to _printf_dec.o(.text) for _printf_int_dec
    drive.o(.ARM.exidx.text.drive_init) refers (Special) to _printf_percent.o(.ARM.Collect$$_printf_percent$$00000000) for _printf_percent
    drive.o(.ARM.exidx.text.drive_init) refers (Special) to _printf_u.o(.ARM.Collect$$_printf_percent$$0000000A) for _printf_u
    drive.o(.ARM.exidx.text.drive_init) refers to drive.o(.text.drive_init) for [Anonymous Symbol]
    drive.o(.text.setup_turn) refers (Special) to _printf_dec.o(.text) for _printf_int_dec
    drive.o(.text.setup_turn) refers (Special) to _printf_percent.o(.ARM.Collect$$_printf_percent$$00000000) for _printf_percent
    drive.o(.text.setup_turn) refers (Special) to _printf_u.o(.ARM.Collect$$_printf_percent$$0000000A) for _printf_u
    drive.o(.text.setup_turn) refers to encoder.o(.text.read_enc_data) for read_enc_data
    drive.o(.text.setup_turn) refers to stanok_math.o(.text.calc_period_pulse) for calc_period_pulse
    drive.o(.ARM.exidx.text.setup_turn) refers (Special) to _printf_dec.o(.text) for _printf_int_dec
    drive.o(.ARM.exidx.text.setup_turn) refers (Special) to _printf_percent.o(.ARM.Collect$$_printf_percent$$00000000) for _printf_percent
    drive.o(.ARM.exidx.text.setup_turn) refers (Special) to _printf_u.o(.ARM.Collect$$_printf_percent$$0000000A) for _printf_u
    drive.o(.ARM.exidx.text.setup_turn) refers to drive.o(.text.setup_turn) for [Anonymous Symbol]
    drive.o(.text.turn_drive_start) refers (Special) to _printf_dec.o(.text) for _printf_int_dec
    drive.o(.text.turn_drive_start) refers (Special) to _printf_percent.o(.ARM.Collect$$_printf_percent$$00000000) for _printf_percent
    drive.o(.text.turn_drive_start) refers (Special) to _printf_u.o(.ARM.Collect$$_printf_percent$$0000000A) for _printf_u
    drive.o(.text.turn_drive_start) refers to tim.o(.text.drive_PWM_start) for drive_PWM_start
    drive.o(.ARM.exidx.text.turn_drive_start) refers (Special) to _printf_dec.o(.text) for _printf_int_dec
    drive.o(.ARM.exidx.text.turn_drive_start) refers (Special) to _printf_percent.o(.ARM.Collect$$_printf_percent$$00000000) for _printf_percent
[...]
    .ARM.Collect$$libshutdown$$00000000      0x08000140   Section        2  libshutdown.o(.ARM.Collect$$libshutdown$$00000000)
    .ARM.Collect$$libshutdown$$00000002      0x08000142   Section        0  libshutdown2.o(.ARM.Collect$$libshutdown$$00000002)
    .ARM.Collect$$libshutdown$$00000004      0x08000142   Section        0  libshutdown2.o(.ARM.Collect$$libshutdown$$00000004)
    .ARM.Collect$$libshutdown$$00000007      0x08000142   Section        0  libshutdown2.o(.ARM.Collect$$libshutdown$$00000007)
    .ARM.Collect$$libshutdown$$0000000A      0x08000142   Section        0  libshutdown2.o(.ARM.Collect$$libshutdown$$0000000A)
    .ARM.Collect$$libshutdown$$0000000C      0x08000142   Section        0  libshutdown2.o(.ARM.Collect$$libshutdown$$0000000C)
    .ARM.Collect$$libshutdown$$0000000F      0x08000142   Section        0  libshutdown2.o(.ARM.Collect$$libshutdown$$0000000F)
    .ARM.Collect$$libshutdown$$00000010      0x08000142   Section        2  libshutdown2.o(.ARM.Collect$$libshutdown$$00000010)
    .ARM.Collect$$rtentry$$00000000          0x08000144   Section        0  __rtentry.o(.ARM.Collect$$rtentry$$00000000)
    .ARM.Collect$$rtentry$$00000002          0x08000144   Section        0  __rtentry2.o(.ARM.Collect$$rtentry$$00000002)
    .ARM.Collect$$rtentry$$00000004          0x08000144   Section        6  __rtentry4.o(.ARM.Collect$$rtentry$$00000004)
    .ARM.Collect$$rtentry$$00000009          0x0800014a   Section        0  __rtentry2.o(.ARM.Collect$$rtentry$$00000009)
    .ARM.Collect$$rtentry$$0000000A          0x0800014a   Section        4  __rtentry2.o(.ARM.Collect$$rtentry$$0000000A)
    .ARM.Collect$$rtentry$$0000000C          0x0800014e   Section        0  __rtentry2.o(.ARM.Collect$$rtentry$$0000000C)
    .ARM.Collect$$rtentry$$0000000D          0x0800014e   Section        8  __rtentry2.o(.ARM.Collect$$rtentry$$0000000D)
    .ARM.Collect$$rtexit$$00000000           0x08000156   Section        2  rtexit.o(.ARM.Collect$$rtexit$$00000000)
    .ARM.Collect$$rtexit$$00000002           0x08000158   Section        0  rtexit2.o(.ARM.Collect$$rtexit$$00000002)
    .ARM.Collect$$rtexit$$00000003           0x08000158   Section        4  rtexit2.o(.ARM.Collect$$rtexit$$00000003)
    .ARM.Collect$$rtexit$$00000004           0x0800015c   Section        6  rtexit2.o(.ARM.Collect$$rtexit$$00000004)
    .text                                    0x08000164   Section       56  startup_stm32f030x6.o(.text)
    .text                                    0x0800019c   Section        0  noretval__2sprintf.o(.text)
    .text                                    0x080001c4   Section        0  __printf.o(.text)
    .text                                    0x08000230   Section        0  _printf_dec.o(.text)
    .text                                    0x0800029c   Section        0  heapauxi.o(.text)
    .text                                    0x080002a2   Section        0  _printf_intcommon.o(.text)
    _printf_input_char                       0x08000355   Thumb Code    10  _printf_char_common.o(.text)
    .text                                    0x08000354   Section        0  _printf_char_common.o(.text)
    .text                                    0x08000384   Section        0  _sputc.o(.text)
    .text                                    0x0800038e   Section        0  rtudiv10.o(.text)
    .text                                    0x080003b6   Section       62  sys_stackheap_outer.o(.text)
    .text                                    0x080003f4   Section        0  exit.o(.text)
    .text                                    0x08000404   Section        8  libspace.o(.text)
    .text                                    0x0800040c   Section        0  sys_exit.o(.text)
    .text                                    0x08000418   Section        2  use_no_semi.o(.text)
    [Anonymous Symbol]                       0x0800041a   Section        0  usart.o(.text.DBG_PutString)
    .text                                    0x0800041a   Section        0  indicate_semi.o(.text)
    [Anonymous Symbol]                       0x08000440   Section        0  tim.o(.text.Delay_Ms)
    __arm_cp.29_0                            0x0800044c   Number         4  tim.o(.text.Delay_Ms)
    [Anonymous Symbol]                       0x08000450   Section        0  gpio.o(.text.Enable_Drive)
    __arm_cp.5_0                             0x08000470   Number         4  gpio.o(.text.Enable_Drive)
    [Anonymous Symbol]                       0x08000474   Section        0  stm32f0xx_it.o(.text.HardFault_Handler)
    [Anonymous Symbol]                       0x08000476   Section        0  main.o(.text.IWDG_Init)
    [Anonymous Symbol]                       0x08000496   Section        0  main.o(.text.IWDG_Reset)
    LL_AHB1_GRP1_EnableClock                 0x080004a1   Thumb Code    24  gpio.o(.text.LL_AHB1_GRP1_EnableClock)
    [Anonymous Symbol]                       0x080004a0   Section        0  gpio.o(.text.LL_AHB1_GRP1_EnableClock)
    LL_AHB1_GRP1_EnableClock                 0x080004b9   Thumb Code    28  tim.o(.text.LL_AHB1_GRP1_EnableClock)
    [Anonymous Symbol]                       0x080004b8   Section        0  tim.o(.text.LL_AHB1_GRP1_EnableClock)
    LL_AHB1_GRP1_EnableClock                 0x080004d5   Thumb Code    28  usart.o(.text.LL_AHB1_GRP1_EnableClock)
    [Anonymous Symbol]                       0x080004d4   Section        0  usart.o(.text.LL_AHB1_GRP1_EnableClock)
    __arm_cp.2_0                             0x080004f0   Number         4  usart.o(.text.LL_AHB1_GRP1_EnableClock)
    LL_APB1_GRP1_EnableClock                 0x080004f5   Thumb Code    28  main.o(.text.LL_APB1_GRP1_EnableClock)
    [Anonymous Symbol]                       0x080004f4   Section        0  main.o(.text.LL_APB1_GRP1_EnableClock)
    LL_APB1_GRP1_EnableClock                 0x08000511   Thumb Code    24  tim.o(.text.LL_APB1_GRP1_EnableClock)
    [Anonymous Symbol]                       0x08000510   Section        0  tim.o(.text.LL_APB1_GRP1_EnableClock)
    __arm_cp.1_0                             0x08000528   Number         4  tim.o(.text.LL_APB1_GRP1_EnableClock)
    LL_APB1_GRP2_EnableClock                 0x0800052d   Thumb Code    24  main.o(.text.LL_APB1_GRP2_EnableClock)
    [Anonymous Symbol]                       0x0800052c   Section        0  main.o(.text.LL_APB1_GRP2_EnableClock)
    LL_APB1_GRP2_EnableClock                 0x08000545   Thumb Code    24  tim.o(.text.LL_APB1_GRP2_EnableClock)
    [Anonymous Symbol]                       0x08000544   Section        0  tim.o(.text.LL_APB1_GRP2_EnableClock)
    LL_APB1_GRP2_EnableClock                 0x0800055d   Thumb Code    28  usart.o(.text.LL_APB1_GRP2_EnableClock)
    [Anonymous Symbol]                       0x0800055c   Section        0  usart.o(.text.LL_APB1_GRP2_EnableClock)
    __arm_cp.1_0                             0x08000578   Number         4  usart.o(.text.LL_APB1_GRP2_EnableClock)
    LL_FLASH_GetLatency                      0x0800057d   Thumb Code    12  main.o(.text.LL_FLASH_GetLatency)
    [Anonymous Symbol]                       0x0800057c   Section        0  main.o(.text.LL_FLASH_GetLatency)
    LL_FLASH_SetLatency                      0x08000589   Thumb Code    12  main.o(.text.LL_FLASH_SetLatency)
    [Anonymous Symbol]                       0x08000588   Section        0  main.o(.text.LL_FLASH_SetLatency)
    __arm_cp.8_0                             0x08000594   Number         4  main.o(.text.LL_FLASH_SetLatency)
    [Anonymous Symbol]                       0x08000598   Section        0  stm32f0xx_ll_gpio.o(.text.LL_GPIO_Init)
    LL_GPIO_IsInputPinSet                    0x08000619   Thumb Code    12  gpio.o(.text.LL_GPIO_IsInputPinSet)
    [Anonymous Symbol]                       0x08000618   Section        0  gpio.o(.text.LL_GPIO_IsInputPinSet)
    __arm_cp.12_0                            0x08000624   Number         4  gpio.o(.text.LL_GPIO_IsInputPinSet)
    LL_GPIO_ResetOutputPin                   0x08000629   Thumb Code     4  gpio.o(.text.LL_GPIO_ResetOutputPin)
    [Anonymous Symbol]                       0x08000628   Section        0  gpio.o(.text.LL_GPIO_ResetOutputPin)
    LL_GPIO_SetAFPin_0_7                     0x0800062d   Thumb Code    20  stm32f0xx_ll_gpio.o(.text.LL_GPIO_SetAFPin_0_7)
    [Anonymous Symbol]                       0x0800062c   Section        0  stm32f0xx_ll_gpio.o(.text.LL_GPIO_SetAFPin_0_7)
    LL_GPIO_SetAFPin_8_15                    0x08000641   Thumb Code    22  stm32f0xx_ll_gpio.o(.text.LL_GPIO_SetAFPin_8_15)
    [Anonymous Symbol]                       0x08000640   Section        0  stm32f0xx_ll_gpio.o(.text.LL_GPIO_SetAFPin_8_15)
    LL_GPIO_SetOutputPin                     0x08000657   Thumb Code     4  gpio.o(.text.LL_GPIO_SetOutputPin)
    [Anonymous Symbol]                       0x08000656   Section        0  gpio.o(.text.LL_GPIO_SetOutputPin)
    LL_GPIO_SetPinMode                       0x0800065b   Thumb Code    18  stm32f0xx_ll_gpio.o(.text.LL_GPIO_SetPinMode)
    [Anonymous Symbol]                       0x0800065a   Section        0  stm32f0xx_ll_gpio.o(.text.LL_GPIO_SetPinMode)
    LL_GPIO_SetPinOutputType                 0x0800066d   Thumb Code    12  stm32f0xx_ll_gpio.o(.text.LL_GPIO_SetPinOutputType)
    [Anonymous Symbol]                       0x0800066c   Section        0  stm32f0xx_ll_gpio.o(.text.LL_GPIO_SetPinOutputType)
    LL_GPIO_SetPinPull                       0x08000679   Thumb Code    18  stm32f0xx_ll_gpio.o(.text.LL_GPIO_SetPinPull)
    [Anonymous Symbol]                       0x08000678   Section        0  stm32f0xx_ll_gpio.o(.text.LL_GPIO_SetPinPull)
    LL_GPIO_SetPinSpeed                      0x0800068b   Thumb Code    18  stm32f0xx_ll_gpio.o(.text.LL_GPIO_SetPinSpeed)
    [Anonymous Symbol]                       0x0800068a   Section        0  stm32f0xx_ll_gpio.o(.text.LL_GPIO_SetPinSpeed)
    LL_IWDG_Enable                           0x0800069d   Thumb Code     8  main.o(.text.LL_IWDG_Enable)
    [Anonymous Symbol]                       0x0800069c   Section        0  main.o(.text.LL_IWDG_Enable)
    __arm_cp.23_1                            0x080006a4   Number         4  main.o(.text.LL_IWDG_Enable)
    LL_IWDG_EnableWriteAccess                0x080006a9   Thumb Code     8  main.o(.text.LL_IWDG_EnableWriteAccess)
    [Anonymous Symbol]                       0x080006a8   Section        0  main.o(.text.LL_IWDG_EnableWriteAccess)
    __arm_cp.24_1                            0x080006b0   Number         4  main.o(.text.LL_IWDG_EnableWriteAccess)
    LL_IWDG_IsReady                          0x080006b5   Thumb Code    16  main.o(.text.LL_IWDG_IsReady)
    [Anonymous Symbol]                       0x080006b4   Section        0  main.o(.text.LL_IWDG_IsReady)
    __arm_cp.27_0                            0x080006c4   Number         4  main.o(.text.LL_IWDG_IsReady)
    LL_IWDG_ReloadCounter                    0x080006c9   Thumb Code     8  main.o(.text.LL_IWDG_ReloadCounter)
    [Anonymous Symbol]                       0x080006c8   Section        0  main.o(.text.LL_IWDG_ReloadCounter)
    __arm_cp.28_0                            0x080006d0   Number         4  main.o(.text.LL_IWDG_ReloadCounter)
    __arm_cp.28_1                            0x080006d4   Number         4  main.o(.text.LL_IWDG_ReloadCounter)
    LL_IWDG_SetPrescaler                     0x080006d9   Thumb Code     8  main.o(.text.LL_IWDG_SetPrescaler)
    [Anonymous Symbol]                       0x080006d8   Section        0  main.o(.text.LL_IWDG_SetPrescaler)
    __arm_cp.25_0                            0x080006e0   Number         4  main.o(.text.LL_IWDG_SetPrescaler)
    LL_IWDG_SetReloadCounter                 0x080006e5   Thumb Code     8  main.o(.text.LL_IWDG_SetReloadCounter)
    [Anonymous Symbol]                       0x080006e4   Section        0  main.o(.text.LL_IWDG_SetReloadCounter)
    __arm_cp.26_0                            0x080006ec   Number         4  main.o(.text.LL_IWDG_SetReloadCounter)
    __arm_cp.26_1                            0x080006f0   Number         4  main.o(.text.LL_IWDG_SetReloadCounter)
    [Anonymous Symbol]                       0x080006f4   Section        0  stm32f0xx_ll_utils.o(.text.LL_Init1msTick)
    LL_InitTick                              0x080006fd   Thumb Code    28  stm32f0xx_ll_utils.o(.text.LL_InitTick)
    [Anonymous Symbol]                       0x080006fc   Section        0  stm32f0xx_ll_utils.o(.text.LL_InitTick)
    __arm_cp.1_0                             0x08000718   Number         4  stm32f0xx_ll_utils.o(.text.LL_InitTick)
    LL_RCC_GetAHBPrescaler                   0x0800071d   Thumb Code    12  stm32f0xx_ll_rcc.o(.text.LL_RCC_GetAHBPrescaler)
    [Anonymous Symbol]                       0x0800071c   Section        0  stm32f0xx_ll_rcc.o(.text.LL_RCC_GetAHBPrescaler)
    LL_RCC_GetAPB1Prescaler                  0x08000729   Thumb Code    12  stm32f0xx_ll_rcc.o(.text.LL_RCC_GetAPB1Prescaler)
    [Anonymous Symbol]                       0x08000728   Section        0  stm32f0xx_ll_rcc.o(.text.LL_RCC_GetAPB1Prescaler)
    LL_RCC_GetSysClkSource                   0x08000735   Thumb Code    12  main.o(.text.LL_RCC_GetSysClkSource)
    [Anonymous Symbol]                       0x08000734   Section        0  main.o(.text.LL_RCC_GetSysClkSource)
    LL_RCC_GetSysClkSource                   0x08000741   Thumb Code    12  stm32f0xx_ll_rcc.o(.text.LL_RCC_GetSysClkSource)
    [Anonymous Symbol]                       0x08000740   Section        0  stm32f0xx_ll_rcc.o(.text.LL_RCC_GetSysClkSource)
    [Anonymous Symbol]                       0x0800074c   Section        0  stm32f0xx_ll_rcc.o(.text.LL_RCC_GetUSARTClockFreq)
    __arm_cp.15_0                            0x08000794   Number         4  stm32f0xx_ll_rcc.o(.text.LL_RCC_GetUSARTClockFreq)
    LL_RCC_GetUSARTClockSource               0x08000799   Thumb Code    12  stm32f0xx_ll_rcc.o(.text.LL_RCC_GetUSARTClockSource)
    [Anonymous Symbol]                       0x08000798   Section        0  stm32f0xx_ll_rcc.o(.text.LL_RCC_GetUSARTClockSource)
    LL_RCC_HSI_Enable                        0x080007a5   Thumb Code    12  main.o(.text.LL_RCC_HSI_Enable)
    [Anonymous Symbol]                       0x080007a4   Section        0  main.o(.text.LL_RCC_HSI_Enable)
    LL_RCC_HSI_IsReady                       0x080007b1   Thumb Code    12  main.o(.text.LL_RCC_HSI_IsReady)
    [Anonymous Symbol]                       0x080007b0   Section        0  main.o(.text.LL_RCC_HSI_IsReady)
    LL_RCC_HSI_IsReady                       0x080007bd   Thumb Code    12  stm32f0xx_ll_rcc.o(.text.LL_RCC_HSI_IsReady)
    [Anonymous Symbol]                       0x080007bc   Section        0  stm32f0xx_ll_rcc.o(.text.LL_RCC_HSI_IsReady)
    LL_RCC_HSI_SetCalibTrimming              0x080007c9   Thumb Code    16  main.o(.text.LL_RCC_HSI_SetCalibTrimming)
    [Anonymous Symbol]                       0x080007c8   Section        0  main.o(.text.LL_RCC_HSI_SetCalibTrimming)
    LL_RCC_LSE_IsReady                       0x080007d9   Thumb Code    12  stm32f0xx_ll_rcc.o(.text.LL_RCC_LSE_IsReady)
    [Anonymous Symbol]                       0x080007d8   Section        0  stm32f0xx_ll_rcc.o(.text.LL_RCC_LSE_IsReady)
    __arm_cp.17_0                            0x080007e4   Number         4  stm32f0xx_ll_rcc.o(.text.LL_RCC_LSE_IsReady)
    LL_RCC_LSI_Enable                        0x080007e9   Thumb Code    12  main.o(.text.LL_RCC_LSI_Enable)
    [Anonymous Symbol]                       0x080007e8   Section        0  main.o(.text.LL_RCC_LSI_Enable)
    LL_RCC_LSI_IsReady                       0x080007f5   Thumb Code    12  main.o(.text.LL_RCC_LSI_IsReady)
    [Anonymous Symbol]                       0x080007f4   Section        0  main.o(.text.LL_RCC_LSI_IsReady)
    __arm_cp.14_0                            0x08000800   Number         4  main.o(.text.LL_RCC_LSI_IsReady)
    LL_RCC_PLL_ConfigDomain_SYS              0x08000805   Thumb Code    28  main.o(.text.LL_RCC_PLL_ConfigDomain_SYS)
    [Anonymous Symbol]                       0x08000804   Section        0  main.o(.text.LL_RCC_PLL_ConfigDomain_SYS)
    LL_RCC_PLL_Enable                        0x08000821   Thumb Code    16  main.o(.text.LL_RCC_PLL_Enable)
    [Anonymous Symbol]                       0x08000820   Section        0  main.o(.text.LL_RCC_PLL_Enable)
    LL_RCC_PLL_GetMainSource                 0x08000831   Thumb Code    12  stm32f0xx_ll_rcc.o(.text.LL_RCC_PLL_GetMainSource)
    [Anonymous Symbol]                       0x08000830   Section        0  stm32f0xx_ll_rcc.o(.text.LL_RCC_PLL_GetMainSource)
    LL_RCC_PLL_GetMultiplicator              0x0800083d   Thumb Code    12  stm32f0xx_ll_rcc.o(.text.LL_RCC_PLL_GetMultiplicator)
    [Anonymous Symbol]                       0x0800083c   Section        0  stm32f0xx_ll_rcc.o(.text.LL_RCC_PLL_GetMultiplicator)
    LL_RCC_PLL_GetPrediv                     0x08000849   Thumb Code    12  stm32f0xx_ll_rcc.o(.text.LL_RCC_PLL_GetPrediv)
    [Anonymous Symbol]                       0x08000848   Section        0  stm32f0xx_ll_rcc.o(.text.LL_RCC_PLL_GetPrediv)
    __arm_cp.24_0                            0x08000854   Number         4  stm32f0xx_ll_rcc.o(.text.LL_RCC_PLL_GetPrediv)
    LL_RCC_PLL_IsReady                       0x08000859   Thumb Code    12  main.o(.text.LL_RCC_PLL_IsReady)
    [Anonymous Symbol]                       0x08000858   Section        0  main.o(.text.LL_RCC_PLL_IsReady)
    __arm_cp.17_0                            0x08000864   Number         4  main.o(.text.LL_RCC_PLL_IsReady)
    LL_RCC_SetAHBPrescaler                   0x08000869   Thumb Code    12  main.o(.text.LL_RCC_SetAHBPrescaler)
    [Anonymous Symbol]                       0x08000868   Section        0  main.o(.text.LL_RCC_SetAHBPrescaler)
    LL_RCC_SetAPB1Prescaler                  0x08000875   Thumb Code    16  main.o(.text.LL_RCC_SetAPB1Prescaler)
    [Anonymous Symbol]                       0x08000874   Section        0  main.o(.text.LL_RCC_SetAPB1Prescaler)
    LL_RCC_SetSysClkSource                   0x08000885   Thumb Code    16  main.o(.text.LL_RCC_SetSysClkSource)
    [Anonymous Symbol]                       0x08000884   Section        0  main.o(.text.LL_RCC_SetSysClkSource)
    __arm_cp.20_0                            0x08000894   Number         4  main.o(.text.LL_RCC_SetSysClkSource)
    LL_RCC_SetUSARTClockSource               0x08000899   Thumb Code    12  main.o(.text.LL_RCC_SetUSARTClockSource)
    [Anonymous Symbol]                       0x08000898   Section        0  main.o(.text.LL_RCC_SetUSARTClockSource)
    __arm_cp.22_0                            0x080008a4   Number         4  main.o(.text.LL_RCC_SetUSARTClockSource)
    [Anonymous Symbol]                       0x080008a8   Section        0  stm32f0xx_ll_utils.o(.text.LL_SetSystemCoreClock)
    __arm_cp.3_0                             0x080008b0   Number         4  stm32f0xx_ll_utils.o(.text.LL_SetSystemCoreClock)
    LL_TIM_CC_DisableChannel                 0x080008b5   Thumb Code    12  tim.o(.text.LL_TIM_CC_DisableChannel)
    [Anonymous Symbol]                       0x080008b4   Section        0  tim.o(.text.LL_TIM_CC_DisableChannel)
    __arm_cp.23_0                            0x080008c0   Number         4  tim.o(.text.LL_TIM_CC_DisableChannel)
    LL_TIM_CC_EnableChannel                  0x080008c5   Thumb Code     8  tim.o(.text.LL_TIM_CC_EnableChannel)
    [Anonymous Symbol]                       0x080008c4   Section        0  tim.o(.text.LL_TIM_CC_EnableChannel)
    LL_TIM_ClearFlag_UPDATE                  0x080008cd   Thumb Code     8  tim.o(.text.LL_TIM_ClearFlag_UPDATE)
    [Anonymous Symbol]                       0x080008cc   Section        0  tim.o(.text.LL_TIM_ClearFlag_UPDATE)
    LL_TIM_DisableARRPreload                 0x080008d5   Thumb Code    10  tim.o(.text.LL_TIM_DisableARRPreload)
    [Anonymous Symbol]                       0x080008d4   Section        0  tim.o(.text.LL_TIM_DisableARRPreload)
    LL_TIM_DisableCounter                    0x080008e1   Thumb Code    12  gpio.o(.text.LL_TIM_DisableCounter)
    [Anonymous Symbol]                       0x080008e0   Section        0  gpio.o(.text.LL_TIM_DisableCounter)
    LL_TIM_DisableCounter                    0x080008ed   Thumb Code    10  tim.o(.text.LL_TIM_DisableCounter)
    [Anonymous Symbol]                       0x080008ec   Section        0  tim.o(.text.LL_TIM_DisableCounter)
    LL_TIM_DisableMasterSlaveMode            0x080008f9   Thumb Code    12  tim.o(.text.LL_TIM_DisableMasterSlaveMode)
    [Anonymous Symbol]                       0x080008f8   Section        0  tim.o(.text.LL_TIM_DisableMasterSlaveMode)
    LL_TIM_EnableCounter                     0x08000905   Thumb Code    10  tim.o(.text.LL_TIM_EnableCounter)
    [Anonymous Symbol]                       0x08000904   Section        0  tim.o(.text.LL_TIM_EnableCounter)
    LL_TIM_EnableIT_UPDATE                   0x08000911   Thumb Code    12  tim.o(.text.LL_TIM_EnableIT_UPDATE)
    [Anonymous Symbol]                       0x08000910   Section        0  tim.o(.text.LL_TIM_EnableIT_UPDATE)
    __arm_cp.36_0                            0x0800091c   Number         4  tim.o(.text.LL_TIM_EnableIT_UPDATE)
    LL_TIM_GenerateEvent_UPDATE              0x08000921   Thumb Code    10  stm32f0xx_ll_tim.o(.text.LL_TIM_GenerateEvent_UPDATE)
    [Anonymous Symbol]                       0x08000920   Section        0  stm32f0xx_ll_tim.o(.text.LL_TIM_GenerateEvent_UPDATE)
    LL_TIM_IC_SetActiveInput                 0x0800092d   Thumb Code    56  tim.o(.text.LL_TIM_IC_SetActiveInput)
    [Anonymous Symbol]                       0x0800092c   Section        0  tim.o(.text.LL_TIM_IC_SetActiveInput)
    LL_TIM_IC_SetFilter                      0x08000965   Thumb Code    56  tim.o(.text.LL_TIM_IC_SetFilter)
    [Anonymous Symbol]                       0x08000964   Section        0  tim.o(.text.LL_TIM_IC_SetFilter)
    LL_TIM_IC_SetPolarity                    0x0800099d   Thumb Code    44  tim.o(.text.LL_TIM_IC_SetPolarity)
    [Anonymous Symbol]                       0x0800099c   Section        0  tim.o(.text.LL_TIM_IC_SetPolarity)
    SHIFT_TAB_CCxP                           0x080009c8   Number         0  tim.o(.text.LL_TIM_IC_SetPolarity)
    __arm_cp.7_1                             0x080009d0   Number         4  tim.o(.text.LL_TIM_IC_SetPolarity)
    LL_TIM_IC_SetPrescaler                   0x080009d5   Thumb Code    48  tim.o(.text.LL_TIM_IC_SetPrescaler)
    [Anonymous Symbol]                       0x080009d4   Section        0  tim.o(.text.LL_TIM_IC_SetPrescaler)
    __arm_cp.5_0                             0x08000a04   Number         4  tim.o(.text.LL_TIM_IC_SetPrescaler)
    __arm_cp.5_1                             0x08000a08   Number         4  tim.o(.text.LL_TIM_IC_SetPrescaler)
    __arm_cp.5_2                             0x08000a0c   Number         4  tim.o(.text.LL_TIM_IC_SetPrescaler)
    [Anonymous Symbol]                       0x08000a10   Section        0  stm32f0xx_ll_tim.o(.text.LL_TIM_Init)
    __arm_cp.6_0                             0x08000a98   Number         4  stm32f0xx_ll_tim.o(.text.LL_TIM_Init)
    __arm_cp.6_1                             0x08000a9c   Number         4  stm32f0xx_ll_tim.o(.text.LL_TIM_Init)
    __arm_cp.6_2                             0x08000aa0   Number         4  stm32f0xx_ll_tim.o(.text.LL_TIM_Init)
    __arm_cp.6_3                             0x08000aa4   Number         4  stm32f0xx_ll_tim.o(.text.LL_TIM_Init)
    __arm_cp.6_4                             0x08000aa8   Number         4  stm32f0xx_ll_tim.o(.text.LL_TIM_Init)
    LL_TIM_IsActiveFlag_UPDATE               0x08000aad   Thumb Code     8  tim.o(.text.LL_TIM_IsActiveFlag_UPDATE)
    [Anonymous Symbol]                       0x08000aac   Section        0  tim.o(.text.LL_TIM_IsActiveFlag_UPDATE)
    LL_TIM_OC_DisableFast                    0x08000ab5   Thumb Code    12  tim.o(.text.LL_TIM_OC_DisableFast)
    [Anonymous Symbol]                       0x08000ab4   Section        0  tim.o(.text.LL_TIM_OC_DisableFast)
    LL_TIM_OC_EnablePreload                  0x08000ac1   Thumb Code    12  tim.o(.text.LL_TIM_OC_EnablePreload)
    [Anonymous Symbol]                       0x08000ac0   Section        0  tim.o(.text.LL_TIM_OC_EnablePreload)
    __arm_cp.12_0                            0x08000acc   Number         4  tim.o(.text.LL_TIM_OC_EnablePreload)
    [Anonymous Symbol]                       0x08000ad0   Section        0  stm32f0xx_ll_tim.o(.text.LL_TIM_OC_Init)
    LL_TIM_OC_SetCompareCH1                  0x08000b21   Thumb Code     8  tim.o(.text.LL_TIM_OC_SetCompareCH1)
    [Anonymous Symbol]                       0x08000b20   Section        0  tim.o(.text.LL_TIM_OC_SetCompareCH1)
    __arm_cp.16_0                            0x08000b28   Number         4  tim.o(.text.LL_TIM_OC_SetCompareCH1)
    LL_TIM_OC_SetCompareCH1                  0x08000b2d   Thumb Code     4  stm32f0xx_ll_tim.o(.text.LL_TIM_OC_SetCompareCH1)
    [Anonymous Symbol]                       0x08000b2c   Section        0  stm32f0xx_ll_tim.o(.text.LL_TIM_OC_SetCompareCH1)
    LL_TIM_OC_SetCompareCH2                  0x08000b31   Thumb Code     4  stm32f0xx_ll_tim.o(.text.LL_TIM_OC_SetCompareCH2)
    [Anonymous Symbol]                       0x08000b30   Section        0  stm32f0xx_ll_tim.o(.text.LL_TIM_OC_SetCompareCH2)
    LL_TIM_OC_SetCompareCH3                  0x08000b35   Thumb Code     4  stm32f0xx_ll_tim.o(.text.LL_TIM_OC_SetCompareCH3)
    [Anonymous Symbol]                       0x08000b34   Section        0  stm32f0xx_ll_tim.o(.text.LL_TIM_OC_SetCompareCH3)
    LL_TIM_OC_SetCompareCH4                  0x08000b39   Thumb Code     4  stm32f0xx_ll_tim.o(.text.LL_TIM_OC_SetCompareCH4)
    [Anonymous Symbol]                       0x08000b38   Section        0  stm32f0xx_ll_tim.o(.text.LL_TIM_OC_SetCompareCH4)
    LL_TIM_SetAutoReload                     0x08000b3d   Thumb Code     4  tim.o(.text.LL_TIM_SetAutoReload)
    [Anonymous Symbol]                       0x08000b3c   Section        0  tim.o(.text.LL_TIM_SetAutoReload)
    LL_TIM_SetAutoReload                     0x08000b41   Thumb Code     4  stm32f0xx_ll_tim.o(.text.LL_TIM_SetAutoReload)
    [Anonymous Symbol]                       0x08000b40   Section        0  stm32f0xx_ll_tim.o(.text.LL_TIM_SetAutoReload)
    LL_TIM_SetCounter                        0x08000b45   Thumb Code     4  tim.o(.text.LL_TIM_SetCounter)
    [Anonymous Symbol]                       0x08000b44   Section        0  tim.o(.text.LL_TIM_SetCounter)
    LL_TIM_SetEncoderMode                    0x08000b49   Thumb Code    16  tim.o(.text.LL_TIM_SetEncoderMode)
    [Anonymous Symbol]                       0x08000b48   Section        0  tim.o(.text.LL_TIM_SetEncoderMode)
    __arm_cp.3_0                             0x08000b58   Number         4  tim.o(.text.LL_TIM_SetEncoderMode)
    LL_TIM_SetPrescaler                      0x08000b5d   Thumb Code     4  stm32f0xx_ll_tim.o(.text.LL_TIM_SetPrescaler)
    [Anonymous Symbol]                       0x08000b5c   Section        0  stm32f0xx_ll_tim.o(.text.LL_TIM_SetPrescaler)
    LL_TIM_SetRepetitionCounter              0x08000b61   Thumb Code     4  stm32f0xx_ll_tim.o(.text.LL_TIM_SetRepetitionCounter)
    [Anonymous Symbol]                       0x08000b60   Section        0  stm32f0xx_ll_tim.o(.text.LL_TIM_SetRepetitionCounter)
    LL_TIM_SetTriggerOutput                  0x08000b65   Thumb Code    12  tim.o(.text.LL_TIM_SetTriggerOutput)
    [Anonymous Symbol]                       0x08000b64   Section        0  tim.o(.text.LL_TIM_SetTriggerOutput)
    __arm_cp.9_0                             0x08000b70   Number         4  tim.o(.text.LL_TIM_SetTriggerOutput)
    LL_USART_ConfigAsyncMode                 0x08000b75   Thumb Code    24  usart.o(.text.LL_USART_ConfigAsyncMode)
    [Anonymous Symbol]                       0x08000b74   Section        0  usart.o(.text.LL_USART_ConfigAsyncMode)
    __arm_cp.4_0                             0x08000b8c   Number         4  usart.o(.text.LL_USART_ConfigAsyncMode)
    LL_USART_DisableIT_CTS                   0x08000b91   Thumb Code    16  usart.o(.text.LL_USART_DisableIT_CTS)
    [Anonymous Symbol]                       0x08000b90   Section        0  usart.o(.text.LL_USART_DisableIT_CTS)
    __arm_cp.3_0                             0x08000ba0   Number         4  usart.o(.text.LL_USART_DisableIT_CTS)
    LL_USART_Enable                          0x08000ba5   Thumb Code    12  usart.o(.text.LL_USART_Enable)
    [Anonymous Symbol]                       0x08000ba4   Section        0  usart.o(.text.LL_USART_Enable)
    [Anonymous Symbol]                       0x08000bb0   Section        0  stm32f0xx_ll_usart.o(.text.LL_USART_Init)
    __arm_cp.3_0                             0x08000c1c   Number         4  stm32f0xx_ll_usart.o(.text.LL_USART_Init)
    LL_USART_IsActiveFlag_TC                 0x08000c21   Thumb Code    12  usart.o(.text.LL_USART_IsActiveFlag_TC)
    [Anonymous Symbol]                       0x08000c20   Section        0  usart.o(.text.LL_USART_IsActiveFlag_TC)
    __arm_cp.7_0                             0x08000c2c   Number         4  usart.o(.text.LL_USART_IsActiveFlag_TC)
    LL_USART_IsEnabled                       0x08000c31   Thumb Code     8  stm32f0xx_ll_usart.o(.text.LL_USART_IsEnabled)
    [Anonymous Symbol]                       0x08000c30   Section        0  stm32f0xx_ll_usart.o(.text.LL_USART_IsEnabled)
    LL_USART_SetBaudRate                     0x08000c39   Thumb Code    56  stm32f0xx_ll_usart.o(.text.LL_USART_SetBaudRate)
    [Anonymous Symbol]                       0x08000c38   Section        0  stm32f0xx_ll_usart.o(.text.LL_USART_SetBaudRate)
    __arm_cp.7_0                             0x08000c70   Number         4  stm32f0xx_ll_usart.o(.text.LL_USART_SetBaudRate)
    LL_USART_SetHWFlowCtrl                   0x08000c75   Thumb Code    14  stm32f0xx_ll_usart.o(.text.LL_USART_SetHWFlowCtrl)
    [Anonymous Symbol]                       0x08000c74   Section        0  stm32f0xx_ll_usart.o(.text.LL_USART_SetHWFlowCtrl)
    LL_USART_SetStopBitsLength               0x08000c83   Thumb Code    14  stm32f0xx_ll_usart.o(.text.LL_USART_SetStopBitsLength)
    [Anonymous Symbol]                       0x08000c82   Section        0  stm32f0xx_ll_usart.o(.text.LL_USART_SetStopBitsLength)
    LL_USART_TransmitData8                   0x08000c91   Thumb Code     8  usart.o(.text.LL_USART_TransmitData8)
    [Anonymous Symbol]                       0x08000c90   Section        0  usart.o(.text.LL_USART_TransmitData8)
    __arm_cp.8_0                             0x08000c98   Number         4  usart.o(.text.LL_USART_TransmitData8)
    [Anonymous Symbol]                       0x08000c9c   Section        0  gpio.o(.text.MX_GPIO_Init)
    __arm_cp.0_0                             0x08000d14   Number         4  gpio.o(.text.MX_GPIO_Init)
    __arm_cp.0_1                             0x08000d18   Number         4  gpio.o(.text.MX_GPIO_Init)
    [Anonymous Symbol]                       0x08000d1c   Section        0  tim.o(.text.MX_TIM14_Init)
    __arm_cp.11_0                            0x08000db4   Number         4  tim.o(.text.MX_TIM14_Init)
    __arm_cp.11_1                            0x08000db8   Number         4  tim.o(.text.MX_TIM14_Init)
    [Anonymous Symbol]                       0x08000dbc   Section        0  tim.o(.text.MX_TIM3_Init)
    __arm_cp.0_0                             0x08000e78   Number         4  tim.o(.text.MX_TIM3_Init)
    __arm_cp.0_1                             0x08000e7c   Number         4  tim.o(.text.MX_TIM3_Init)
    [Anonymous Symbol]                       0x08000e80   Section        0  usart.o(.text.MX_USART1_UART_Init)
    __arm_cp.0_0                             0x08000f14   Number         4  usart.o(.text.MX_USART1_UART_Init)
    [Anonymous Symbol]                       0x08000f18   Section        0  stm32f0xx_it.o(.text.NMI_Handler)
    OC1Config                                0x08000f1d   Thumb Code   124  stm32f0xx_ll_tim.o(.text.OC1Config)
    [Anonymous Symbol]                       0x08000f1c   Section        0  stm32f0xx_ll_tim.o(.text.OC1Config)
    OC2Config                                0x08000f99   Thumb Code   140  stm32f0xx_ll_tim.o(.text.OC2Config)
    [Anonymous Symbol]                       0x08000f98   Section        0  stm32f0xx_ll_tim.o(.text.OC2Config)
    __arm_cp.14_3                            0x08001024   Number         4  stm32f0xx_ll_tim.o(.text.OC2Config)
    OC3Config                                0x08001029   Thumb Code   140  stm32f0xx_ll_tim.o(.text.OC3Config)
    [Anonymous Symbol]                       0x08001028   Section        0  stm32f0xx_ll_tim.o(.text.OC3Config)
    __arm_cp.15_0                            0x080010b4   Number         4  stm32f0xx_ll_tim.o(.text.OC3Config)
    __arm_cp.15_4                            0x080010b8   Number         4  stm32f0xx_ll_tim.o(.text.OC3Config)
    OC4Config                                0x080010bd   Thumb Code   112  stm32f0xx_ll_tim.o(.text.OC4Config)
    [Anonymous Symbol]                       0x080010bc   Section        0  stm32f0xx_ll_tim.o(.text.OC4Config)
    __arm_cp.16_0                            0x0800112c   Number         4  stm32f0xx_ll_tim.o(.text.OC4Config)
    __arm_cp.16_2                            0x08001130   Number         4  stm32f0xx_ll_tim.o(.text.OC4Config)
    [Anonymous Symbol]                       0x08001134   Section        0  stm32f0xx_it.o(.text.PendSV_Handler)
    [Anonymous Symbol]                       0x08001138   Section        0  stm32f0xx_ll_rcc.o(.text.RCC_GetHCLKClockFreq)
    __arm_cp.13_0                            0x08001150   Number         4  stm32f0xx_ll_rcc.o(.text.RCC_GetHCLKClockFreq)
    [Anonymous Symbol]                       0x08001154   Section        0  stm32f0xx_ll_rcc.o(.text.RCC_GetPCLK1ClockFreq)
    __arm_cp.14_0                            0x08001168   Number         4  stm32f0xx_ll_rcc.o(.text.RCC_GetPCLK1ClockFreq)
    [Anonymous Symbol]                       0x0800116c   Section        0  stm32f0xx_ll_rcc.o(.text.RCC_GetSystemClockFreq)
    [Anonymous Symbol]                       0x08001180   Section        0  stm32f0xx_ll_rcc.o(.text.RCC_PLL_GetFreqDomain_SYS)
    __arm_cp.20_0                            0x080011c0   Number         4  stm32f0xx_ll_rcc.o(.text.RCC_PLL_GetFreqDomain_SYS)
    __arm_cp.20_1                            0x080011c4   Number         4  stm32f0xx_ll_rcc.o(.text.RCC_PLL_GetFreqDomain_SYS)
    Read_Status_Sensor                       0x080011c9   Thumb Code    10  gpio.o(.text.Read_Status_Sensor)
    [Anonymous Symbol]                       0x080011c8   Section        0  gpio.o(.text.Read_Status_Sensor)
    [Anonymous Symbol]                       0x080011d2   Section        0  stm32f0xx_it.o(.text.SVC_Handler)
    [Anonymous Symbol]                       0x080011d4   Section        0  gpio.o(.text.Select_Drive_Direction)
    [Anonymous Symbol]                       0x080011f6   Section        0  stm32f0xx_it.o(.text.SysTick_Handler)
    [Anonymous Symbol]                       0x08001200   Section        0  main.o(.text.SysTick_Init)
    __arm_cp.6_0                             0x08001220   Number         4  main.o(.text.SysTick_Init)
    __arm_cp.6_1                             0x08001224   Number         4  main.o(.text.SysTick_Init)
    [Anonymous Symbol]                       0x08001228   Section        0  main.o(.text.SystemClock_Config)
    __arm_cp.4_0                             0x0800128c   Number         4  main.o(.text.SystemClock_Config)
    [Anonymous Symbol]                       0x08001290   Section        0  system_stm32f0xx.o(.text.SystemInit)
    [Anonymous Symbol]                       0x08001294   Section        0  tim.o(.text.TIM17_IRQHandler)
    __arm_cp.28_0                            0x080012b0   Number         4  tim.o(.text.TIM17_IRQHandler)
    [Anonymous Symbol]                       0x080012b4   Section        0  tim.o(.text.TIM_DelayMs_Callback)
    __arm_cp.30_0                            0x080012c4   Number         4  tim.o(.text.TIM_DelayMs_Callback)
    [Anonymous Symbol]                       0x080012c8   Section        0  gpio.o(.text.Timer_Bounce_Callback)
    __arm_cp.10_0                            0x080012e8   Number         4  gpio.o(.text.Timer_Bounce_Callback)
    __arm_cp.10_1                            0x080012ec   Number         4  gpio.o(.text.Timer_Bounce_Callback)
    __NVIC_EnableIRQ                         0x08001301   Thumb Code    12  tim.o(.text.__NVIC_EnableIRQ)
    [Anonymous Symbol]                       0x08001300   Section        0  tim.o(.text.__NVIC_EnableIRQ)
    __arm_cp.38_0                            0x0800130c   Number         4  tim.o(.text.__NVIC_EnableIRQ)
    __NVIC_SetPriority                       0x08001311   Thumb Code    20  main.o(.text.__NVIC_SetPriority)
    [Anonymous Symbol]                       0x08001310   Section        0  main.o(.text.__NVIC_SetPriority)
    __arm_cp.3_0                             0x08001324   Number         4  main.o(.text.__NVIC_SetPriority)
    __NVIC_SetPriority                       0x08001329   Thumb Code    20  tim.o(.text.__NVIC_SetPriority)
    [Anonymous Symbol]                       0x08001328   Section        0  tim.o(.text.__NVIC_SetPriority)
    __arm_cp.37_0                            0x0800133c   Number         4  tim.o(.text.__NVIC_SetPriority)
    [Anonymous Symbol]                       0x08001340   Section        0  stanok_math.o(.text.calc_period_pulse)
    __arm_cp.0_0                             0x08001360   Number         4  stanok_math.o(.text.calc_period_pulse)
    [Anonymous Symbol]                       0x08001364   Section        0  tim.o(.text.drive_PWM_mod)
    [Anonymous Symbol]                       0x08001384   Section        0  tim.o(.text.drive_PWM_start)
    [Anonymous Symbol]                       0x080013b8   Section        0  tim.o(.text.drive_PWM_stop)
    __arm_cp.22_0                            0x080013c8   Number         4  tim.o(.text.drive_PWM_stop)
    [Anonymous Symbol]                       0x080013cc   Section        0  drive.o(.text.drive_init)
    encoder_init                             0x080013e5   Thumb Code    36  tim.o(.text.encoder_init)
    [Anonymous Symbol]                       0x080013e4   Section        0  tim.o(.text.encoder_init)
    __arm_cp.32_0                            0x08001408   Number         4  tim.o(.text.encoder_init)
    __arm_cp.32_1                            0x0800140c   Number         4  tim.o(.text.encoder_init)
    [Anonymous Symbol]                       0x08001410   Section        0  gpio.o(.text.init_status_sensor)
    [Anonymous Symbol]                       0x08001434   Section        0  main.o(.text.main)
    __arm_cp.0_0                             0x080014a0   Number         4  main.o(.text.main)
    __arm_cp.0_2                             0x080014a4   Number         4  main.o(.text.main)
    [Anonymous Symbol]                       0x080014a8   Section        0  drive.o(.text.main_loop)
    __arm_cp.6_0                             0x08001558   Number         4  drive.o(.text.main_loop)
    __arm_cp.6_1                             0x0800155c   Number         4  drive.o(.text.main_loop)
    __arm_cp.6_3                             0x08001574   Number         4  drive.o(.text.main_loop)
    [Anonymous Symbol]                       0x08001578   Section        0  tim.o(.text.repeat_time)
    __arm_cp.27_0                            0x0800159c   Number         4  tim.o(.text.repeat_time)
    [Anonymous Symbol]                       0x080015a0   Section        0  gpio.o(.text.status_sensor_machine)
    __arm_cp.8_0                             0x08001644   Number         4  gpio.o(.text.status_sensor_machine)
    __arm_cp.8_1                             0x08001648   Number         4  gpio.o(.text.status_sensor_machine)
    __arm_cp.8_2                             0x0800164c   Number         4  gpio.o(.text.status_sensor_machine)
    __arm_cp.8_3                             0x08001650   Number         4  gpio.o(.text.status_sensor_machine)
    tim_delay_init                           0x08001655   Thumb Code    56  tim.o(.text.tim_delay_init)
    [Anonymous Symbol]                       0x08001654   Section        0  tim.o(.text.tim_delay_init)
    __arm_cp.33_0                            0x0800168c   Number         4  tim.o(.text.tim_delay_init)
    timer_bounce_init                        0x08001691   Thumb Code    76  tim.o(.text.timer_bounce_init)
    [Anonymous Symbol]                       0x08001690   Section        0  tim.o(.text.timer_bounce_init)
    __arm_cp.34_0                            0x080016dc   Number         4  tim.o(.text.timer_bounce_init)
    __arm_cp.34_1                            0x080016e0   Number         4  tim.o(.text.timer_bounce_init)
    __arm_cp.34_2                            0x080016e4   Number         4  tim.o(.text.timer_bounce_init)
    [Anonymous Symbol]                       0x080016e8   Section        0  tim.o(.text.timers_init)
    [Anonymous Symbol]                       0x080016f8   Section        0  drive.o(.text.turn_drive_soft_start)
    __arm_cp.3_0                             0x08001738   Number         4  drive.o(.text.turn_drive_soft_start)
    [Anonymous Symbol]                       0x0800173c   Section        0  drive.o(.text.turn_drive_stop)
    .text_divfast                            0x08001744   Section      502  aeabi_sdivfast.o(.text_divfast)
    OFFSET_TAB_CCMRx                         0x08001952   Data           7  tim.o(.rodata.OFFSET_TAB_CCMRx)
    [Anonymous Symbol]                       0x08001952   Section        0  tim.o(.rodata.OFFSET_TAB_CCMRx)
    SHIFT_TAB_ICxx                           0x08001959   Data           7  tim.o(.rodata.SHIFT_TAB_ICxx)
    [Anonymous Symbol]                       0x08001959   Section        0  tim.o(.rodata.SHIFT_TAB_ICxx)
    status_sensor_machine.reliability_count  0x20000005   Data           1  gpio.o(.data.status_sensor_machine.reliability_count)
    [Anonymous Symbol]                       0x20000005   Section        0  gpio.o(.data.status_sensor_machine.reliability_count)
    .bss                                     0x20000008   Section       96  libspace.o(.bss)
    Heap_Mem                                 0x200000c0   Data         256  startup_stm32f030x6.o(HEAP)
    HEAP                                     0x200000c0   Section      256  startup_stm32f030x6.o(HEAP)
    Stack_Mem                                0x200001c0   Data        1024  startup_stm32f030x6.o(STACK)
    STACK                                    0x200001c0   Section     1024  startup_stm32f030x6.o(STACK)
    __initial_sp                             0x200005c0   Data           0  startup_stm32f030x6.o(STACK)

    Global Symbols

    Symbol Name                              Value     Ov Type        Size  Object(Section)

    BuildAttributes$$THM_ISAv3M$S$PE$A:L22$X:L11$S22$IEEE1$IW$~IW$USESV6$~STKCKD$USESV7$~SHL$OTIME$ROPI$EBA8$UX$STANDARDLIB$REQ8$PRES8$EABIv2 0x00000000   Number         0  anon$$obj.o ABSOLUTE
    __ARM_exceptions_init                     - Undefined Weak Reference
    __alloca_initialize                       - Undefined Weak Reference
    __arm_preinit_                            - Undefined Weak Reference
    __cpp_initialize__aeabi_                  - Undefined Weak Reference
    __cxa_finalize                            - Undefined Weak Reference
    __rt_locale                               - Undefined Weak Reference
    __sigvec_lookup                           - Undefined Weak Reference
    _atexit_init                              - Undefined Weak Reference
    _call_atexit_fns                          - Undefined Weak Reference
    _clock_init                               - Undefined Weak Reference
    _fp_trap_init                             - Undefined Weak Reference
    _fp_trap_shutdown                         - Undefined Weak Reference
    _get_lc_collate                           - Undefined Weak Reference
    _get_lc_ctype                             - Undefined Weak Reference
    _get_lc_monetary                          - Undefined Weak Reference
    _get_lc_numeric                           - Undefined Weak Reference
    _get_lc_time                              - Undefined Weak Reference
    _getenv_init                              - Undefined Weak Reference
    _handle_redirection                       - Undefined Weak Reference
    _init_alloc                               - Undefined Weak Reference
    _init_user_alloc                          - Undefined Weak Reference
    _initio                                   - Undefined Weak Reference
    _printf_post_padding                      - Undefined Weak Reference
    _printf_pre_padding                       - Undefined Weak Reference
    _printf_truncate_signed                   - Undefined Weak Reference
    _printf_truncate_unsigned                 - Undefined Weak Reference
    _rand_init                                - Undefined Weak Reference
    _signal_finish                            - Undefined Weak Reference
    _signal_init                              - Undefined Weak Reference
    _terminate_alloc                          - Undefined Weak Reference
    _terminate_user_alloc                     - Undefined Weak Reference
    _terminateio                              - Undefined Weak Reference
    __Vectors_Size                           0x000000b0   Number         0  startup_stm32f030x6.o ABSOLUTE
    __Vectors                                0x08000000   Data           4  startup_stm32f030x6.o(RESET)
    __Vectors_End                            0x080000b0   Data           0  startup_stm32f030x6.o(RESET)
    __main                                   0x080000b1   Thumb Code     8  __main.o(!!!main)
    __scatterload                            0x080000b9   Thumb Code     0  __scatter.o(!!!scatter)
    __scatterload_rt2                        0x080000b9   Thumb Code    52  __scatter.o(!!!scatter)
    __scatterload_rt2_thumb_only             0x080000b9   Thumb Code     0  __scatter.o(!!!scatter)
    __scatterload_null                       0x080000c9   Thumb Code     0  __scatter.o(!!!scatter)
    __scatterload_copy                       0x080000f5   Thumb Code    26  __scatter_copy.o(!!handler_copy)
    __scatterload_zeroinit                   0x08000111   Thumb Code    28  __scatter_zi.o(!!handler_zi)
    _printf_percent                          0x0800012d   Thumb Code     0  _printf_percent.o(.ARM.Collect$$_printf_percent$$00000000)
    _printf_u                                0x0800012f   Thumb Code     0  _printf_u.o(.ARM.Collect$$_printf_percent$$0000000A)
    _printf_percent_end                      0x08000139   Thumb Code     0  _printf_percent_end.o(.ARM.Collect$$_printf_percent$$00000017)
    __rt_lib_init                            0x0800013d   Thumb Code     0  libinit.o(.ARM.Collect$$libinit$$00000000)
    __rt_lib_init_alloca_1                   0x0800013f   Thumb Code     0  libinit2.o(.ARM.Collect$$libinit$$0000002E)
    __rt_lib_init_argv_1                     0x0800013f   Thumb Code     0  libinit2.o(.ARM.Collect$$libinit$$0000002C)
    __rt_lib_init_atexit_1                   0x0800013f   Thumb Code     0  libinit2.o(.ARM.Collect$$libinit$$0000001B)
    __rt_lib_init_clock_1                    0x0800013f   Thumb Code     0  libinit2.o(.ARM.Collect$$libinit$$00000021)
    __rt_lib_init_cpp_1                      0x0800013f   Thumb Code     0  libinit2.o(.ARM.Collect$$libinit$$00000032)
    __rt_lib_init_exceptions_1               0x0800013f   Thumb Code     0  libinit2.o(.ARM.Collect$$libinit$$00000030)
    __rt_lib_init_fp_1                       0x0800013f   Thumb Code     0  libinit2.o(.ARM.Collect$$libinit$$00000002)
    __rt_lib_init_fp_trap_1                  0x0800013f   Thumb Code     0  libinit2.o(.ARM.Collect$$libinit$$0000001F)
    __rt_lib_init_getenv_1                   0x0800013f   Thumb Code     0  libinit2.o(.ARM.Collect$$libinit$$00000023)
    __rt_lib_init_heap_1                     0x0800013f   Thumb Code     0  libinit2.o(.ARM.Collect$$libinit$$0000000A)
    __rt_lib_init_lc_collate_1               0x0800013f   Thumb Code     0  libinit2.o(.ARM.Collect$$libinit$$00000011)
    __rt_lib_init_lc_ctype_1                 0x0800013f   Thumb Code     0  libinit2.o(.ARM.Collect$$libinit$$00000013)
    __rt_lib_init_lc_monetary_1              0x0800013f   Thumb Code     0  libinit2.o(.ARM.Collect$$libinit$$00000015)
    __rt_lib_init_lc_numeric_1               0x0800013f   Thumb Code     0  libinit2.o(.ARM.Collect$$libinit$$00000017)
    __rt_lib_init_lc_time_1                  0x0800013f   Thumb Code     0  libinit2.o(.ARM.Collect$$libinit$$00000019)
    __rt_lib_init_preinit_1                  0x0800013f   Thumb Code     0  libinit2.o(.ARM.Collect$$libinit$$00000004)
    __rt_lib_init_rand_1                     0x0800013f   Thumb Code     0  libinit2.o(.ARM.Collect$$libinit$$0000000E)
    __rt_lib_init_return                     0x0800013f   Thumb Code     0  libinit2.o(.ARM.Collect$$libinit$$00000033)
    __rt_lib_init_signal_1                   0x0800013f   Thumb Code     0  libinit2.o(.ARM.Collect$$libinit$$0000001D)
    __rt_lib_init_stdio_1                    0x0800013f   Thumb Code     0  libinit2.o(.ARM.Collect$$libinit$$00000025)
    __rt_lib_init_user_alloc_1               0x0800013f   Thumb Code     0  libinit2.o(.ARM.Collect$$libinit$$0000000C)
    __rt_lib_shutdown                        0x08000141   Thumb Code     0  libshutdown.o(.ARM.Collect$$libshutdown$$00000000)
    __rt_lib_shutdown_cpp_1                  0x08000143   Thumb Code     0  libshutdown2.o(.ARM.Collect$$libshutdown$$00000002)
    __rt_lib_shutdown_fp_trap_1              0x08000143   Thumb Code     0  libshutdown2.o(.ARM.Collect$$libshutdown$$00000007)
    __rt_lib_shutdown_heap_1                 0x08000143   Thumb Code     0  libshutdown2.o(.ARM.Collect$$libshutdown$$0000000F)
    __rt_lib_shutdown_return                 0x08000143   Thumb Code     0  libshutdown2.o(.ARM.Collect$$libshutdown$$00000010)
    __rt_lib_shutdown_signal_1               0x08000143   Thumb Code     0  libshutdown2.o(.ARM.Collect$$libshutdown$$0000000A)
    __rt_lib_shutdown_stdio_1                0x08000143   Thumb Code     0  libshutdown2.o(.ARM.Collect$$libshutdown$$00000004)
    __rt_lib_shutdown_user_alloc_1           0x08000143   Thumb Code     0  libshutdown2.o(.ARM.Collect$$libshutdown$$0000000C)
    __rt_entry                               0x08000145   Thumb Code     0  __rtentry.o(.ARM.Collect$$rtentry$$00000000)
    __rt_entry_presh_1                       0x08000145   Thumb Code     0  __rtentry2.o(.ARM.Collect$$rtentry$$00000002)
    __rt_entry_sh                            0x08000145   Thumb Code     0  __rtentry4.o(.ARM.Collect$$rtentry$$00000004)
    __rt_entry_li                            0x0800014b   Thumb Code     0  __rtentry2.o(.ARM.Collect$$rtentry$$0000000A)
    __rt_entry_postsh_1                      0x0800014b   Thumb Code     0  __rtentry2.o(.ARM.Collect$$rtentry$$00000009)
    __rt_entry_main                          0x0800014f   Thumb Code     0  __rtentry2.o(.ARM.Collect$$rtentry$$0000000D)
    __rt_entry_postli_1                      0x0800014f   Thumb Code     0  __rtentry2.o(.ARM.Collect$$rtentry$$0000000C)
    __rt_exit                                0x08000157   Thumb Code     0  rtexit.o(.ARM.Collect$$rtexit$$00000000)
    __rt_exit_ls                             0x08000159   Thumb Code     0  rtexit2.o(.ARM.Collect$$rtexit$$00000003)
    __rt_exit_prels_1                        0x08000159   Thumb Code     0  rtexit2.o(.ARM.Collect$$rtexit$$00000002)
    __rt_exit_exit                           0x0800015d   Thumb Code     0  rtexit2.o(.ARM.Collect$$rtexit$$00000004)
    Reset_Handler                            0x08000165   Thumb Code     8  startup_stm32f030x6.o(.text)
    ADC1_IRQHandler                          0x08000177   Thumb Code     0  startup_stm32f030x6.o(.text)
    DMA1_Channel1_IRQHandler                 0x08000177   Thumb Code     0  startup_stm32f030x6.o(.text)
    DMA1_Channel2_3_IRQHandler               0x08000177   Thumb Code     0  startup_stm32f030x6.o(.text)
    DMA1_Channel4_5_IRQHandler               0x08000177   Thumb Code     0  startup_stm32f030x6.o(.text)
    EXTI0_1_IRQHandler                       0x08000177   Thumb Code     0  startup_stm32f030x6.o(.text)
    EXTI2_3_IRQHandler                       0x08000177   Thumb Code     0  startup_stm32f030x6.o(.text)
    EXTI4_15_IRQHandler                      0x08000177   Thumb Code     0  startup_stm32f030x6.o(.text)
    FLASH_IRQHandler                         0x08000177   Thumb Code     0  startup_stm32f030x6.o(.text)
    I2C1_IRQHandler                          0x08000177   Thumb Code     0  startup_stm32f030x6.o(.text)
    RCC_IRQHandler                           0x08000177   Thumb Code     0  startup_stm32f030x6.o(.text)
    RTC_IRQHandler                           0x08000177   Thumb Code     0  startup_stm32f030x6.o(.text)
    SPI1_IRQHandler                          0x08000177   Thumb Code     0  startup_stm32f030x6.o(.text)
    TIM14_IRQHandler                         0x08000177   Thumb Code     0  startup_stm32f030x6.o(.text)
    TIM16_IRQHandler                         0x08000177   Thumb Code     0  startup_stm32f030x6.o(.text)
    TIM1_BRK_UP_TRG_COM_IRQHandler           0x08000177   Thumb Code     0  startup_stm32f030x6.o(.text)
    TIM1_CC_IRQHandler                       0x08000177   Thumb Code     0  startup_stm32f030x6.o(.text)
    TIM3_IRQHandler                          0x08000177   Thumb Code     0  startup_stm32f030x6.o(.text)
    USART1_IRQHandler                        0x08000177   Thumb Code     0  startup_stm32f030x6.o(.text)
    WWDG_IRQHandler                          0x08000177   Thumb Code     0  startup_stm32f030x6.o(.text)
    __user_initial_stackheap                 0x08000179   Thumb Code     0  startup_stm32f030x6.o(.text)
    __2sprintf                               0x0800019d   Thumb Code    36  noretval__2sprintf.o(.text)
    __printf                                 0x080001c5   Thumb Code   108  __printf.o(.text)
    _printf_int_dec                          0x08000231   Thumb Code    90  _printf_dec.o(.text)
    __use_two_region_memory                  0x0800029d   Thumb Code     2  heapauxi.o(.text)
    __rt_heap_escrow$2region                 0x0800029f   Thumb Code     2  heapauxi.o(.text)
    __rt_heap_expand$2region                 0x080002a1   Thumb Code     2  heapauxi.o(.text)
    _printf_int_common                       0x080002a3   Thumb Code   176  _printf_intcommon.o(.text)
    _printf_char_common                      0x0800035f   Thumb Code    32  _printf_char_common.o(.text)
    _sputc                                   0x08000385   Thumb Code    10  _sputc.o(.text)
    __rt_udiv10                              0x0800038f   Thumb Code    40  rtudiv10.o(.text)
    __user_setup_stackheap                   0x080003b7   Thumb Code    62  sys_stackheap_outer.o(.text)
    exit                                     0x080003f5   Thumb Code    16  exit.o(.text)
    __user_libspace                          0x08000405   Thumb Code     8  libspace.o(.text)
    __user_perproc_libspace                  0x08000405   Thumb Code     0  libspace.o(.text)
    __user_perthread_libspace                0x08000405   Thumb Code     0  libspace.o(.text)
    _sys_exit                                0x0800040d   Thumb Code     8  sys_exit.o(.text)
    __I$use$semihosting                      0x08000419   Thumb Code     0  use_no_semi.o(.text)
    __use_no_semihosting_swi                 0x08000419   Thumb Code     2  use_no_semi.o(.text)
    DBG_PutString                            0x0800041b   Thumb Code    36  usart.o(.text.DBG_PutString)
    __semihosting_library_function           0x0800041b   Thumb Code     0  indicate_semi.o(.text)
    Delay_Ms                                 0x08000441   Thumb Code    12  tim.o(.text.Delay_Ms)
    Enable_Drive                             0x08000451   Thumb Code    32  gpio.o(.text.Enable_Drive)
    HardFault_Handler                        0x08000475   Thumb Code     2  stm32f0xx_it.o(.text.HardFault_Handler)
    IWDG_Init                                0x08000477   Thumb Code    32  main.o(.text.IWDG_Init)
    IWDG_Reset                               0x08000497   Thumb Code     8  main.o(.text.IWDG_Reset)
    LL_GPIO_Init                             0x08000599   Thumb Code   128  stm32f0xx_ll_gpio.o(.text.LL_GPIO_Init)
    LL_Init1msTick                           0x080006f5   Thumb Code     8  stm32f0xx_ll_utils.o(.text.LL_Init1msTick)
    LL_RCC_GetUSARTClockFreq                 0x0800074d   Thumb Code    72  stm32f0xx_ll_rcc.o(.text.LL_RCC_GetUSARTClockFreq)
    LL_SetSystemCoreClock                    0x080008a9   Thumb Code     8  stm32f0xx_ll_utils.o(.text.LL_SetSystemCoreClock)
    LL_TIM_Init                              0x08000a11   Thumb Code   136  stm32f0xx_ll_tim.o(.text.LL_TIM_Init)
    LL_TIM_OC_Init                           0x08000ad1   Thumb Code    80  stm32f0xx_ll_tim.o(.text.LL_TIM_OC_Init)
    LL_USART_Init                            0x08000bb1   Thumb Code   108  stm32f0xx_ll_usart.o(.text.LL_USART_Init)
    MX_GPIO_Init                             0x08000c9d   Thumb Code   120  gpio.o(.text.MX_GPIO_Init)
    MX_TIM14_Init                            0x08000d1d   Thumb Code   152  tim.o(.text.MX_TIM14_Init)
    MX_TIM3_Init                             0x08000dbd   Thumb Code   188  tim.o(.text.MX_TIM3_Init)
    MX_USART1_UART_Init                      0x08000e81   Thumb Code   148  usart.o(.text.MX_USART1_UART_Init)
    NMI_Handler                              0x08000f19   Thumb Code     2  stm32f0xx_it.o(.text.NMI_Handler)
    PendSV_Handler                           0x08001135   Thumb Code     2  stm32f0xx_it.o(.text.PendSV_Handler)
    RCC_GetHCLKClockFreq                     0x08001139   Thumb Code    24  stm32f0xx_ll_rcc.o(.text.RCC_GetHCLKClockFreq)
    RCC_GetPCLK1ClockFreq                    0x08001155   Thumb Code    20  stm32f0xx_ll_rcc.o(.text.RCC_GetPCLK1ClockFreq)
    RCC_GetSystemClockFreq                   0x0800116d   Thumb Code    20  stm32f0xx_ll_rcc.o(.text.RCC_GetSystemClockFreq)
    RCC_PLL_GetFreqDomain_SYS                0x08001181   Thumb Code    64  stm32f0xx_ll_rcc.o(.text.RCC_PLL_GetFreqDomain_SYS)
    SVC_Handler                              0x080011d3   Thumb Code     2  stm32f0xx_it.o(.text.SVC_Handler)
    Select_Drive_Direction                   0x080011d5   Thumb Code    34  gpio.o(.text.Select_Drive_Direction)
    SysTick_Handler                          0x080011f7   Thumb Code     8  stm32f0xx_it.o(.text.SysTick_Handler)
    SysTick_Init                             0x08001201   Thumb Code    32  main.o(.text.SysTick_Init)
    SystemClock_Config                       0x08001229   Thumb Code   100  main.o(.text.SystemClock_Config)
    SystemInit                               0x08001291   Thumb Code     2  system_stm32f0xx.o(.text.SystemInit)
    TIM17_IRQHandler                         0x08001295   Thumb Code    28  tim.o(.text.TIM17_IRQHandler)
    TIM_DelayMs_Callback                     0x080012b5   Thumb Code    16  tim.o(.text.TIM_DelayMs_Callback)
    Timer_Bounce_Callback                    0x080012c9   Thumb Code    32  gpio.o(.text.Timer_Bounce_Callback)
    calc_period_pulse                        0x08001341   Thumb Code    32  stanok_math.o(.text.calc_period_pulse)
    drive_PWM_mod                            0x08001365   Thumb Code    32  tim.o(.text.drive_PWM_mod)
    drive_PWM_start                          0x08001385   Thumb Code    52  tim.o(.text.drive_PWM_start)
    drive_PWM_stop                           0x080013b9   Thumb Code    16  tim.o(.text.drive_PWM_stop)
    drive_init                               0x080013cd   Thumb Code    24  drive.o(.text.drive_init)
    init_status_sensor                       0x08001411   Thumb Code    36  gpio.o(.text.init_status_sensor)
    main                                     0x08001435   Thumb Code   108  main.o(.text.main)
    main_loop                                0x080014a9   Thumb Code   176  drive.o(.text.main_loop)
    repeat_time                              0x08001579   Thumb Code    36  tim.o(.text.repeat_time)
    status_sensor_machine                    0x080015a1   Thumb Code   164  gpio.o(.text.status_sensor_machine)
    timers_init                              0x080016e9   Thumb Code    16  tim.o(.text.timers_init)
    turn_drive_soft_start                    0x080016f9   Thumb Code    64  drive.o(.text.turn_drive_soft_start)
    turn_drive_stop                          0x0800173d   Thumb Code     8  drive.o(.text.turn_drive_stop)
    __aeabi_uidiv                            0x08001745   Thumb Code    68  aeabi_sdivfast.o(.text_divfast)
    __aeabi_idiv                             0x08001789   Thumb Code   434  aeabi_sdivfast.o(.text_divfast)
    AHBPrescTable                            0x0800193a   Data          16  system_stm32f0xx.o(.rodata.AHBPrescTable)
    APBPrescTable                            0x0800194a   Data           8  system_stm32f0xx.o(.rodata.APBPrescTable)
    Region$$Table$$Base                      0x08001960   Number         0  anon$$obj.o(Region$$Table)
    Region$$Table$$Limit                     0x08001980   Number         0  anon$$obj.o(Region$$Table)
    SystemCoreClock                          0x20000000   Data           4  system_stm32f0xx.o(.data.SystemCoreClock)
    flag_end_bounce                          0x20000004   Data           1  gpio.o(.data.flag_end_bounce)
    __libspace_start                         0x20000008   Data          96  libspace.o(.bss)
    DBG_buffer                               0x20000068   Data          50  usart.o(.bss.DBG_buffer)
    __temporary_stack_top$libspace           0x20000068   Data           0  libspace.o(.bss)
    delay_ms                                 0x2000009a   Data           2  tim.o(.bss.delay_ms)
    drive_status                             0x2000009c   Data           1  drive.o(.bss.drive_status)
    encoder_data                             0x200000a0   Data          12  main.o(.bss.encoder_data)
    machine_state                            0x200000ac   Data           1  gpio.o(.bss.machine_state)
    number_turns                             0x200000b0   Data          12  main.o(.bss.number_turns)
    status_flag                              0x200000bc   Data           1  drive.o(.bss.status_flag)
    status_sensor                            0x200000bd   Data           1  gpio.o(.bss.status_sensor)



==============================================================================

Memory Map of the image

  Image Entry point : 0x080000b1

  Load Region LR_IROM1 (Base: 0x08000000, Size: 0x00001988, Max: 0x00004000, ABSOLUTE)

    Execution Region ER_IROM1 (Exec base: 0x08000000, Load base: 0x08000000, Size: 0x00001980, Max: 0x00004000, ABSOLUTE)

    Exec Addr    Load Addr    Size         Type   Attr      Idx    E Section Name        Object

    0x08000000   0x08000000   0x000000b0   Data   RO            3    RESET               startup_stm32f030x6.o
    0x080000b0   0x080000b0   0x00000008   Code   RO          713  * !!!main             c_p.l(__main.o)
    0x080000b8   0x080000b8   0x0000003c   Code   RO          899    !!!scatter          c_p.l(__scatter.o)
    0x080000f4   0x080000f4   0x0000001a   Code   RO          901    !!handler_copy      c_p.l(__scatter_copy.o)
    0x0800010e   0x0800010e   0x00000002   PAD
    0x08000110   0x08000110   0x0000001c   Code   RO          903    !!handler_zi        c_p.l(__scatter_zi.o)
    0x0800012c   0x0800012c   0x00000002   Code   RO          700    .ARM.Collect$$_printf_percent$$00000000  c_p.l(_printf_percent.o)
    0x0800012e   0x0800012e   0x0000000a   Code   RO          699    .ARM.Collect$$_printf_percent$$0000000A  c_p.l(_printf_u.o)
    0x08000138   0x08000138   0x00000004   Code   RO          726    .ARM.Collect$$_printf_percent$$00000017  c_p.l(_printf_percent_end.o)
    0x0800013c   0x0800013c   0x00000002   Code   RO          762    .ARM.Collect$$libinit$$00000000  c_p.l(libinit.o)
    0x0800013e   0x0800013e   0x00000000   Code   RO          776    .ARM.Collect$$libinit$$00000002  c_p.l(libinit2.o)
    0x0800013e   0x0800013e   0x00000000   Code   RO          778    .ARM.Collect$$libinit$$00000004  c_p.l(libinit2.o)
    0x0800013e   0x0800013e   0x00000000   Code   RO          781    .ARM.Collect$$libinit$$0000000A  c_p.l(libinit2.o)
    0x0800013e   0x0800013e   0x00000000   Code   RO          783    .ARM.Collect$$libinit$$0000000C  c_p.l(libinit2.o)
    0x0800013e   0x0800013e   0x00000000   Code   RO          785    .ARM.Collect$$libinit$$0000000E  c_p.l(libinit2.o)
    0x0800013e   0x0800013e   0x00000000   Code   RO          788    .ARM.Collect$$libinit$$00000011  c_p.l(libinit2.o)
    0x0800013e   0x0800013e   0x00000000   Code   RO          790    .ARM.Collect$$libinit$$00000013  c_p.l(libinit2.o)
    0x0800013e   0x0800013e   0x00000000   Code   RO          792    .ARM.Collect$$libinit$$00000015  c_p.l(libinit2.o)
    0x0800013e   0x0800013e   0x00000000   Code   RO          794    .ARM.Collect$$libinit$$00000017  c_p.l(libinit2.o)
    0x0800013e   0x0800013e   0x00000000   Code   RO          796    .ARM.Collect$$libinit$$00000019  c_p.l(libinit2.o)
    0x0800013e   0x0800013e   0x00000000   Code   RO          798    .ARM.Collect$$libinit$$0000001B  c_p.l(libinit2.o)
    0x0800013e   0x0800013e   0x00000000   Code   RO          800    .ARM.Collect$$libinit$$0000001D  c_p.l(libinit2.o)
    0x0800013e   0x0800013e   0x00000000   Code   RO          802    .ARM.Collect$$libinit$$0000001F  c_p.l(libinit2.o)
    0x0800013e   0x0800013e   0x00000000   Code   RO          804    .ARM.Collect$$libinit$$00000021  c_p.l(libinit2.o)
    0x0800013e   0x0800013e   0x00000000   Code   RO          806    .ARM.Collect$$libinit$$00000023  c_p.l(libinit2.o)
    0x0800013e   0x0800013e   0x00000000   Code   RO          808    .ARM.Collect$$libinit$$00000025  c_p.l(libinit2.o)
    0x0800013e   0x0800013e   0x00000000   Code   RO          812    .ARM.Collect$$libinit$$0000002C  c_p.l(libinit2.o)
    0x0800013e   0x0800013e   0x00000000   Code   RO          814    .ARM.Collect$$libinit$$0000002E  c_p.l(libinit2.o)
    0x0800013e   0x0800013e   0x00000000   Code   RO          816    .ARM.Collect$$libinit$$00000030  c_p.l(libinit2.o)
    0x0800013e   0x0800013e   0x00000000   Code   RO          818    .ARM.Collect$$libinit$$00000032  c_p.l(libinit2.o)
    0x0800013e   0x0800013e   0x00000002   Code   RO          819    .ARM.Collect$$libinit$$00000033  c_p.l(libinit2.o)
    0x08000140   0x08000140   0x00000002   Code   RO          854    .ARM.Collect$$libshutdown$$00000000  c_p.l(libshutdown.o)
    0x08000142   0x08000142   0x00000000   Code   RO          882    .ARM.Collect$$libshutdown$$00000002  c_p.l(libshutdown2.o)
    0x08000142   0x08000142   0x00000000   Code   RO          884    .ARM.Collect$$libshutdown$$00000004  c_p.l(libshutdown2.o)
    0x08000142   0x08000142   0x00000000   Code   RO          887    .ARM.Collect$$libshutdown$$00000007  c_p.l(libshutdown2.o)
    0x08000142   0x08000142   0x00000000   Code   RO          890    .ARM.Collect$$libshutdown$$0000000A  c_p.l(libshutdown2.o)
    0x08000142   0x08000142   0x00000000   Code   RO          892    .ARM.Collect$$libshutdown$$0000000C  c_p.l(libshutdown2.o)
    0x08000142   0x08000142   0x00000000   Code   RO          895    .ARM.Collect$$libshutdown$$0000000F  c_p.l(libshutdown2.o)
    0x08000142   0x08000142   0x00000002   Code   RO          896    .ARM.Collect$$libshutdown$$00000010  c_p.l(libshutdown2.o)
    0x08000144   0x08000144   0x00000000   Code   RO          715    .ARM.Collect$$rtentry$$00000000  c_p.l(__rtentry.o)
    0x08000144   0x08000144   0x00000000   Code   RO          730    .ARM.Collect$$rtentry$$00000002  c_p.l(__rtentry2.o)
    0x08000144   0x08000144   0x00000006   Code   RO          742    .ARM.Collect$$rtentry$$00000004  c_p.l(__rtentry4.o)
    0x0800014a   0x0800014a   0x00000000   Code   RO          732    .ARM.Collect$$rtentry$$00000009  c_p.l(__rtentry2.o)
    0x0800014a   0x0800014a   0x00000004   Code   RO          733    .ARM.Collect$$rtentry$$0000000A  c_p.l(__rtentry2.o)
    0x0800014e   0x0800014e   0x00000000   Code   RO          735    .ARM.Collect$$rtentry$$0000000C  c_p.l(__rtentry2.o)
    0x0800014e   0x0800014e   0x00000008   Code   RO          736    .ARM.Collect$$rtentry$$0000000D  c_p.l(__rtentry2.o)
    0x08000156   0x08000156   0x00000002   Code   RO          767    .ARM.Collect$$rtexit$$00000000  c_p.l(rtexit.o)
    0x08000158   0x08000158   0x00000000   Code   RO          825    .ARM.Collect$$rtexit$$00000002  c_p.l(rtexit2.o)
    0x08000158   0x08000158   0x00000004   Code   RO          826    .ARM.Collect$$rtexit$$00000003  c_p.l(rtexit2.o)
    0x0800015c   0x0800015c   0x00000006   Code   RO          827    .ARM.Collect$$rtexit$$00000004  c_p.l(rtexit2.o)
    0x08000162   0x08000162   0x00000002   PAD
    0x08000164   0x08000164   0x00000038   Code   RO            4    .text               startup_stm32f030x6.o
    0x0800019c   0x0800019c   0x00000028   Code   RO          673    .text               c_p.l(noretval__2sprintf.o)
    0x080001c4   0x080001c4   0x0000006c   Code   RO          675    .text               c_p.l(__printf.o)
    0x08000230   0x08000230   0x0000006c   Code   RO          677    .text               c_p.l(_printf_dec.o)
    0x0800029c   0x0800029c   0x00000006   Code   RO          711    .text               c_p.l(heapauxi.o)
    0x080002a2   0x080002a2   0x000000b0   Code   RO          720    .text               c_p.l(_printf_intcommon.o)
    0x08000352   0x08000352   0x00000002   PAD
    0x08000354   0x08000354   0x00000030   Code   RO          722    .text               c_p.l(_printf_char_common.o)
    0x08000384   0x08000384   0x0000000a   Code   RO          724    .text               c_p.l(_sputc.o)
    0x0800038e   0x0800038e   0x00000028   Code   RO          727    .text               c_p.l(rtudiv10.o)
    0x080003b6   0x080003b6   0x0000003e   Code   RO          748    .text               c_p.l(sys_stackheap_outer.o)
    0x080003f4   0x080003f4   0x00000010   Code   RO          751    .text               c_p.l(exit.o)
    0x08000404   0x08000404   0x00000008   Code   RO          763    .text               c_p.l(libspace.o)
    0x0800040c   0x0800040c   0x0000000c   Code   RO          820    .text               c_p.l(sys_exit.o)
    0x08000418   0x08000418   0x00000002   Code   RO          843    .text               c_p.l(use_no_semi.o)
    0x0800041a   0x0800041a   0x00000000   Code   RO          845    .text               c_p.l(indicate_semi.o)
    0x0800041a   0x0800041a   0x00000024   Code   RO          289    .text.DBG_PutString  usart.o
    0x0800043e   0x0800043e   0x00000002   PAD
    0x08000440   0x08000440   0x00000010   Code   RO          245    .text.Delay_Ms      tim.o
    0x08000450   0x08000450   0x00000024   Code   RO          138    .text.Enable_Drive  gpio.o
    0x08000474   0x08000474   0x00000002   Code   RO          306    .text.HardFault_Handler  stm32f0xx_it.o
    0x08000476   0x08000476   0x00000020   Code   RO           68    .text.IWDG_Init     main.o
    0x08000496   0x08000496   0x00000008   Code   RO           72    .text.IWDG_Reset    main.o
    0x0800049e   0x0800049e   0x00000002   PAD
    0x080004a0   0x080004a0   0x00000018   Code   RO          130    .text.LL_AHB1_GRP1_EnableClock  gpio.o
    0x080004b8   0x080004b8   0x0000001c   Code   RO          191    .text.LL_AHB1_GRP1_EnableClock  tim.o
    0x080004d4   0x080004d4   0x00000020   Code   RO          281    .text.LL_AHB1_GRP1_EnableClock  usart.o
    0x080004f4   0x080004f4   0x0000001c   Code   RO           62    .text.LL_APB1_GRP1_EnableClock  main.o
    0x08000510   0x08000510   0x0000001c   Code   RO          189    .text.LL_APB1_GRP1_EnableClock  tim.o
    0x0800052c   0x0800052c   0x00000018   Code   RO           60    .text.LL_APB1_GRP2_EnableClock  main.o
    0x08000544   0x08000544   0x00000018   Code   RO          257    .text.LL_APB1_GRP2_EnableClock  tim.o
    0x0800055c   0x0800055c   0x00000020   Code   RO          279    .text.LL_APB1_GRP2_EnableClock  usart.o
    0x0800057c   0x0800057c   0x0000000c   Code   RO           76    .text.LL_FLASH_GetLatency  main.o
    0x08000588   0x08000588   0x00000010   Code   RO           74    .text.LL_FLASH_SetLatency  main.o
    0x08000598   0x08000598   0x00000080   Code   RO          327    .text.LL_GPIO_Init  stm32f0xx_ll_gpio.o
    0x08000618   0x08000618   0x00000010   Code   RO          152    .text.LL_GPIO_IsInputPinSet  gpio.o
    0x08000628   0x08000628   0x00000004   Code   RO          132    .text.LL_GPIO_ResetOutputPin  gpio.o
    0x0800062c   0x0800062c   0x00000014   Code   RO          335    .text.LL_GPIO_SetAFPin_0_7  stm32f0xx_ll_gpio.o
    0x08000640   0x08000640   0x00000016   Code   RO          337    .text.LL_GPIO_SetAFPin_8_15  stm32f0xx_ll_gpio.o
    0x08000656   0x08000656   0x00000004   Code   RO          136    .text.LL_GPIO_SetOutputPin  gpio.o
    0x0800065a   0x0800065a   0x00000012   Code   RO          329    .text.LL_GPIO_SetPinMode  stm32f0xx_ll_gpio.o
    0x0800066c   0x0800066c   0x0000000c   Code   RO          339    .text.LL_GPIO_SetPinOutputType  stm32f0xx_ll_gpio.o
    0x08000678   0x08000678   0x00000012   Code   RO          333    .text.LL_GPIO_SetPinPull  stm32f0xx_ll_gpio.o
    0x0800068a   0x0800068a   0x00000012   Code   RO          331    .text.LL_GPIO_SetPinSpeed  stm32f0xx_ll_gpio.o
    0x0800069c   0x0800069c   0x0000000c   Code   RO          104    .text.LL_IWDG_Enable  main.o
    0x080006a8   0x080006a8   0x0000000c   Code   RO          106    .text.LL_IWDG_EnableWriteAccess  main.o
    0x080006b4   0x080006b4   0x00000014   Code   RO          112    .text.LL_IWDG_IsReady  main.o
    0x080006c8   0x080006c8   0x00000010   Code   RO          114    .text.LL_IWDG_ReloadCounter  main.o
    0x080006d8   0x080006d8   0x0000000c   Code   RO          108    .text.LL_IWDG_SetPrescaler  main.o
    0x080006e4   0x080006e4   0x00000010   Code   RO          110    .text.LL_IWDG_SetReloadCounter  main.o
    0x080006f4   0x080006f4   0x00000008   Code   RO          411    .text.LL_Init1msTick  stm32f0xx_ll_utils.o
    0x080006fc   0x080006fc   0x00000020   Code   RO          413    .text.LL_InitTick   stm32f0xx_ll_utils.o
    0x0800071c   0x0800071c   0x0000000c   Code   RO          393    .text.LL_RCC_GetAHBPrescaler  stm32f0xx_ll_rcc.o
    0x08000728   0x08000728   0x0000000c   Code   RO          395    .text.LL_RCC_GetAPB1Prescaler  stm32f0xx_ll_rcc.o
    0x08000734   0x08000734   0x0000000c   Code   RO          100    .text.LL_RCC_GetSysClkSource  main.o
    0x08000740   0x08000740   0x0000000c   Code   RO          359    .text.LL_RCC_GetSysClkSource  stm32f0xx_ll_rcc.o
    0x0800074c   0x0800074c   0x0000004c   Code   RO          381    .text.LL_RCC_GetUSARTClockFreq  stm32f0xx_ll_rcc.o
    0x08000798   0x08000798   0x0000000c   Code   RO          383    .text.LL_RCC_GetUSARTClockSource  stm32f0xx_ll_rcc.o
    0x080007a4   0x080007a4   0x0000000c   Code   RO           78    .text.LL_RCC_HSI_Enable  main.o
    0x080007b0   0x080007b0   0x0000000c   Code   RO           80    .text.LL_RCC_HSI_IsReady  main.o
    0x080007bc   0x080007bc   0x0000000c   Code   RO          355    .text.LL_RCC_HSI_IsReady  stm32f0xx_ll_rcc.o
    0x080007c8   0x080007c8   0x00000010   Code   RO           82    .text.LL_RCC_HSI_SetCalibTrimming  main.o
    0x080007d8   0x080007d8   0x00000010   Code   RO          385    .text.LL_RCC_LSE_IsReady  stm32f0xx_ll_rcc.o
    0x080007e8   0x080007e8   0x0000000c   Code   RO           84    .text.LL_RCC_LSI_Enable  main.o
    0x080007f4   0x080007f4   0x00000010   Code   RO           86    .text.LL_RCC_LSI_IsReady  main.o
    0x08000804   0x08000804   0x0000001c   Code   RO           88    .text.LL_RCC_PLL_ConfigDomain_SYS  main.o
    0x08000820   0x08000820   0x00000010   Code   RO           90    .text.LL_RCC_PLL_Enable  main.o
    0x08000830   0x08000830   0x0000000c   Code   RO          397    .text.LL_RCC_PLL_GetMainSource  stm32f0xx_ll_rcc.o
    0x0800083c   0x0800083c   0x0000000c   Code   RO          401    .text.LL_RCC_PLL_GetMultiplicator  stm32f0xx_ll_rcc.o
    0x08000848   0x08000848   0x00000010   Code   RO          399    .text.LL_RCC_PLL_GetPrediv  stm32f0xx_ll_rcc.o
    0x08000858   0x08000858   0x00000010   Code   RO           92    .text.LL_RCC_PLL_IsReady  main.o
    0x08000868   0x08000868   0x0000000c   Code   RO           94    .text.LL_RCC_SetAHBPrescaler  main.o
    0x08000874   0x08000874   0x00000010   Code   RO           96    .text.LL_RCC_SetAPB1Prescaler  main.o
    0x08000884   0x08000884   0x00000014   Code   RO           98    .text.LL_RCC_SetSysClkSource  main.o
    0x08000898   0x08000898   0x00000010   Code   RO          102    .text.LL_RCC_SetUSARTClockSource  main.o
    0x080008a8   0x080008a8   0x0000000c   Code   RO          417    .text.LL_SetSystemCoreClock  stm32f0xx_ll_utils.o
    0x080008b4   0x080008b4   0x00000010   Code   RO          233    .text.LL_TIM_CC_DisableChannel  tim.o
    0x080008c4   0x080008c4   0x00000008   Code   RO          225    .text.LL_TIM_CC_EnableChannel  tim.o
    0x080008cc   0x080008cc   0x00000008   Code   RO          237    .text.LL_TIM_ClearFlag_UPDATE  tim.o
    0x080008d4   0x080008d4   0x0000000a   Code   RO          203    .text.LL_TIM_DisableARRPreload  tim.o
    0x080008de   0x080008de   0x00000002   PAD
    0x080008e0   0x080008e0   0x0000000c   Code   RO          150    .text.LL_TIM_DisableCounter  gpio.o
    0x080008ec   0x080008ec   0x0000000a   Code   RO          217    .text.LL_TIM_DisableCounter  tim.o
    0x080008f6   0x080008f6   0x00000002   PAD
    0x080008f8   0x080008f8   0x0000000c   Code   RO          207    .text.LL_TIM_DisableMasterSlaveMode  tim.o
    0x08000904   0x08000904   0x0000000a   Code   RO          227    .text.LL_TIM_EnableCounter  tim.o
    0x0800090e   0x0800090e   0x00000002   PAD
    0x08000910   0x08000910   0x00000010   Code   RO          259    .text.LL_TIM_EnableIT_UPDATE  tim.o
    0x08000920   0x08000920   0x0000000a   Code   RO          534    .text.LL_TIM_GenerateEvent_UPDATE  stm32f0xx_ll_tim.o
    0x0800092a   0x0800092a   0x00000002   PAD
    0x0800092c   0x0800092c   0x00000038   Code   RO          195    .text.LL_TIM_IC_SetActiveInput  tim.o
    0x08000964   0x08000964   0x00000038   Code   RO          199    .text.LL_TIM_IC_SetFilter  tim.o
    0x0800099c   0x0800099c   0x00000038   Code   RO          201    .text.LL_TIM_IC_SetPolarity  tim.o
    0x080009d4   0x080009d4   0x0000003c   Code   RO          197    .text.LL_TIM_IC_SetPrescaler  tim.o
    0x08000a10   0x08000a10   0x0000009c   Code   RO          526    .text.LL_TIM_Init   stm32f0xx_ll_tim.o
    0x08000aac   0x08000aac   0x00000008   Code   RO          239    .text.LL_TIM_IsActiveFlag_UPDATE  tim.o
    0x08000ab4   0x08000ab4   0x0000000c   Code   RO          213    .text.LL_TIM_OC_DisableFast  tim.o
    0x08000ac0   0x08000ac0   0x00000010   Code   RO          211    .text.LL_TIM_OC_EnablePreload  tim.o
    0x08000ad0   0x08000ad0   0x00000050   Code   RO          538    .text.LL_TIM_OC_Init  stm32f0xx_ll_tim.o
    0x08000b20   0x08000b20   0x0000000c   Code   RO          219    .text.LL_TIM_OC_SetCompareCH1  tim.o
    0x08000b2c   0x08000b2c   0x00000004   Code   RO          576    .text.LL_TIM_OC_SetCompareCH1  stm32f0xx_ll_tim.o
    0x08000b30   0x08000b30   0x00000004   Code   RO          570    .text.LL_TIM_OC_SetCompareCH2  stm32f0xx_ll_tim.o
    0x08000b34   0x08000b34   0x00000004   Code   RO          578    .text.LL_TIM_OC_SetCompareCH3  stm32f0xx_ll_tim.o
    0x08000b38   0x08000b38   0x00000004   Code   RO          580    .text.LL_TIM_OC_SetCompareCH4  stm32f0xx_ll_tim.o
    0x08000b3c   0x08000b3c   0x00000004   Code   RO          221    .text.LL_TIM_SetAutoReload  tim.o
    0x08000b40   0x08000b40   0x00000004   Code   RO          528    .text.LL_TIM_SetAutoReload  stm32f0xx_ll_tim.o
    0x08000b44   0x08000b44   0x00000004   Code   RO          223    .text.LL_TIM_SetCounter  tim.o
    0x08000b48   0x08000b48   0x00000014   Code   RO          193    .text.LL_TIM_SetEncoderMode  tim.o
    0x08000b5c   0x08000b5c   0x00000004   Code   RO          530    .text.LL_TIM_SetPrescaler  stm32f0xx_ll_tim.o
    0x08000b60   0x08000b60   0x00000004   Code   RO          532    .text.LL_TIM_SetRepetitionCounter  stm32f0xx_ll_tim.o
    0x08000b64   0x08000b64   0x00000010   Code   RO          205    .text.LL_TIM_SetTriggerOutput  tim.o
    0x08000b74   0x08000b74   0x0000001c   Code   RO          285    .text.LL_USART_ConfigAsyncMode  usart.o
    0x08000b90   0x08000b90   0x00000014   Code   RO          283    .text.LL_USART_DisableIT_CTS  usart.o
    0x08000ba4   0x08000ba4   0x0000000c   Code   RO          287    .text.LL_USART_Enable  usart.o
    0x08000bb0   0x08000bb0   0x00000070   Code   RO          629    .text.LL_USART_Init  stm32f0xx_ll_usart.o
    0x08000c20   0x08000c20   0x00000010   Code   RO          291    .text.LL_USART_IsActiveFlag_TC  usart.o
    0x08000c30   0x08000c30   0x00000008   Code   RO          631    .text.LL_USART_IsEnabled  stm32f0xx_ll_usart.o
    0x08000c38   0x08000c38   0x0000003c   Code   RO          637    .text.LL_USART_SetBaudRate  stm32f0xx_ll_usart.o
    0x08000c74   0x08000c74   0x0000000e   Code   RO          635    .text.LL_USART_SetHWFlowCtrl  stm32f0xx_ll_usart.o
    0x08000c82   0x08000c82   0x0000000e   Code   RO          633    .text.LL_USART_SetStopBitsLength  stm32f0xx_ll_usart.o
    0x08000c90   0x08000c90   0x0000000c   Code   RO          293    .text.LL_USART_TransmitData8  usart.o
    0x08000c9c   0x08000c9c   0x00000080   Code   RO          128    .text.MX_GPIO_Init  gpio.o
    0x08000d1c   0x08000d1c   0x000000a0   Code   RO          209    .text.MX_TIM14_Init  tim.o
    0x08000dbc   0x08000dbc   0x000000c4   Code   RO          187    .text.MX_TIM3_Init  tim.o
    0x08000e80   0x08000e80   0x00000098   Code   RO          277    .text.MX_USART1_UART_Init  usart.o
    0x08000f18   0x08000f18   0x00000002   Code   RO          304    .text.NMI_Handler   stm32f0xx_it.o
    0x08000f1a   0x08000f1a   0x00000002   PAD
    0x08000f1c   0x08000f1c   0x0000007c   Code   RO          540    .text.OC1Config     stm32f0xx_ll_tim.o
    0x08000f98   0x08000f98   0x00000090   Code   RO          542    .text.OC2Config     stm32f0xx_ll_tim.o
    0x08001028   0x08001028   0x00000094   Code   RO          544    .text.OC3Config     stm32f0xx_ll_tim.o
    0x080010bc   0x080010bc   0x00000078   Code   RO          546    .text.OC4Config     stm32f0xx_ll_tim.o
    0x08001134   0x08001134   0x00000002   Code   RO          310    .text.PendSV_Handler  stm32f0xx_it.o
    0x08001136   0x08001136   0x00000002   PAD
    0x08001138   0x08001138   0x0000001c   Code   RO          377    .text.RCC_GetHCLKClockFreq  stm32f0xx_ll_rcc.o
    0x08001154   0x08001154   0x00000018   Code   RO          379    .text.RCC_GetPCLK1ClockFreq  stm32f0xx_ll_rcc.o
    0x0800116c   0x0800116c   0x00000014   Code   RO          375    .text.RCC_GetSystemClockFreq  stm32f0xx_ll_rcc.o
    0x08001180   0x08001180   0x00000048   Code   RO          391    .text.RCC_PLL_GetFreqDomain_SYS  stm32f0xx_ll_rcc.o
    0x080011c8   0x080011c8   0x0000000a   Code   RO          142    .text.Read_Status_Sensor  gpio.o
    0x080011d2   0x080011d2   0x00000002   Code   RO          308    .text.SVC_Handler   stm32f0xx_it.o
    0x080011d4   0x080011d4   0x00000022   Code   RO          134    .text.Select_Drive_Direction  gpio.o
    0x080011f6   0x080011f6   0x00000008   Code   RO          312    .text.SysTick_Handler  stm32f0xx_it.o
    0x080011fe   0x080011fe   0x00000002   PAD
    0x08001200   0x08001200   0x00000028   Code   RO           70    .text.SysTick_Init  main.o
    0x08001228   0x08001228   0x00000068   Code   RO           66    .text.SystemClock_Config  main.o
    0x08001290   0x08001290   0x00000002   Code   RO          655    .text.SystemInit    system_stm32f0xx.o
    0x08001292   0x08001292   0x00000002   PAD
    0x08001294   0x08001294   0x00000020   Code   RO          243    .text.TIM17_IRQHandler  tim.o
    0x080012b4   0x080012b4   0x00000014   Code   RO          247    .text.TIM_DelayMs_Callback  tim.o
    0x080012c8   0x080012c8   0x00000038   Code   RO          148    .text.Timer_Bounce_Callback  gpio.o
    0x08001300   0x08001300   0x00000010   Code   RO          263    .text.__NVIC_EnableIRQ  tim.o
    0x08001310   0x08001310   0x00000018   Code   RO           64    .text.__NVIC_SetPriority  main.o
    0x08001328   0x08001328   0x00000018   Code   RO          261    .text.__NVIC_SetPriority  tim.o
    0x08001340   0x08001340   0x00000024   Code   RO           11    .text.calc_period_pulse  stanok_math.o
    0x08001364   0x08001364   0x00000020   Code   RO          229    .text.drive_PWM_mod  tim.o
    0x08001384   0x08001384   0x00000034   Code   RO          215    .text.drive_PWM_start  tim.o
    0x080013b8   0x080013b8   0x00000014   Code   RO          231    .text.drive_PWM_stop  tim.o
    0x080013cc   0x080013cc   0x00000018   Code   RO           20    .text.drive_init    drive.o
    0x080013e4   0x080013e4   0x0000002c   Code   RO          251    .text.encoder_init  tim.o
    0x08001410   0x08001410   0x00000024   Code   RO          140    .text.init_status_sensor  gpio.o
    0x08001434   0x08001434   0x00000074   Code   RO           58    .text.main          main.o
    0x080014a8   0x080014a8   0x000000d0   Code   RO           32    .text.main_loop     drive.o
    0x08001578   0x08001578   0x00000028   Code   RO          241    .text.repeat_time   tim.o
    0x080015a0   0x080015a0   0x000000b4   Code   RO          144    .text.status_sensor_machine  gpio.o
    0x08001654   0x08001654   0x0000003c   Code   RO          253    .text.tim_delay_init  tim.o
    0x08001690   0x08001690   0x00000058   Code   RO          255    .text.timer_bounce_init  tim.o
    0x080016e8   0x080016e8   0x00000010   Code   RO          249    .text.timers_init   tim.o
    0x080016f8   0x080016f8   0x00000044   Code   RO           26    .text.turn_drive_soft_start  drive.o
    0x0800173c   0x0800173c   0x00000008   Code   RO           30    .text.turn_drive_stop  drive.o
    0x08001744   0x08001744   0x000001f6   Code   RO          704    .text_divfast       c_p.l(aeabi_sdivfast.o)
    0x0800193a   0x0800193a   0x00000010   Data   RO          660    .rodata.AHBPrescTable  system_stm32f0xx.o
    0x0800194a   0x0800194a   0x00000008   Data   RO          661    .rodata.APBPrescTable  system_stm32f0xx.o
    0x08001952   0x08001952   0x00000007   Data   RO          267    .rodata.OFFSET_TAB_CCMRx  tim.o
    0x08001959   0x08001959   0x00000007   Data   RO          268    .rodata.SHIFT_TAB_ICxx  tim.o
    0x08001960   0x08001960   0x00000020   Data   RO          898    Region$$Table       anon$$obj.o


    Execution Region RW_IRAM1 (Exec base: 0x20000000, Load base: 0x08001980, Size: 0x000005c0, Max: 0x00001000, ABSOLUTE)

    Exec Addr    Load Addr    Size         Type   Attr      Idx    E Section Name        Object

    0x20000000   0x08001980   0x00000004   Data   RW          659    .data.SystemCoreClock  system_stm32f0xx.o
    0x20000004   0x08001984   0x00000001   Data   RW          154    .data.flag_end_bounce  gpio.o
    0x20000005   0x08001985   0x00000001   Data   RW          157    .data.status_sensor_machine.reliability_count  gpio.o
    0x20000006   0x08001986   0x00000002   PAD
    0x20000008        -       0x00000060   Zero   RW          764    .bss                c_p.l(libspace.o)
    0x20000068        -       0x00000032   Zero   RW          295    .bss.DBG_buffer     usart.o
    0x2000009a        -       0x00000002   Zero   RW          266    .bss.delay_ms       tim.o
    0x2000009c        -       0x00000001   Zero   RW           34    .bss.drive_status   drive.o
    0x2000009d   0x08001986   0x00000003   PAD
    0x200000a0        -       0x0000000c   Zero   RW          119    .bss.encoder_data   main.o
    0x200000ac        -       0x00000001   Zero   RW          156    .bss.machine_state  gpio.o
    0x200000ad   0x08001986   0x00000003   PAD
    0x200000b0        -       0x0000000c   Zero   RW          118    .bss.number_turns   main.o
    0x200000bc        -       0x00000001   Zero   RW           35    .bss.status_flag    drive.o
    0x200000bd        -       0x00000001   Zero   RW          155    .bss.status_sensor  gpio.o
    0x200000be   0x08001986   0x00000002   PAD
    0x200000c0        -       0x00000100   Zero   RW            2    HEAP                startup_stm32f030x6.o
    0x200001c0        -       0x00000400   Zero   RW            1    STACK               startup_stm32f030x6.o


==============================================================================

Image component sizes


      Code (inc. data)   RO Data    RW Data    ZI Data      Debug   Object Name

       308         40          0          0          2       2860   drive.o
       540         56          0          2          2       4523   gpio.o
       696         76          0          0         24       6511   main.o
        36          4          0          0          0        792   stanok_math.o
        56         26        176          0       1280        596   startup_stm32f030x6.o
        16          0          0          0          0        682   stm32f0xx_it.o
       236          0          0          0          0       4033   stm32f0xx_ll_gpio.o
       336         28          0          0          0       5277   stm32f0xx_ll_rcc.o
       810         40          0          0          0      11587   stm32f0xx_ll_tim.o
       208          8          0          0          0       4734   stm32f0xx_ll_usart.o
        52          8          0          0          0       6716   stm32f0xx_ll_utils.o
         2          0         24          4          0       1794   system_stm32f0xx.o
      1306        120         14          0          2      10418   tim.o
       340         28          0          0         50       3647   usart.o

    ----------------------------------------------------------------------
      4962        434        246          8       1368      64170   Object Totals
         0          0         32          0          0          0   (incl. Generated)
        20          0          0          2          8          0   (incl. Padding)

    ----------------------------------------------------------------------

      Code (inc. data)   RO Data    RW Data    ZI Data      Debug   Library Member Name

         8          0          0          0          0         68   __main.o
       108          0          0          0          0         76   __printf.o
         0          0          0          0          0          0   __rtentry.o
        12          0          0          0          0          0   __rtentry2.o
         6          0          0          0          0          0   __rtentry4.o
        60          8          0          0          0          0   __scatter.o
        26          0          0          0          0          0   __scatter_copy.o
        28          0          0          0          0          0   __scatter_zi.o
        48          6          0          0          0         88   _printf_char_common.o
       108         18          0          0          0         76   _printf_dec.o
       176          0          0          0          0         84   _printf_intcommon.o
         2          0          0          0          0          0   _printf_percent.o
         4          0          0          0          0          0   _printf_percent_end.o
        10          0          0          0          0          0   _printf_u.o
        10          0          0          0          0         60   _sputc.o
       502          0          0          0          0         92   aeabi_sdivfast.o
        16          0          0          0          0         68   exit.o
         6          0          0          0          0        136   heapauxi.o
         0          0          0          0          0          0   indicate_semi.o
         2          0          0          0          0          0   libinit.o
         2          0          0          0          0          0   libinit2.o
         2          0          0          0          0          0   libshutdown.o
         2          0          0          0          0          0   libshutdown2.o
         8          4          0          0         96         68   libspace.o
        40          4          0          0          0         84   noretval__2sprintf.o
         2          0          0          0          0          0   rtexit.o
        10          0          0          0          0          0   rtexit2.o
        40          0          0          0          0         60   rtudiv10.o
        12          4          0          0          0         60   sys_exit.o
        62          0          0          0          0         80   sys_stackheap_outer.o
         2          0          0          0          0         68   use_no_semi.o

    ----------------------------------------------------------------------
      1320         44          0          0         96       1168   Library Totals
         6          0          0          0          0          0   (incl. Padding)

    ----------------------------------------------------------------------

      Code (inc. data)   RO Data    RW Data    ZI Data      Debug   Library Name

      1314         44          0          0         96       1168   c_p.l

    ----------------------------------------------------------------------
      1320         44          0          0         96       1168   Library Totals

    ----------------------------------------------------------------------

==============================================================================


      Code (inc. data)   RO Data    RW Data    ZI Data      Debug   

      6282        478        246          8       1464      64646   Grand Totals
      6282        478        246          8       1464      64646   ELF Image Totals
      6282        478        246          8          0          0   ROM Totals

==============================================================================

    Total RO  Size (Code + RO Data)                 6528 (   6.38kB)
    Total RW  Size (RW Data + ZI Data)              1472 (   1.44kB)
    Total ROM Size (Code + RO Data + RW Data)       6536 (   6.38kB)

==============================================================================

