Component: ARM Compiler 6.16 Tool: armlink [5dfeaa00]

==============================================================================

Section Cross References

    startup_stm32f030x6.o(STACK) refers (Special) to heapauxi.o(.text) for __use_two_region_memory
    startup_stm32f030x6.o(HEAP) refers (Special) to heapauxi.o(.text) for __use_two_region_memory
    startup_stm32f030x6.o(RESET) refers (Special) to heapauxi.o(.text) for __use_two_region_memory
    startup_stm32f030x6.o(RESET) refers to startup_stm32f030x6.o(STACK) for __initial_sp
    startup_stm32f030x6.o(RESET) refers to startup_stm32f030x6.o(.text) for Reset_Handler
    startup_stm32f030x6.o(RESET) refers to stm32f0xx_it.o(.text.NMI_Handler) for NMI_Handler
    startup_stm32f030x6.o(RESET) refers to stm32f0xx_it.o(.text.HardFault_Handler) for HardFault_Handler
    startup_stm32f030x6.o(RESET) refers to stm32f0xx_it.o(.text.SVC_Handler) for SVC_Handler
    startup_stm32f030x6.o(RESET) refers to stm32f0xx_it.o(.text.PendSV_Handler) for PendSV_Handler
    startup_stm32f030x6.o(RESET) refers to stm32f0xx_it.o(.text.SysTick_Handler) for SysTick_Handler
    startup_stm32f030x6.o(RESET) refers to tim.o(.text.TIM17_IRQHandler) for TIM17_IRQHandler
    startup_stm32f030x6.o(.text) refers (Special) to heapauxi.o(.text) for __use_two_region_memory
    startup_stm32f030x6.o(.text) refers to system_stm32f0xx.o(.text.SystemInit) for SystemInit
    startup_stm32f030x6.o(.text) refers to __main.o(!!!main) for __main
    startup_stm32f030x6.o(.text) refers to startup_stm32f030x6.o(HEAP) for Heap_Mem
    startup_stm32f030x6.o(.text) refers to startup_stm32f030x6.o(STACK) for Stack_Mem
    stanok_math.o(.text.calc_period_pulse) refers to aeabi_sdivfast.o(.text_divfast) for __aeabi_uidiv
    stanok_math.o(.ARM.exidx.text.calc_period_pulse) refers to stanok_math.o(.text.calc_period_pulse) for [Anonymous Symbol]
    drive.o(.text) refers (Special) to _printf_dec.o(.text) for _printf_int_dec
    drive.o(.text) refers (Special) to _printf_percent.o(.ARM.Collect$$_printf_percent$$00000000) for _printf_percent
    drive.o(.text) refers (Special) to _printf_u.o(.ARM.Collect$$_printf_percent$$0000000A) for _printf_u
    drive.o(.text.drive_init) refers (Special) to _printf_dec.o(.text) for _printf_int_dec
    drive.o(.text.drive_init) refers (Special) to _printf_percent.o(.ARM.Collect$$_printf_percent$$00000000) for _printf_percent
    drive.o(.text.drive_init) refers (Special) to _printf_u.o(.ARM.Collect$$_printf_percent$$0000000A) for _printf_u
    drive.o(.text.drive_init) refers to stanok_math.o(.text.calc_period_pulse) for calc_period_pulse
    drive.o(.text.drive_init) refers to drive.o(.bss.status_flag) for status_flag
    drive.o(.ARM.exidx.text.drive_init) refers (Special) to _printf_dec.o(.text) for _printf_int_dec
    drive.o(.ARM.exidx.text.drive_init) refers (Special) to _printf_percent.o(.ARM.Collect$$_printf_percent$$00000000) for _printf_percent
    drive.o(.ARM.exidx.text.drive_init) refers (Special) to _printf_u.o(.ARM.Collect$$_printf_percent$$0000000A) for _printf_u
    drive.o(.ARM.exidx.text.drive_init) refers to drive.o(.text.drive_init) for [Anonymous Symbol]
    drive.o(.text.setup_turn) refers (Special) to _printf_dec.o(.text) for _printf_int_dec
    drive.o(.text.setup_turn) refers (Special) to _printf_percent.o(.ARM.Collect$$_printf_percent$$00000000) for _printf_percent
    drive.o(.text.setup_turn) refers (Special) to _printf_u.o(.ARM.Collect$$_printf_percent$$0000000A) for _printf_u
    drive.o(.text.setup_turn) refers to encoder.o(.text.read_enc_data) for read_enc_data
    drive.o(.text.setup_turn) refers to stanok_math.o(.text.calc_period_pulse) for calc_period_pulse
    drive.o(.ARM.exidx.text.setup_turn) refers (Special) to _printf_dec.o(.text) for _printf_int_dec
    drive.o(.ARM.exidx.text.setup_turn) refers (Special) to _printf_percent.o(.ARM.Collect$$_printf_percent$$00000000) for _printf_percent
    drive.o(.ARM.exidx.text.setup_turn) refers (Special) to _printf_u.o(.ARM.Collect$$_printf_percent$$0000000A) for _printf_u
    drive.o(.ARM.exidx.text.setup_turn) refers to drive.o(.text.setup_turn) for [Anonymous Symbol]
    drive.o(.text.turn_drive_start) refers (Special) to _printf_dec.o(.text) for _printf_int_dec
    drive.o(.text.turn_drive_start) refers (Special) to _printf_percent.o(.ARM.Collect$$_printf_percent$$00000000) for _printf_percent
    drive.o(.text.turn_drive_start) refers (Special) to _printf_u.o(.ARM.Collect$$_printf_percent$$0000000A) for _printf_u
    drive.o(.text.turn_drive_start) refers to tim.o(.text.drive_PWM_start) for drive_PWM_start
    drive.o(.ARM.exidx.text.turn_drive_start) refers (Special) to _printf_dec.o(.text) for _printf_int_dec
    drive.o(.ARM.exidx.text.turn_drive_start) refers (Special) to _printf_percent.o(.ARM.Collect$$_printf_percent$$00000000) for _printf_percent
[...]
    .ARM.Collect$$libinit$$00000021          0x0800013e   Section        0  libinit2.o(.ARM.Collect$$libinit$$00000021)
    .ARM.Collect$$libinit$$00000023          0x0800013e   Section        0  libinit2.o(.ARM.Collect$$libinit$$00000023)
    .ARM.Collect$$libinit$$00000025          0x0800013e   Section        0  libinit2.o(.ARM.Collect$$libinit$$00000025)
    .ARM.Collect$$libinit$$0000002C          0x0800013e   Section        0  libinit2.o(.ARM.Collect$$libinit$$0000002C)
    .ARM.Collect$$libinit$$0000002E          0x0800013e   Section        0  libinit2.o(.ARM.Collect$$libinit$$0000002E)
    .ARM.Collect$$libinit$$00000030          0x0800013e   Section        0  libinit2.o(.ARM.Collect$$libinit$$00000030)
    .ARM.Collect$$libinit$$00000032          0x0800013e   Section        0  libinit2.o(.ARM.Collect$$libinit$$00000032)
    .ARM.Collect$$libinit$$00000033          0x0800013e   Section        2  libinit2.o(.ARM.Collect$$libinit$$00000033)
    .ARM.Collect$$libshutdown$$00000000      0x08000140   Section        2  libshutdown.o(.ARM.Collect$$libshutdown$$00000000)
    .ARM.Collect$$libshutdown$$00000002      0x08000142   Section        0  libshutdown2.o(.ARM.Collect$$libshutdown$$00000002)
    .ARM.Collect$$libshutdown$$00000004      0x08000142   Section        0  libshutdown2.o(.ARM.Collect$$libshutdown$$00000004)
    .ARM.Collect$$libshutdown$$00000007      0x08000142   Section        0  libshutdown2.o(.ARM.Collect$$libshutdown$$00000007)
    .ARM.Collect$$libshutdown$$0000000A      0x08000142   Section        0  libshutdown2.o(.ARM.Collect$$libshutdown$$0000000A)
    .ARM.Collect$$libshutdown$$0000000C      0x08000142   Section        0  libshutdown2.o(.ARM.Collect$$libshutdown$$0000000C)
    .ARM.Collect$$libshutdown$$0000000F      0x08000142   Section        0  libshutdown2.o(.ARM.Collect$$libshutdown$$0000000F)
    .ARM.Collect$$libshutdown$$00000010      0x08000142   Section        2  libshutdown2.o(.ARM.Collect$$libshutdown$$00000010)
    .ARM.Collect$$rtentry$$00000000          0x08000144   Section        0  __rtentry.o(.ARM.Collect$$rtentry$$00000000)
    .ARM.Collect$$rtentry$$00000002          0x08000144   Section        0  __rtentry2.o(.ARM.Collect$$rtentry$$00000002)
    .ARM.Collect$$rtentry$$00000004          0x08000144   Section        6  __rtentry4.o(.ARM.Collect$$rtentry$$00000004)
    .ARM.Collect$$rtentry$$00000009          0x0800014a   Section        0  __rtentry2.o(.ARM.Collect$$rtentry$$00000009)
    .ARM.Collect$$rtentry$$0000000A          0x0800014a   Section        4  __rtentry2.o(.ARM.Collect$$rtentry$$0000000A)
    .ARM.Collect$$rtentry$$0000000C          0x0800014e   Section        0  __rtentry2.o(.ARM.Collect$$rtentry$$0000000C)
    .ARM.Collect$$rtentry$$0000000D          0x0800014e   Section        8  __rtentry2.o(.ARM.Collect$$rtentry$$0000000D)
    .ARM.Collect$$rtexit$$00000000           0x08000156   Section        2  rtexit.o(.ARM.Collect$$rtexit$$00000000)
    .ARM.Collect$$rtexit$$00000002           0x08000158   Section        0  rtexit2.o(.ARM.Collect$$rtexit$$00000002)
    .ARM.Collect$$rtexit$$00000003           0x08000158   Section        4  rtexit2.o(.ARM.Collect$$rtexit$$00000003)
    .ARM.Collect$$rtexit$$00000004           0x0800015c   Section        6  rtexit2.o(.ARM.Collect$$rtexit$$00000004)
    .emb_text                                0x08000164   Section       56  rt_memcpy.o(.emb_text)
    .text                                    0x0800019c   Section       56  startup_stm32f030x6.o(.text)
    .text                                    0x080001d4   Section        0  noretval__2sprintf.o(.text)
    .text                                    0x080001fc   Section        0  __printf.o(.text)
    .text                                    0x08000268   Section        0  _printf_dec.o(.text)
    .text                                    0x080002d4   Section        0  rt_memcpy.o(.text)
    .text                                    0x08000356   Section        0  heapauxi.o(.text)
    .text                                    0x0800035c   Section        0  _printf_intcommon.o(.text)
    _printf_input_char                       0x0800040d   Thumb Code    10  _printf_char_common.o(.text)
    .text                                    0x0800040c   Section        0  _printf_char_common.o(.text)
    .text                                    0x0800043c   Section        0  _sputc.o(.text)
    .text                                    0x08000446   Section        0  rtudiv10.o(.text)
    .text                                    0x0800046e   Section       62  sys_stackheap_outer.o(.text)
    .text                                    0x080004ac   Section        0  exit.o(.text)
    .text                                    0x080004bc   Section        8  libspace.o(.text)
    .text                                    0x080004c4   Section        0  sys_exit.o(.text)
    .text                                    0x080004d0   Section        2  use_no_semi.o(.text)
    [Anonymous Symbol]                       0x080004d2   Section        0  usart.o(.text.DBG_PutString)
    .text                                    0x080004d2   Section        0  indicate_semi.o(.text)
    [Anonymous Symbol]                       0x080004f8   Section        0  gpio.o(.text.Enable_Drive)
    __arm_cp.5_0                             0x08000518   Number         4  gpio.o(.text.Enable_Drive)
    [Anonymous Symbol]                       0x0800051c   Section        0  systick.o(.text.Get_SysTick)
    __arm_cp.2_0                             0x08000524   Number         4  systick.o(.text.Get_SysTick)
    [Anonymous Symbol]                       0x08000528   Section        0  stm32f0xx_it.o(.text.HardFault_Handler)
    LL_AHB1_GRP1_EnableClock                 0x0800052d   Thumb Code    24  gpio.o(.text.LL_AHB1_GRP1_EnableClock)
    [Anonymous Symbol]                       0x0800052c   Section        0  gpio.o(.text.LL_AHB1_GRP1_EnableClock)
    LL_AHB1_GRP1_EnableClock                 0x08000545   Thumb Code    28  tim.o(.text.LL_AHB1_GRP1_EnableClock)
    [Anonymous Symbol]                       0x08000544   Section        0  tim.o(.text.LL_AHB1_GRP1_EnableClock)
    LL_AHB1_GRP1_EnableClock                 0x08000561   Thumb Code    28  usart.o(.text.LL_AHB1_GRP1_EnableClock)
    [Anonymous Symbol]                       0x08000560   Section        0  usart.o(.text.LL_AHB1_GRP1_EnableClock)
    __arm_cp.2_0                             0x0800057c   Number         4  usart.o(.text.LL_AHB1_GRP1_EnableClock)
    LL_APB1_GRP1_EnableClock                 0x08000581   Thumb Code    28  main.o(.text.LL_APB1_GRP1_EnableClock)
    [Anonymous Symbol]                       0x08000580   Section        0  main.o(.text.LL_APB1_GRP1_EnableClock)
    LL_APB1_GRP1_EnableClock                 0x0800059d   Thumb Code    28  tim.o(.text.LL_APB1_GRP1_EnableClock)
    [Anonymous Symbol]                       0x0800059c   Section        0  tim.o(.text.LL_APB1_GRP1_EnableClock)
    __arm_cp.1_0                             0x080005b8   Number         4  tim.o(.text.LL_APB1_GRP1_EnableClock)
    LL_APB1_GRP2_EnableClock                 0x080005bd   Thumb Code    24  main.o(.text.LL_APB1_GRP2_EnableClock)
    [Anonymous Symbol]                       0x080005bc   Section        0  main.o(.text.LL_APB1_GRP2_EnableClock)
    LL_APB1_GRP2_EnableClock                 0x080005d5   Thumb Code    24  tim.o(.text.LL_APB1_GRP2_EnableClock)
    [Anonymous Symbol]                       0x080005d4   Section        0  tim.o(.text.LL_APB1_GRP2_EnableClock)
    LL_APB1_GRP2_EnableClock                 0x080005ed   Thumb Code    28  usart.o(.text.LL_APB1_GRP2_EnableClock)
    [Anonymous Symbol]                       0x080005ec   Section        0  usart.o(.text.LL_APB1_GRP2_EnableClock)
    __arm_cp.1_0                             0x08000608   Number         4  usart.o(.text.LL_APB1_GRP2_EnableClock)
    LL_FLASH_GetLatency                      0x0800060d   Thumb Code    12  main.o(.text.LL_FLASH_GetLatency)
    [Anonymous Symbol]                       0x0800060c   Section        0  main.o(.text.LL_FLASH_GetLatency)
    LL_FLASH_SetLatency                      0x08000619   Thumb Code    12  main.o(.text.LL_FLASH_SetLatency)
    [Anonymous Symbol]                       0x08000618   Section        0  main.o(.text.LL_FLASH_SetLatency)
    __arm_cp.5_0                             0x08000624   Number         4  main.o(.text.LL_FLASH_SetLatency)
    [Anonymous Symbol]                       0x08000628   Section        0  stm32f0xx_ll_gpio.o(.text.LL_GPIO_Init)
    LL_GPIO_IsInputPinSet                    0x080006a9   Thumb Code    12  gpio.o(.text.LL_GPIO_IsInputPinSet)
    [Anonymous Symbol]                       0x080006a8   Section        0  gpio.o(.text.LL_GPIO_IsInputPinSet)
    LL_GPIO_ResetOutputPin                   0x080006b5   Thumb Code     4  gpio.o(.text.LL_GPIO_ResetOutputPin)
    [Anonymous Symbol]                       0x080006b4   Section        0  gpio.o(.text.LL_GPIO_ResetOutputPin)
    LL_GPIO_SetAFPin_0_7                     0x080006b9   Thumb Code    20  stm32f0xx_ll_gpio.o(.text.LL_GPIO_SetAFPin_0_7)
    [Anonymous Symbol]                       0x080006b8   Section        0  stm32f0xx_ll_gpio.o(.text.LL_GPIO_SetAFPin_0_7)
    LL_GPIO_SetAFPin_8_15                    0x080006cd   Thumb Code    22  stm32f0xx_ll_gpio.o(.text.LL_GPIO_SetAFPin_8_15)
    [Anonymous Symbol]                       0x080006cc   Section        0  stm32f0xx_ll_gpio.o(.text.LL_GPIO_SetAFPin_8_15)
    LL_GPIO_SetOutputPin                     0x080006e3   Thumb Code     4  gpio.o(.text.LL_GPIO_SetOutputPin)
    [Anonymous Symbol]                       0x080006e2   Section        0  gpio.o(.text.LL_GPIO_SetOutputPin)
    LL_GPIO_SetPinMode                       0x080006e7   Thumb Code    18  stm32f0xx_ll_gpio.o(.text.LL_GPIO_SetPinMode)
    [Anonymous Symbol]                       0x080006e6   Section        0  stm32f0xx_ll_gpio.o(.text.LL_GPIO_SetPinMode)
    LL_GPIO_SetPinOutputType                 0x080006f9   Thumb Code    12  stm32f0xx_ll_gpio.o(.text.LL_GPIO_SetPinOutputType)
    [Anonymous Symbol]                       0x080006f8   Section        0  stm32f0xx_ll_gpio.o(.text.LL_GPIO_SetPinOutputType)
    LL_GPIO_SetPinPull                       0x08000705   Thumb Code    18  stm32f0xx_ll_gpio.o(.text.LL_GPIO_SetPinPull)
    [Anonymous Symbol]                       0x08000704   Section        0  stm32f0xx_ll_gpio.o(.text.LL_GPIO_SetPinPull)
    LL_GPIO_SetPinSpeed                      0x08000717   Thumb Code    18  stm32f0xx_ll_gpio.o(.text.LL_GPIO_SetPinSpeed)
    [Anonymous Symbol]                       0x08000716   Section        0  stm32f0xx_ll_gpio.o(.text.LL_GPIO_SetPinSpeed)
    [Anonymous Symbol]                       0x08000728   Section        0  stm32f0xx_ll_utils.o(.text.LL_Init1msTick)
    LL_InitTick                              0x08000731   Thumb Code    28  stm32f0xx_ll_utils.o(.text.LL_InitTick)
    [Anonymous Symbol]                       0x08000730   Section        0  stm32f0xx_ll_utils.o(.text.LL_InitTick)
    __arm_cp.1_0                             0x0800074c   Number         4  stm32f0xx_ll_utils.o(.text.LL_InitTick)
    LL_RCC_GetAHBPrescaler                   0x08000751   Thumb Code    12  stm32f0xx_ll_rcc.o(.text.LL_RCC_GetAHBPrescaler)
    [Anonymous Symbol]                       0x08000750   Section        0  stm32f0xx_ll_rcc.o(.text.LL_RCC_GetAHBPrescaler)
    LL_RCC_GetAPB1Prescaler                  0x0800075d   Thumb Code    12  stm32f0xx_ll_rcc.o(.text.LL_RCC_GetAPB1Prescaler)
    [Anonymous Symbol]                       0x0800075c   Section        0  stm32f0xx_ll_rcc.o(.text.LL_RCC_GetAPB1Prescaler)
    LL_RCC_GetSysClkSource                   0x08000769   Thumb Code    12  main.o(.text.LL_RCC_GetSysClkSource)
    [Anonymous Symbol]                       0x08000768   Section        0  main.o(.text.LL_RCC_GetSysClkSource)
    LL_RCC_GetSysClkSource                   0x08000775   Thumb Code    12  stm32f0xx_ll_rcc.o(.text.LL_RCC_GetSysClkSource)
    [Anonymous Symbol]                       0x08000774   Section        0  stm32f0xx_ll_rcc.o(.text.LL_RCC_GetSysClkSource)
    [Anonymous Symbol]                       0x08000780   Section        0  stm32f0xx_ll_rcc.o(.text.LL_RCC_GetUSARTClockFreq)
    __arm_cp.15_0                            0x080007c8   Number         4  stm32f0xx_ll_rcc.o(.text.LL_RCC_GetUSARTClockFreq)
    LL_RCC_GetUSARTClockSource               0x080007cd   Thumb Code    12  stm32f0xx_ll_rcc.o(.text.LL_RCC_GetUSARTClockSource)
    [Anonymous Symbol]                       0x080007cc   Section        0  stm32f0xx_ll_rcc.o(.text.LL_RCC_GetUSARTClockSource)
    LL_RCC_HSI_Enable                        0x080007d9   Thumb Code    12  main.o(.text.LL_RCC_HSI_Enable)
    [Anonymous Symbol]                       0x080007d8   Section        0  main.o(.text.LL_RCC_HSI_Enable)
    LL_RCC_HSI_IsReady                       0x080007e5   Thumb Code    12  main.o(.text.LL_RCC_HSI_IsReady)
    [Anonymous Symbol]                       0x080007e4   Section        0  main.o(.text.LL_RCC_HSI_IsReady)
    LL_RCC_HSI_IsReady                       0x080007f1   Thumb Code    12  stm32f0xx_ll_rcc.o(.text.LL_RCC_HSI_IsReady)
    [Anonymous Symbol]                       0x080007f0   Section        0  stm32f0xx_ll_rcc.o(.text.LL_RCC_HSI_IsReady)
    LL_RCC_HSI_SetCalibTrimming              0x080007fd   Thumb Code    16  main.o(.text.LL_RCC_HSI_SetCalibTrimming)
    [Anonymous Symbol]                       0x080007fc   Section        0  main.o(.text.LL_RCC_HSI_SetCalibTrimming)
    LL_RCC_LSE_IsReady                       0x0800080d   Thumb Code    12  stm32f0xx_ll_rcc.o(.text.LL_RCC_LSE_IsReady)
    [Anonymous Symbol]                       0x0800080c   Section        0  stm32f0xx_ll_rcc.o(.text.LL_RCC_LSE_IsReady)
    __arm_cp.17_0                            0x08000818   Number         4  stm32f0xx_ll_rcc.o(.text.LL_RCC_LSE_IsReady)
    LL_RCC_LSI_Enable                        0x0800081d   Thumb Code    12  main.o(.text.LL_RCC_LSI_Enable)
    [Anonymous Symbol]                       0x0800081c   Section        0  main.o(.text.LL_RCC_LSI_Enable)
    LL_RCC_LSI_IsReady                       0x08000829   Thumb Code    12  main.o(.text.LL_RCC_LSI_IsReady)
    [Anonymous Symbol]                       0x08000828   Section        0  main.o(.text.LL_RCC_LSI_IsReady)
    __arm_cp.11_0                            0x08000834   Number         4  main.o(.text.LL_RCC_LSI_IsReady)
    LL_RCC_PLL_ConfigDomain_SYS              0x08000839   Thumb Code    28  main.o(.text.LL_RCC_PLL_ConfigDomain_SYS)
    [Anonymous Symbol]                       0x08000838   Section        0  main.o(.text.LL_RCC_PLL_ConfigDomain_SYS)
    LL_RCC_PLL_Enable                        0x08000855   Thumb Code    16  main.o(.text.LL_RCC_PLL_Enable)
    [Anonymous Symbol]                       0x08000854   Section        0  main.o(.text.LL_RCC_PLL_Enable)
    LL_RCC_PLL_GetMainSource                 0x08000865   Thumb Code    12  stm32f0xx_ll_rcc.o(.text.LL_RCC_PLL_GetMainSource)
    [Anonymous Symbol]                       0x08000864   Section        0  stm32f0xx_ll_rcc.o(.text.LL_RCC_PLL_GetMainSource)
    LL_RCC_PLL_GetMultiplicator              0x08000871   Thumb Code    12  stm32f0xx_ll_rcc.o(.text.LL_RCC_PLL_GetMultiplicator)
    [Anonymous Symbol]                       0x08000870   Section        0  stm32f0xx_ll_rcc.o(.text.LL_RCC_PLL_GetMultiplicator)
    LL_RCC_PLL_GetPrediv                     0x0800087d   Thumb Code    12  stm32f0xx_ll_rcc.o(.text.LL_RCC_PLL_GetPrediv)
    [Anonymous Symbol]                       0x0800087c   Section        0  stm32f0xx_ll_rcc.o(.text.LL_RCC_PLL_GetPrediv)
    __arm_cp.24_0                            0x08000888   Number         4  stm32f0xx_ll_rcc.o(.text.LL_RCC_PLL_GetPrediv)
    LL_RCC_PLL_IsReady                       0x0800088d   Thumb Code    12  main.o(.text.LL_RCC_PLL_IsReady)
    [Anonymous Symbol]                       0x0800088c   Section        0  main.o(.text.LL_RCC_PLL_IsReady)
    __arm_cp.14_0                            0x08000898   Number         4  main.o(.text.LL_RCC_PLL_IsReady)
    LL_RCC_SetAHBPrescaler                   0x0800089d   Thumb Code    12  main.o(.text.LL_RCC_SetAHBPrescaler)
    [Anonymous Symbol]                       0x0800089c   Section        0  main.o(.text.LL_RCC_SetAHBPrescaler)
    LL_RCC_SetAPB1Prescaler                  0x080008a9   Thumb Code    16  main.o(.text.LL_RCC_SetAPB1Prescaler)
    [Anonymous Symbol]                       0x080008a8   Section        0  main.o(.text.LL_RCC_SetAPB1Prescaler)
    LL_RCC_SetSysClkSource                   0x080008b9   Thumb Code    16  main.o(.text.LL_RCC_SetSysClkSource)
    [Anonymous Symbol]                       0x080008b8   Section        0  main.o(.text.LL_RCC_SetSysClkSource)
    __arm_cp.17_0                            0x080008c8   Number         4  main.o(.text.LL_RCC_SetSysClkSource)
    LL_RCC_SetUSARTClockSource               0x080008cd   Thumb Code    12  main.o(.text.LL_RCC_SetUSARTClockSource)
    [Anonymous Symbol]                       0x080008cc   Section        0  main.o(.text.LL_RCC_SetUSARTClockSource)
    __arm_cp.19_0                            0x080008d8   Number         4  main.o(.text.LL_RCC_SetUSARTClockSource)
    [Anonymous Symbol]                       0x080008dc   Section        0  stm32f0xx_ll_utils.o(.text.LL_SetSystemCoreClock)
    __arm_cp.3_0                             0x080008e4   Number         4  stm32f0xx_ll_utils.o(.text.LL_SetSystemCoreClock)
    LL_TIM_CC_DisableChannel                 0x080008e9   Thumb Code    12  tim.o(.text.LL_TIM_CC_DisableChannel)
    [Anonymous Symbol]                       0x080008e8   Section        0  tim.o(.text.LL_TIM_CC_DisableChannel)
    __arm_cp.15_0                            0x080008f4   Number         4  tim.o(.text.LL_TIM_CC_DisableChannel)
    LL_TIM_CC_EnableChannel                  0x080008f9   Thumb Code     8  tim.o(.text.LL_TIM_CC_EnableChannel)
    [Anonymous Symbol]                       0x080008f8   Section        0  tim.o(.text.LL_TIM_CC_EnableChannel)
    LL_TIM_ClearFlag_UPDATE                  0x08000901   Thumb Code     8  tim.o(.text.LL_TIM_ClearFlag_UPDATE)
    [Anonymous Symbol]                       0x08000900   Section        0  tim.o(.text.LL_TIM_ClearFlag_UPDATE)
    LL_TIM_DisableARRPreload                 0x08000909   Thumb Code    10  tim.o(.text.LL_TIM_DisableARRPreload)
    [Anonymous Symbol]                       0x08000908   Section        0  tim.o(.text.LL_TIM_DisableARRPreload)
    LL_TIM_DisableCounter                    0x08000915   Thumb Code    12  gpio.o(.text.LL_TIM_DisableCounter)
    [Anonymous Symbol]                       0x08000914   Section        0  gpio.o(.text.LL_TIM_DisableCounter)
    LL_TIM_DisableCounter                    0x08000921   Thumb Code    10  tim.o(.text.LL_TIM_DisableCounter)
    [Anonymous Symbol]                       0x08000920   Section        0  tim.o(.text.LL_TIM_DisableCounter)
    LL_TIM_EnableCounter                     0x0800092b   Thumb Code    10  tim.o(.text.LL_TIM_EnableCounter)
    [Anonymous Symbol]                       0x0800092a   Section        0  tim.o(.text.LL_TIM_EnableCounter)
    LL_TIM_EnableIT_UPDATE                   0x08000935   Thumb Code    12  tim.o(.text.LL_TIM_EnableIT_UPDATE)
    [Anonymous Symbol]                       0x08000934   Section        0  tim.o(.text.LL_TIM_EnableIT_UPDATE)
    __arm_cp.33_0                            0x08000940   Number         4  tim.o(.text.LL_TIM_EnableIT_UPDATE)
    LL_TIM_GenerateEvent_UPDATE              0x08000945   Thumb Code    10  stm32f0xx_ll_tim.o(.text.LL_TIM_GenerateEvent_UPDATE)
    [Anonymous Symbol]                       0x08000944   Section        0  stm32f0xx_ll_tim.o(.text.LL_TIM_GenerateEvent_UPDATE)
    [Anonymous Symbol]                       0x08000950   Section        0  stm32f0xx_ll_tim.o(.text.LL_TIM_Init)
    __arm_cp.6_0                             0x080009d8   Number         4  stm32f0xx_ll_tim.o(.text.LL_TIM_Init)
    __arm_cp.6_1                             0x080009dc   Number         4  stm32f0xx_ll_tim.o(.text.LL_TIM_Init)
    __arm_cp.6_2                             0x080009e0   Number         4  stm32f0xx_ll_tim.o(.text.LL_TIM_Init)
    __arm_cp.6_3                             0x080009e4   Number         4  stm32f0xx_ll_tim.o(.text.LL_TIM_Init)
    __arm_cp.6_4                             0x080009e8   Number         4  stm32f0xx_ll_tim.o(.text.LL_TIM_Init)
    LL_TIM_IsActiveFlag_UPDATE               0x080009ed   Thumb Code     8  tim.o(.text.LL_TIM_IsActiveFlag_UPDATE)
    [Anonymous Symbol]                       0x080009ec   Section        0  tim.o(.text.LL_TIM_IsActiveFlag_UPDATE)
    LL_TIM_OC_DisableFast                    0x080009f5   Thumb Code    12  tim.o(.text.LL_TIM_OC_DisableFast)
    [Anonymous Symbol]                       0x080009f4   Section        0  tim.o(.text.LL_TIM_OC_DisableFast)
    LL_TIM_OC_EnablePreload                  0x08000a01   Thumb Code    12  tim.o(.text.LL_TIM_OC_EnablePreload)
    [Anonymous Symbol]                       0x08000a00   Section        0  tim.o(.text.LL_TIM_OC_EnablePreload)
    __arm_cp.3_0                             0x08000a0c   Number         4  tim.o(.text.LL_TIM_OC_EnablePreload)
    [Anonymous Symbol]                       0x08000a10   Section        0  stm32f0xx_ll_tim.o(.text.LL_TIM_OC_Init)
    LL_TIM_OC_SetCompareCH1                  0x08000a61   Thumb Code     8  tim.o(.text.LL_TIM_OC_SetCompareCH1)
    [Anonymous Symbol]                       0x08000a60   Section        0  tim.o(.text.LL_TIM_OC_SetCompareCH1)
    __arm_cp.8_0                             0x08000a68   Number         4  tim.o(.text.LL_TIM_OC_SetCompareCH1)
    LL_TIM_OC_SetCompareCH1                  0x08000a6d   Thumb Code     4  stm32f0xx_ll_tim.o(.text.LL_TIM_OC_SetCompareCH1)
    [Anonymous Symbol]                       0x08000a6c   Section        0  stm32f0xx_ll_tim.o(.text.LL_TIM_OC_SetCompareCH1)
    LL_TIM_OC_SetCompareCH2                  0x08000a71   Thumb Code     4  stm32f0xx_ll_tim.o(.text.LL_TIM_OC_SetCompareCH2)
    [Anonymous Symbol]                       0x08000a70   Section        0  stm32f0xx_ll_tim.o(.text.LL_TIM_OC_SetCompareCH2)
    LL_TIM_OC_SetCompareCH3                  0x08000a75   Thumb Code     4  stm32f0xx_ll_tim.o(.text.LL_TIM_OC_SetCompareCH3)
    [Anonymous Symbol]                       0x08000a74   Section        0  stm32f0xx_ll_tim.o(.text.LL_TIM_OC_SetCompareCH3)
    LL_TIM_OC_SetCompareCH4                  0x08000a79   Thumb Code     4  stm32f0xx_ll_tim.o(.text.LL_TIM_OC_SetCompareCH4)
    [Anonymous Symbol]                       0x08000a78   Section        0  stm32f0xx_ll_tim.o(.text.LL_TIM_OC_SetCompareCH4)
    LL_TIM_SetAutoReload                     0x08000a7d   Thumb Code     4  tim.o(.text.LL_TIM_SetAutoReload)
    [Anonymous Symbol]                       0x08000a7c   Section        0  tim.o(.text.LL_TIM_SetAutoReload)
    LL_TIM_SetAutoReload                     0x08000a81   Thumb Code     4  stm32f0xx_ll_tim.o(.text.LL_TIM_SetAutoReload)
    [Anonymous Symbol]                       0x08000a80   Section        0  stm32f0xx_ll_tim.o(.text.LL_TIM_SetAutoReload)
    LL_TIM_SetCounter                        0x08000a85   Thumb Code     4  tim.o(.text.LL_TIM_SetCounter)
    [Anonymous Symbol]                       0x08000a84   Section        0  tim.o(.text.LL_TIM_SetCounter)
    LL_TIM_SetPrescaler                      0x08000a89   Thumb Code     4  stm32f0xx_ll_tim.o(.text.LL_TIM_SetPrescaler)
    [Anonymous Symbol]                       0x08000a88   Section        0  stm32f0xx_ll_tim.o(.text.LL_TIM_SetPrescaler)
    LL_TIM_SetRepetitionCounter              0x08000a8d   Thumb Code     4  stm32f0xx_ll_tim.o(.text.LL_TIM_SetRepetitionCounter)
    [Anonymous Symbol]                       0x08000a8c   Section        0  stm32f0xx_ll_tim.o(.text.LL_TIM_SetRepetitionCounter)
    LL_USART_ConfigAsyncMode                 0x08000a91   Thumb Code    24  usart.o(.text.LL_USART_ConfigAsyncMode)
    [Anonymous Symbol]                       0x08000a90   Section        0  usart.o(.text.LL_USART_ConfigAsyncMode)
    __arm_cp.4_0                             0x08000aa8   Number         4  usart.o(.text.LL_USART_ConfigAsyncMode)
    LL_USART_DisableIT_CTS                   0x08000aad   Thumb Code    16  usart.o(.text.LL_USART_DisableIT_CTS)
    [Anonymous Symbol]                       0x08000aac   Section        0  usart.o(.text.LL_USART_DisableIT_CTS)
    __arm_cp.3_0                             0x08000abc   Number         4  usart.o(.text.LL_USART_DisableIT_CTS)
    LL_USART_Enable                          0x08000ac1   Thumb Code    12  usart.o(.text.LL_USART_Enable)
    [Anonymous Symbol]                       0x08000ac0   Section        0  usart.o(.text.LL_USART_Enable)
    [Anonymous Symbol]                       0x08000acc   Section        0  stm32f0xx_ll_usart.o(.text.LL_USART_Init)
    __arm_cp.3_0                             0x08000b38   Number         4  stm32f0xx_ll_usart.o(.text.LL_USART_Init)
    LL_USART_IsActiveFlag_TC                 0x08000b3d   Thumb Code    12  usart.o(.text.LL_USART_IsActiveFlag_TC)
    [Anonymous Symbol]                       0x08000b3c   Section        0  usart.o(.text.LL_USART_IsActiveFlag_TC)
    __arm_cp.7_0                             0x08000b48   Number         4  usart.o(.text.LL_USART_IsActiveFlag_TC)
    LL_USART_IsEnabled                       0x08000b4d   Thumb Code     8  stm32f0xx_ll_usart.o(.text.LL_USART_IsEnabled)
    [Anonymous Symbol]                       0x08000b4c   Section        0  stm32f0xx_ll_usart.o(.text.LL_USART_IsEnabled)
    LL_USART_SetBaudRate                     0x08000b55   Thumb Code    56  stm32f0xx_ll_usart.o(.text.LL_USART_SetBaudRate)
    [Anonymous Symbol]                       0x08000b54   Section        0  stm32f0xx_ll_usart.o(.text.LL_USART_SetBaudRate)
    __arm_cp.7_0                             0x08000b8c   Number         4  stm32f0xx_ll_usart.o(.text.LL_USART_SetBaudRate)
    LL_USART_SetHWFlowCtrl                   0x08000b91   Thumb Code    14  stm32f0xx_ll_usart.o(.text.LL_USART_SetHWFlowCtrl)
    [Anonymous Symbol]                       0x08000b90   Section        0  stm32f0xx_ll_usart.o(.text.LL_USART_SetHWFlowCtrl)
    LL_USART_SetStopBitsLength               0x08000b9f   Thumb Code    14  stm32f0xx_ll_usart.o(.text.LL_USART_SetStopBitsLength)
    [Anonymous Symbol]                       0x08000b9e   Section        0  stm32f0xx_ll_usart.o(.text.LL_USART_SetStopBitsLength)
    LL_USART_TransmitData8                   0x08000bad   Thumb Code     8  usart.o(.text.LL_USART_TransmitData8)
    [Anonymous Symbol]                       0x08000bac   Section        0  usart.o(.text.LL_USART_TransmitData8)
    __arm_cp.8_0                             0x08000bb4   Number         4  usart.o(.text.LL_USART_TransmitData8)
    [Anonymous Symbol]                       0x08000bb8   Section        0  gpio.o(.text.MX_GPIO_Init)
    __arm_cp.0_0                             0x08000c58   Number         4  gpio.o(.text.MX_GPIO_Init)
    __arm_cp.0_1                             0x08000c5c   Number         4  gpio.o(.text.MX_GPIO_Init)
    [Anonymous Symbol]                       0x08000c60   Section        0  tim.o(.text.MX_TIM14_Init)
    __arm_cp.0_0                             0x08000cf4   Number         4  tim.o(.text.MX_TIM14_Init)
    __arm_cp.0_1                             0x08000cf8   Number         4  tim.o(.text.MX_TIM14_Init)
    [Anonymous Symbol]                       0x08000cfc   Section        0  usart.o(.text.MX_USART1_UART_Init)
    __arm_cp.0_0                             0x08000d90   Number         4  usart.o(.text.MX_USART1_UART_Init)
    [Anonymous Symbol]                       0x08000d94   Section        0  stm32f0xx_it.o(.text.NMI_Handler)
    OC1Config                                0x08000d99   Thumb Code   124  stm32f0xx_ll_tim.o(.text.OC1Config)
    [Anonymous Symbol]                       0x08000d98   Section        0  stm32f0xx_ll_tim.o(.text.OC1Config)
    OC2Config                                0x08000e15   Thumb Code   140  stm32f0xx_ll_tim.o(.text.OC2Config)
    [Anonymous Symbol]                       0x08000e14   Section        0  stm32f0xx_ll_tim.o(.text.OC2Config)
    __arm_cp.14_3                            0x08000ea0   Number         4  stm32f0xx_ll_tim.o(.text.OC2Config)
    OC3Config                                0x08000ea5   Thumb Code   140  stm32f0xx_ll_tim.o(.text.OC3Config)
    [Anonymous Symbol]                       0x08000ea4   Section        0  stm32f0xx_ll_tim.o(.text.OC3Config)
    __arm_cp.15_0                            0x08000f30   Number         4  stm32f0xx_ll_tim.o(.text.OC3Config)
    __arm_cp.15_4                            0x08000f34   Number         4  stm32f0xx_ll_tim.o(.text.OC3Config)
    OC4Config                                0x08000f39   Thumb Code   112  stm32f0xx_ll_tim.o(.text.OC4Config)
    [Anonymous Symbol]                       0x08000f38   Section        0  stm32f0xx_ll_tim.o(.text.OC4Config)
    __arm_cp.16_0                            0x08000fa8   Number         4  stm32f0xx_ll_tim.o(.text.OC4Config)
    __arm_cp.16_2                            0x08000fac   Number         4  stm32f0xx_ll_tim.o(.text.OC4Config)
    [Anonymous Symbol]                       0x08000fb0   Section        0  stm32f0xx_it.o(.text.PendSV_Handler)
    [Anonymous Symbol]                       0x08000fb4   Section        0  stm32f0xx_ll_rcc.o(.text.RCC_GetHCLKClockFreq)
    __arm_cp.13_0                            0x08000fcc   Number         4  stm32f0xx_ll_rcc.o(.text.RCC_GetHCLKClockFreq)
    [Anonymous Symbol]                       0x08000fd0   Section        0  stm32f0xx_ll_rcc.o(.text.RCC_GetPCLK1ClockFreq)
    __arm_cp.14_0                            0x08000fe4   Number         4  stm32f0xx_ll_rcc.o(.text.RCC_GetPCLK1ClockFreq)
    [Anonymous Symbol]                       0x08000fe8   Section        0  stm32f0xx_ll_rcc.o(.text.RCC_GetSystemClockFreq)
    [Anonymous Symbol]                       0x08000ffc   Section        0  stm32f0xx_ll_rcc.o(.text.RCC_PLL_GetFreqDomain_SYS)
    __arm_cp.20_0                            0x0800103c   Number         4  stm32f0xx_ll_rcc.o(.text.RCC_PLL_GetFreqDomain_SYS)
    __arm_cp.20_1                            0x08001040   Number         4  stm32f0xx_ll_rcc.o(.text.RCC_PLL_GetFreqDomain_SYS)
    Read_Status_BTN2                         0x08001045   Thumb Code    18  gpio.o(.text.Read_Status_BTN2)
    [Anonymous Symbol]                       0x08001044   Section        0  gpio.o(.text.Read_Status_BTN2)
    Read_Status_Sensor                       0x08001059   Thumb Code    16  gpio.o(.text.Read_Status_Sensor)
    [Anonymous Symbol]                       0x08001058   Section        0  gpio.o(.text.Read_Status_Sensor)
    __arm_cp.7_0                             0x08001068   Number         4  gpio.o(.text.Read_Status_Sensor)
    [Anonymous Symbol]                       0x0800106c   Section        0  stm32f0xx_it.o(.text.SVC_Handler)
    [Anonymous Symbol]                       0x0800106e   Section        0  gpio.o(.text.Select_Drive_Direction)
    [Anonymous Symbol]                       0x08001090   Section        0  systick.o(.text.SysTick_Callback)
    __arm_cp.1_0                             0x080010a8   Number         4  systick.o(.text.SysTick_Callback)
    [Anonymous Symbol]                       0x080010ac   Section        0  stm32f0xx_it.o(.text.SysTick_Handler)
    [Anonymous Symbol]                       0x080010b4   Section        0  systick.o(.text.SysTick_Init)
    __arm_cp.0_0                             0x080010dc   Number         4  systick.o(.text.SysTick_Init)
    __arm_cp.0_1                             0x080010e0   Number         4  systick.o(.text.SysTick_Init)
    __arm_cp.0_2                             0x080010e4   Number         4  systick.o(.text.SysTick_Init)
    [Anonymous Symbol]                       0x080010e8   Section        0  main.o(.text.SystemClock_Config)
    __arm_cp.4_0                             0x0800114c   Number         4  main.o(.text.SystemClock_Config)
    [Anonymous Symbol]                       0x08001150   Section        0  system_stm32f0xx.o(.text.SystemInit)
    [Anonymous Symbol]                       0x08001154   Section        0  tim.o(.text.TIM17_IRQHandler)
    __arm_cp.20_0                            0x08001170   Number         4  tim.o(.text.TIM17_IRQHandler)
    [Anonymous Symbol]                       0x08001174   Section        0  gpio.o(.text.Timer_Bounce_Callback)
    __arm_cp.12_0                            0x08001194   Number         4  gpio.o(.text.Timer_Bounce_Callback)
    __arm_cp.12_1                            0x08001198   Number         4  gpio.o(.text.Timer_Bounce_Callback)
    __NVIC_EnableIRQ                         0x080011ad   Thumb Code    12  tim.o(.text.__NVIC_EnableIRQ)
    [Anonymous Symbol]                       0x080011ac   Section        0  tim.o(.text.__NVIC_EnableIRQ)
    __arm_cp.35_0                            0x080011b8   Number         4  tim.o(.text.__NVIC_EnableIRQ)
    __NVIC_SetPriority                       0x080011bd   Thumb Code    20  main.o(.text.__NVIC_SetPriority)
    [Anonymous Symbol]                       0x080011bc   Section        0  main.o(.text.__NVIC_SetPriority)
    __arm_cp.3_0                             0x080011d0   Number         4  main.o(.text.__NVIC_SetPriority)
    __NVIC_SetPriority                       0x080011d5   Thumb Code    20  tim.o(.text.__NVIC_SetPriority)
    [Anonymous Symbol]                       0x080011d4   Section        0  tim.o(.text.__NVIC_SetPriority)
    __arm_cp.34_0                            0x080011e8   Number         4  tim.o(.text.__NVIC_SetPriority)
    [Anonymous Symbol]                       0x080011ec   Section        0  stanok_math.o(.text.calc_period_pulse)
    __arm_cp.0_0                             0x0800120c   Number         4  stanok_math.o(.text.calc_period_pulse)
    [Anonymous Symbol]                       0x08001210   Section        0  systick.o(.text.delay_ms)
    [Anonymous Symbol]                       0x08001218   Section        0  tim.o(.text.drive_PWM_mod)
    [Anonymous Symbol]                       0x08001238   Section        0  tim.o(.text.drive_PWM_start)
    [Anonymous Symbol]                       0x0800126c   Section        0  tim.o(.text.drive_PWM_stop)
    __arm_cp.14_0                            0x0800127c   Number         4  tim.o(.text.drive_PWM_stop)
    [Anonymous Symbol]                       0x08001280   Section        0  drive.o(.text.drive_init)
    encoder_init                             0x08001299   Thumb Code    36  tim.o(.text.encoder_init)
    [Anonymous Symbol]                       0x08001298   Section        0  tim.o(.text.encoder_init)
    __arm_cp.28_0                            0x080012bc   Number         4  tim.o(.text.encoder_init)
    __arm_cp.28_1                            0x080012c0   Number         4  tim.o(.text.encoder_init)
    [Anonymous Symbol]                       0x080012c4   Section        0  gpio.o(.text.init_status_sensor)
    [Anonymous Symbol]                       0x080012e8   Section        0  main.o(.text.main)
    __arm_cp.0_0                             0x08001350   Number         4  main.o(.text.main)
    __arm_cp.0_1                             0x08001354   Number         4  main.o(.text.main)
    __arm_cp.0_2                             0x08001358   Number         4  main.o(.text.main)
    __arm_cp.0_4                             0x0800135c   Number         4  main.o(.text.main)
    [Anonymous Symbol]                       0x08001360   Section        0  drive.o(.text.main_loop)
    __arm_cp.6_0                             0x08001428   Number         4  drive.o(.text.main_loop)
    __arm_cp.6_1                             0x0800142c   Number         4  drive.o(.text.main_loop)
    __arm_cp.6_3                             0x08001444   Number         4  drive.o(.text.main_loop)
    [Anonymous Symbol]                       0x08001448   Section        0  tim.o(.text.repeat_time)
    __arm_cp.19_0                            0x0800146c   Number         4  tim.o(.text.repeat_time)
    [Anonymous Symbol]                       0x08001470   Section        0  gpio.o(.text.scan_btn)
    __arm_cp.9_0                             0x08001518   Number         4  gpio.o(.text.scan_btn)
    __arm_cp.9_1                             0x0800151c   Number         4  gpio.o(.text.scan_btn)
    __arm_cp.9_2                             0x08001520   Number         4  gpio.o(.text.scan_btn)
    [Anonymous Symbol]                       0x08001524   Section        0  gpio.o(.text.status_sensor_machine)
    __arm_cp.8_0                             0x080015cc   Number         4  gpio.o(.text.status_sensor_machine)
    __arm_cp.8_1                             0x080015d0   Number         4  gpio.o(.text.status_sensor_machine)
    __arm_cp.8_2                             0x080015d4   Number         4  gpio.o(.text.status_sensor_machine)
    __arm_cp.8_3                             0x080015d8   Number         4  gpio.o(.text.status_sensor_machine)
    tim_delay_init                           0x080015dd   Thumb Code    56  tim.o(.text.tim_delay_init)
    [Anonymous Symbol]                       0x080015dc   Section        0  tim.o(.text.tim_delay_init)
    __arm_cp.29_0                            0x08001614   Number         4  tim.o(.text.tim_delay_init)
    timer_bounce_init                        0x08001619   Thumb Code    76  tim.o(.text.timer_bounce_init)
    [Anonymous Symbol]                       0x08001618   Section        0  tim.o(.text.timer_bounce_init)
    __arm_cp.30_0                            0x08001664   Number         4  tim.o(.text.timer_bounce_init)
    __arm_cp.30_1                            0x08001668   Number         4  tim.o(.text.timer_bounce_init)
    __arm_cp.30_2                            0x0800166c   Number         4  tim.o(.text.timer_bounce_init)
    [Anonymous Symbol]                       0x08001670   Section        0  tim.o(.text.timers_init)
    __arm_cp.27_0                            0x08001690   Number         4  tim.o(.text.timers_init)
    __arm_cp.27_1                            0x08001694   Number         4  tim.o(.text.timers_init)
    __arm_cp.27_2                            0x08001698   Number         4  tim.o(.text.timers_init)
    [Anonymous Symbol]                       0x0800169c   Section        0  drive.o(.text.turn_drive_soft_start)
    __arm_cp.3_0                             0x080016dc   Number         4  drive.o(.text.turn_drive_soft_start)
    [Anonymous Symbol]                       0x080016e0   Section        0  drive.o(.text.turn_drive_stop)
    vTimerUARTmsgCallback                    0x080016e9   Thumb Code    24  tim.o(.text.vTimerUARTmsgCallback)
    [Anonymous Symbol]                       0x080016e8   Section        0  tim.o(.text.vTimerUARTmsgCallback)
    __arm_cp.31_0                            0x08001700   Number         4  tim.o(.text.vTimerUARTmsgCallback)
    __arm_cp.31_1                            0x08001704   Number         4  tim.o(.text.vTimerUARTmsgCallback)
    [Anonymous Symbol]                       0x08001708   Section        0  tim.o(.text.xTimer_Create)
    [Anonymous Symbol]                       0x0800174c   Section        0  tim.o(.text.xTimer_Init)
    __arm_cp.21_0                            0x08001754   Number         4  tim.o(.text.xTimer_Init)
    [Anonymous Symbol]                       0x08001758   Section        0  tim.o(.text.xTimer_Task)
    __arm_cp.26_0                            0x08001798   Number         4  tim.o(.text.xTimer_Task)
    .text_divfast                            0x0800179c   Section      502  aeabi_sdivfast.o(.text_divfast)
    [Anonymous Symbol]                       0x080019ac   Section        0  tim.o(.rodata.str1.4)
    status_sensor_machine.reliability_count  0x20000004   Data           1  gpio.o(.data.status_sensor_machine.reliability_count)
    [Anonymous Symbol]                       0x20000004   Section        0  gpio.o(.data.status_sensor_machine.reliability_count)
    .bss                                     0x20000008   Section       96  libspace.o(.bss)
    SysTick_CallbackFunction                 0x2000009c   Data           4  systick.o(.bss.SysTick_CallbackFunction)
    [Anonymous Symbol]                       0x2000009c   Section        0  systick.o(.bss.SysTick_CallbackFunction)
    TicksCounter                             0x200000a0   Data           4  systick.o(.bss.TicksCounter)
    [Anonymous Symbol]                       0x200000a0   Section        0  systick.o(.bss.TicksCounter)
    scan_btn.count_autorepeat                0x200000c4   Data           1  gpio.o(.bss.scan_btn.count_autorepeat)
    [Anonymous Symbol]                       0x200000c4   Section        0  gpio.o(.bss.scan_btn.count_autorepeat)
    scan_btn.key_state                       0x200000c5   Data           1  gpio.o(.bss.scan_btn.key_state)
    [Anonymous Symbol]                       0x200000c5   Section        0  gpio.o(.bss.scan_btn.key_state)
    xTimeNow                                 0x200000c8   Data           4  tim.o(.bss.xTimeNow)
    [Anonymous Symbol]                       0x200000c8   Section        0  tim.o(.bss.xTimeNow)
    xTimerList                               0x200000cc   Data          80  tim.o(.bss.xTimerList)
    [Anonymous Symbol]                       0x200000cc   Section        0  tim.o(.bss.xTimerList)
    xTimerUARTmsg                            0x2000011c   Data           4  tim.o(.bss.xTimerUARTmsg)
    [Anonymous Symbol]                       0x2000011c   Section        0  tim.o(.bss.xTimerUARTmsg)
    Heap_Mem                                 0x20000120   Data         256  startup_stm32f030x6.o(HEAP)
    HEAP                                     0x20000120   Section      256  startup_stm32f030x6.o(HEAP)
    Stack_Mem                                0x20000220   Data        1024  startup_stm32f030x6.o(STACK)
    STACK                                    0x20000220   Section     1024  startup_stm32f030x6.o(STACK)
    __initial_sp                             0x20000620   Data           0  startup_stm32f030x6.o(STACK)

    Global Symbols

    Symbol Name                              Value     Ov Type        Size  Object(Section)

    BuildAttributes$$THM_ISAv3M$S$PE$A:L22$X:L11$S22$IEEE1$IW$~IW$USESV6$~STKCKD$USESV7$~SHL$OTIME$ROPI$EBA8$UX$STANDARDLIB$REQ8$PRES8$EABIv2 0x00000000   Number         0  anon$$obj.o ABSOLUTE
    __ARM_exceptions_init                     - Undefined Weak Reference
    __alloca_initialize                       - Undefined Weak Reference
    __arm_preinit_                            - Undefined Weak Reference
    __cpp_initialize__aeabi_                  - Undefined Weak Reference
    __cxa_finalize                            - Undefined Weak Reference
    __rt_locale                               - Undefined Weak Reference
    __sigvec_lookup                           - Undefined Weak Reference
    _atexit_init                              - Undefined Weak Reference
    _call_atexit_fns                          - Undefined Weak Reference
    _clock_init                               - Undefined Weak Reference
    _fp_trap_init                             - Undefined Weak Reference
    _fp_trap_shutdown                         - Undefined Weak Reference
    _get_lc_collate                           - Undefined Weak Reference
    _get_lc_ctype                             - Undefined Weak Reference
    _get_lc_monetary                          - Undefined Weak Reference
    _get_lc_numeric                           - Undefined Weak Reference
    _get_lc_time                              - Undefined Weak Reference
    _getenv_init                              - Undefined Weak Reference
    _handle_redirection                       - Undefined Weak Reference
    _init_alloc                               - Undefined Weak Reference
    _init_user_alloc                          - Undefined Weak Reference
    _initio                                   - Undefined Weak Reference
    _printf_post_padding                      - Undefined Weak Reference
    _printf_pre_padding                       - Undefined Weak Reference
    _printf_truncate_signed                   - Undefined Weak Reference
    _printf_truncate_unsigned                 - Undefined Weak Reference
    _rand_init                                - Undefined Weak Reference
    _signal_finish                            - Undefined Weak Reference
    _signal_init                              - Undefined Weak Reference
    _terminate_alloc                          - Undefined Weak Reference
    _terminate_user_alloc                     - Undefined Weak Reference
    _terminateio                              - Undefined Weak Reference
    __Vectors_Size                           0x000000b0   Number         0  startup_stm32f030x6.o ABSOLUTE
    __Vectors                                0x08000000   Data           4  startup_stm32f030x6.o(RESET)
    __Vectors_End                            0x080000b0   Data           0  startup_stm32f030x6.o(RESET)
    __main                                   0x080000b1   Thumb Code     8  __main.o(!!!main)
    __scatterload                            0x080000b9   Thumb Code     0  __scatter.o(!!!scatter)
    __scatterload_rt2                        0x080000b9   Thumb Code    52  __scatter.o(!!!scatter)
    __scatterload_rt2_thumb_only             0x080000b9   Thumb Code     0  __scatter.o(!!!scatter)
    __scatterload_null                       0x080000c9   Thumb Code     0  __scatter.o(!!!scatter)
    __scatterload_copy                       0x080000f5   Thumb Code    26  __scatter_copy.o(!!handler_copy)
    __scatterload_zeroinit                   0x08000111   Thumb Code    28  __scatter_zi.o(!!handler_zi)
    _printf_percent                          0x0800012d   Thumb Code     0  _printf_percent.o(.ARM.Collect$$_printf_percent$$00000000)
    _printf_u                                0x0800012f   Thumb Code     0  _printf_u.o(.ARM.Collect$$_printf_percent$$0000000A)
    _printf_percent_end                      0x08000139   Thumb Code     0  _printf_percent_end.o(.ARM.Collect$$_printf_percent$$00000017)
    __rt_lib_init                            0x0800013d   Thumb Code     0  libinit.o(.ARM.Collect$$libinit$$00000000)
    __rt_lib_init_alloca_1                   0x0800013f   Thumb Code     0  libinit2.o(.ARM.Collect$$libinit$$0000002E)
    __rt_lib_init_argv_1                     0x0800013f   Thumb Code     0  libinit2.o(.ARM.Collect$$libinit$$0000002C)
    __rt_lib_init_atexit_1                   0x0800013f   Thumb Code     0  libinit2.o(.ARM.Collect$$libinit$$0000001B)
    __rt_lib_init_clock_1                    0x0800013f   Thumb Code     0  libinit2.o(.ARM.Collect$$libinit$$00000021)
    __rt_lib_init_cpp_1                      0x0800013f   Thumb Code     0  libinit2.o(.ARM.Collect$$libinit$$00000032)
    __rt_lib_init_exceptions_1               0x0800013f   Thumb Code     0  libinit2.o(.ARM.Collect$$libinit$$00000030)
    __rt_lib_init_fp_1                       0x0800013f   Thumb Code     0  libinit2.o(.ARM.Collect$$libinit$$00000002)
    __rt_lib_init_fp_trap_1                  0x0800013f   Thumb Code     0  libinit2.o(.ARM.Collect$$libinit$$0000001F)
    __rt_lib_init_getenv_1                   0x0800013f   Thumb Code     0  libinit2.o(.ARM.Collect$$libinit$$00000023)
    __rt_lib_init_heap_1                     0x0800013f   Thumb Code     0  libinit2.o(.ARM.Collect$$libinit$$0000000A)
    __rt_lib_init_lc_collate_1               0x0800013f   Thumb Code     0  libinit2.o(.ARM.Collect$$libinit$$00000011)
    __rt_lib_init_lc_ctype_1                 0x0800013f   Thumb Code     0  libinit2.o(.ARM.Collect$$libinit$$00000013)
    __rt_lib_init_lc_monetary_1              0x0800013f   Thumb Code     0  libinit2.o(.ARM.Collect$$libinit$$00000015)
    __rt_lib_init_lc_numeric_1               0x0800013f   Thumb Code     0  libinit2.o(.ARM.Collect$$libinit$$00000017)
    __rt_lib_init_lc_time_1                  0x0800013f   Thumb Code     0  libinit2.o(.ARM.Collect$$libinit$$00000019)
    __rt_lib_init_preinit_1                  0x0800013f   Thumb Code     0  libinit2.o(.ARM.Collect$$libinit$$00000004)
    __rt_lib_init_rand_1                     0x0800013f   Thumb Code     0  libinit2.o(.ARM.Collect$$libinit$$0000000E)
    __rt_lib_init_return                     0x0800013f   Thumb Code     0  libinit2.o(.ARM.Collect$$libinit$$00000033)
    __rt_lib_init_signal_1                   0x0800013f   Thumb Code     0  libinit2.o(.ARM.Collect$$libinit$$0000001D)
    __rt_lib_init_stdio_1                    0x0800013f   Thumb Code     0  libinit2.o(.ARM.Collect$$libinit$$00000025)
    __rt_lib_init_user_alloc_1               0x0800013f   Thumb Code     0  libinit2.o(.ARM.Collect$$libinit$$0000000C)
    __rt_lib_shutdown                        0x08000141   Thumb Code     0  libshutdown.o(.ARM.Collect$$libshutdown$$00000000)
    __rt_lib_shutdown_cpp_1                  0x08000143   Thumb Code     0  libshutdown2.o(.ARM.Collect$$libshutdown$$00000002)
    __rt_lib_shutdown_fp_trap_1              0x08000143   Thumb Code     0  libshutdown2.o(.ARM.Collect$$libshutdown$$00000007)
    __rt_lib_shutdown_heap_1                 0x08000143   Thumb Code     0  libshutdown2.o(.ARM.Collect$$libshutdown$$0000000F)
    __rt_lib_shutdown_return                 0x08000143   Thumb Code     0  libshutdown2.o(.ARM.Collect$$libshutdown$$00000010)
    __rt_lib_shutdown_signal_1               0x08000143   Thumb Code     0  libshutdown2.o(.ARM.Collect$$libshutdown$$0000000A)
    __rt_lib_shutdown_stdio_1                0x08000143   Thumb Code     0  libshutdown2.o(.ARM.Collect$$libshutdown$$00000004)
    __rt_lib_shutdown_user_alloc_1           0x08000143   Thumb Code     0  libshutdown2.o(.ARM.Collect$$libshutdown$$0000000C)
    __rt_entry                               0x08000145   Thumb Code     0  __rtentry.o(.ARM.Collect$$rtentry$$00000000)
    __rt_entry_presh_1                       0x08000145   Thumb Code     0  __rtentry2.o(.ARM.Collect$$rtentry$$00000002)
    __rt_entry_sh                            0x08000145   Thumb Code     0  __rtentry4.o(.ARM.Collect$$rtentry$$00000004)
    __rt_entry_li                            0x0800014b   Thumb Code     0  __rtentry2.o(.ARM.Collect$$rtentry$$0000000A)
    __rt_entry_postsh_1                      0x0800014b   Thumb Code     0  __rtentry2.o(.ARM.Collect$$rtentry$$00000009)
    __rt_entry_main                          0x0800014f   Thumb Code     0  __rtentry2.o(.ARM.Collect$$rtentry$$0000000D)
    __rt_entry_postli_1                      0x0800014f   Thumb Code     0  __rtentry2.o(.ARM.Collect$$rtentry$$0000000C)
    __rt_exit                                0x08000157   Thumb Code     0  rtexit.o(.ARM.Collect$$rtexit$$00000000)
    __rt_exit_ls                             0x08000159   Thumb Code     0  rtexit2.o(.ARM.Collect$$rtexit$$00000003)
    __rt_exit_prels_1                        0x08000159   Thumb Code     0  rtexit2.o(.ARM.Collect$$rtexit$$00000002)
    __rt_exit_exit                           0x0800015d   Thumb Code     0  rtexit2.o(.ARM.Collect$$rtexit$$00000004)
    __aeabi_memcpy4                          0x08000165   Thumb Code    56  rt_memcpy.o(.emb_text)
    __aeabi_memcpy8                          0x08000165   Thumb Code     0  rt_memcpy.o(.emb_text)
    Reset_Handler                            0x0800019d   Thumb Code     8  startup_stm32f030x6.o(.text)
    ADC1_IRQHandler                          0x080001af   Thumb Code     0  startup_stm32f030x6.o(.text)
    DMA1_Channel1_IRQHandler                 0x080001af   Thumb Code     0  startup_stm32f030x6.o(.text)
    DMA1_Channel2_3_IRQHandler               0x080001af   Thumb Code     0  startup_stm32f030x6.o(.text)
    DMA1_Channel4_5_IRQHandler               0x080001af   Thumb Code     0  startup_stm32f030x6.o(.text)
    EXTI0_1_IRQHandler                       0x080001af   Thumb Code     0  startup_stm32f030x6.o(.text)
    EXTI2_3_IRQHandler                       0x080001af   Thumb Code     0  startup_stm32f030x6.o(.text)
    EXTI4_15_IRQHandler                      0x080001af   Thumb Code     0  startup_stm32f030x6.o(.text)
    FLASH_IRQHandler                         0x080001af   Thumb Code     0  startup_stm32f030x6.o(.text)
    I2C1_IRQHandler                          0x080001af   Thumb Code     0  startup_stm32f030x6.o(.text)
    RCC_IRQHandler                           0x080001af   Thumb Code     0  startup_stm32f030x6.o(.text)
    RTC_IRQHandler                           0x080001af   Thumb Code     0  startup_stm32f030x6.o(.text)
    SPI1_IRQHandler                          0x080001af   Thumb Code     0  startup_stm32f030x6.o(.text)
    TIM14_IRQHandler                         0x080001af   Thumb Code     0  startup_stm32f030x6.o(.text)
    TIM16_IRQHandler                         0x080001af   Thumb Code     0  startup_stm32f030x6.o(.text)
    TIM1_BRK_UP_TRG_COM_IRQHandler           0x080001af   Thumb Code     0  startup_stm32f030x6.o(.text)
    TIM1_CC_IRQHandler                       0x080001af   Thumb Code     0  startup_stm32f030x6.o(.text)
    TIM3_IRQHandler                          0x080001af   Thumb Code     0  startup_stm32f030x6.o(.text)
    USART1_IRQHandler                        0x080001af   Thumb Code     0  startup_stm32f030x6.o(.text)
    WWDG_IRQHandler                          0x080001af   Thumb Code     0  startup_stm32f030x6.o(.text)
    __user_initial_stackheap                 0x080001b1   Thumb Code     0  startup_stm32f030x6.o(.text)
    __2sprintf                               0x080001d5   Thumb Code    36  noretval__2sprintf.o(.text)
    __printf                                 0x080001fd   Thumb Code   108  __printf.o(.text)
    _printf_int_dec                          0x08000269   Thumb Code    90  _printf_dec.o(.text)
    __aeabi_memcpy                           0x080002d5   Thumb Code   130  rt_memcpy.o(.text)
    __rt_memcpy                              0x080002d5   Thumb Code     0  rt_memcpy.o(.text)
    __use_two_region_memory                  0x08000357   Thumb Code     2  heapauxi.o(.text)
    __rt_heap_escrow$2region                 0x08000359   Thumb Code     2  heapauxi.o(.text)
    __rt_heap_expand$2region                 0x0800035b   Thumb Code     2  heapauxi.o(.text)
    _printf_int_common                       0x0800035d   Thumb Code   176  _printf_intcommon.o(.text)
    _printf_char_common                      0x08000417   Thumb Code    32  _printf_char_common.o(.text)
    _sputc                                   0x0800043d   Thumb Code    10  _sputc.o(.text)
    __rt_udiv10                              0x08000447   Thumb Code    40  rtudiv10.o(.text)
    __user_setup_stackheap                   0x0800046f   Thumb Code    62  sys_stackheap_outer.o(.text)
    exit                                     0x080004ad   Thumb Code    16  exit.o(.text)
    __user_libspace                          0x080004bd   Thumb Code     8  libspace.o(.text)
    __user_perproc_libspace                  0x080004bd   Thumb Code     0  libspace.o(.text)
    __user_perthread_libspace                0x080004bd   Thumb Code     0  libspace.o(.text)
    _sys_exit                                0x080004c5   Thumb Code     8  sys_exit.o(.text)
    __I$use$semihosting                      0x080004d1   Thumb Code     0  use_no_semi.o(.text)
    __use_no_semihosting_swi                 0x080004d1   Thumb Code     2  use_no_semi.o(.text)
    DBG_PutString                            0x080004d3   Thumb Code    36  usart.o(.text.DBG_PutString)
    __semihosting_library_function           0x080004d3   Thumb Code     0  indicate_semi.o(.text)
    Enable_Drive                             0x080004f9   Thumb Code    32  gpio.o(.text.Enable_Drive)
    Get_SysTick                              0x0800051d   Thumb Code     8  systick.o(.text.Get_SysTick)
    HardFault_Handler                        0x08000529   Thumb Code     2  stm32f0xx_it.o(.text.HardFault_Handler)
    LL_GPIO_Init                             0x08000629   Thumb Code   128  stm32f0xx_ll_gpio.o(.text.LL_GPIO_Init)
    LL_Init1msTick                           0x08000729   Thumb Code     8  stm32f0xx_ll_utils.o(.text.LL_Init1msTick)
    LL_RCC_GetUSARTClockFreq                 0x08000781   Thumb Code    72  stm32f0xx_ll_rcc.o(.text.LL_RCC_GetUSARTClockFreq)
    LL_SetSystemCoreClock                    0x080008dd   Thumb Code     8  stm32f0xx_ll_utils.o(.text.LL_SetSystemCoreClock)
    LL_TIM_Init                              0x08000951   Thumb Code   136  stm32f0xx_ll_tim.o(.text.LL_TIM_Init)
    LL_TIM_OC_Init                           0x08000a11   Thumb Code    80  stm32f0xx_ll_tim.o(.text.LL_TIM_OC_Init)
    LL_USART_Init                            0x08000acd   Thumb Code   108  stm32f0xx_ll_usart.o(.text.LL_USART_Init)
    MX_GPIO_Init                             0x08000bb9   Thumb Code   160  gpio.o(.text.MX_GPIO_Init)
    MX_TIM14_Init                            0x08000c61   Thumb Code   148  tim.o(.text.MX_TIM14_Init)
    MX_USART1_UART_Init                      0x08000cfd   Thumb Code   148  usart.o(.text.MX_USART1_UART_Init)
    NMI_Handler                              0x08000d95   Thumb Code     2  stm32f0xx_it.o(.text.NMI_Handler)
    PendSV_Handler                           0x08000fb1   Thumb Code     2  stm32f0xx_it.o(.text.PendSV_Handler)
    RCC_GetHCLKClockFreq                     0x08000fb5   Thumb Code    24  stm32f0xx_ll_rcc.o(.text.RCC_GetHCLKClockFreq)
    RCC_GetPCLK1ClockFreq                    0x08000fd1   Thumb Code    20  stm32f0xx_ll_rcc.o(.text.RCC_GetPCLK1ClockFreq)
    RCC_GetSystemClockFreq                   0x08000fe9   Thumb Code    20  stm32f0xx_ll_rcc.o(.text.RCC_GetSystemClockFreq)
    RCC_PLL_GetFreqDomain_SYS                0x08000ffd   Thumb Code    64  stm32f0xx_ll_rcc.o(.text.RCC_PLL_GetFreqDomain_SYS)
    SVC_Handler                              0x0800106d   Thumb Code     2  stm32f0xx_it.o(.text.SVC_Handler)
    Select_Drive_Direction                   0x0800106f   Thumb Code    34  gpio.o(.text.Select_Drive_Direction)
    SysTick_Callback                         0x08001091   Thumb Code    24  systick.o(.text.SysTick_Callback)
    SysTick_Handler                          0x080010ad   Thumb Code     8  stm32f0xx_it.o(.text.SysTick_Handler)
    SysTick_Init                             0x080010b5   Thumb Code    40  systick.o(.text.SysTick_Init)
    SystemClock_Config                       0x080010e9   Thumb Code   100  main.o(.text.SystemClock_Config)
    SystemInit                               0x08001151   Thumb Code     2  system_stm32f0xx.o(.text.SystemInit)
    TIM17_IRQHandler                         0x08001155   Thumb Code    28  tim.o(.text.TIM17_IRQHandler)
    Timer_Bounce_Callback                    0x08001175   Thumb Code    32  gpio.o(.text.Timer_Bounce_Callback)
    calc_period_pulse                        0x080011ed   Thumb Code    32  stanok_math.o(.text.calc_period_pulse)
    delay_ms                                 0x08001211   Thumb Code     8  systick.o(.text.delay_ms)
    drive_PWM_mod                            0x08001219   Thumb Code    32  tim.o(.text.drive_PWM_mod)
    drive_PWM_start                          0x08001239   Thumb Code    52  tim.o(.text.drive_PWM_start)
    drive_PWM_stop                           0x0800126d   Thumb Code    16  tim.o(.text.drive_PWM_stop)
    drive_init                               0x08001281   Thumb Code    24  drive.o(.text.drive_init)
    init_status_sensor                       0x080012c5   Thumb Code    36  gpio.o(.text.init_status_sensor)
    main                                     0x080012e9   Thumb Code   104  main.o(.text.main)
    main_loop                                0x08001361   Thumb Code   200  drive.o(.text.main_loop)
    repeat_time                              0x08001449   Thumb Code    36  tim.o(.text.repeat_time)
    scan_btn                                 0x08001471   Thumb Code   168  gpio.o(.text.scan_btn)
    status_sensor_machine                    0x08001525   Thumb Code   168  gpio.o(.text.status_sensor_machine)
    timers_init                              0x08001671   Thumb Code    32  tim.o(.text.timers_init)
    turn_drive_soft_start                    0x0800169d   Thumb Code    64  drive.o(.text.turn_drive_soft_start)
    turn_drive_stop                          0x080016e1   Thumb Code     8  drive.o(.text.turn_drive_stop)
    xTimer_Create                            0x08001709   Thumb Code    68  tim.o(.text.xTimer_Create)
    xTimer_Init                              0x0800174d   Thumb Code     8  tim.o(.text.xTimer_Init)
    xTimer_Task                              0x08001759   Thumb Code    64  tim.o(.text.xTimer_Task)
    __aeabi_uidiv                            0x0800179d   Thumb Code    68  aeabi_sdivfast.o(.text_divfast)
    __aeabi_idiv                             0x080017e1   Thumb Code   434  aeabi_sdivfast.o(.text_divfast)
    AHBPrescTable                            0x08001992   Data          16  system_stm32f0xx.o(.rodata.AHBPrescTable)
    APBPrescTable                            0x080019a2   Data           8  system_stm32f0xx.o(.rodata.APBPrescTable)
    Region$$Table$$Base                      0x080019c4   Number         0  anon$$obj.o(Region$$Table)
    Region$$Table$$Limit                     0x080019e4   Number         0  anon$$obj.o(Region$$Table)
    SystemCoreClock                          0x20000000   Data           4  system_stm32f0xx.o(.data.SystemCoreClock)
    __libspace_start                         0x20000008   Data          96  libspace.o(.bss)
    DBG_buffer                               0x20000068   Data          50  usart.o(.bss.DBG_buffer)
    __temporary_stack_top$libspace           0x20000068   Data           0  libspace.o(.bss)
    drive_status                             0x200000a4   Data           1  drive.o(.bss.drive_status)
    encoder_data                             0x200000a8   Data          12  main.o(.bss.encoder_data)
    end_bounce                               0x200000b4   Data           1  tim.o(.bss.end_bounce)
    flag_end_bounce                          0x200000b5   Data           1  gpio.o(.bss.flag_end_bounce)
    machine_state                            0x200000b6   Data           1  gpio.o(.bss.machine_state)
    number_turns                             0x200000b8   Data          12  main.o(.bss.number_turns)
    status_flag                              0x200000c6   Data           1  drive.o(.bss.status_flag)
    status_sensor                            0x200000c7   Data           1  gpio.o(.bss.status_sensor)



==============================================================================

Memory Map of the image

  Image Entry point : 0x080000b1

  Load Region LR_IROM1 (Base: 0x08000000, Size: 0x000019f0, Max: 0x00004000, ABSOLUTE)

    Execution Region ER_IROM1 (Exec base: 0x08000000, Load base: 0x08000000, Size: 0x000019e4, Max: 0x00004000, ABSOLUTE)

    Exec Addr    Load Addr    Size         Type   Attr      Idx    E Section Name        Object

    0x08000000   0x08000000   0x000000b0   Data   RO            3    RESET               startup_stm32f030x6.o
    0x080000b0   0x080000b0   0x00000008   Code   RO          734  * !!!main             c_p.l(__main.o)
    0x080000b8   0x080000b8   0x0000003c   Code   RO          920    !!!scatter          c_p.l(__scatter.o)
    0x080000f4   0x080000f4   0x0000001a   Code   RO          922    !!handler_copy      c_p.l(__scatter_copy.o)
    0x0800010e   0x0800010e   0x00000002   PAD
    0x08000110   0x08000110   0x0000001c   Code   RO          924    !!handler_zi        c_p.l(__scatter_zi.o)
    0x0800012c   0x0800012c   0x00000002   Code   RO          717    .ARM.Collect$$_printf_percent$$00000000  c_p.l(_printf_percent.o)
    0x0800012e   0x0800012e   0x0000000a   Code   RO          716    .ARM.Collect$$_printf_percent$$0000000A  c_p.l(_printf_u.o)
    0x08000138   0x08000138   0x00000004   Code   RO          747    .ARM.Collect$$_printf_percent$$00000017  c_p.l(_printf_percent_end.o)
    0x0800013c   0x0800013c   0x00000002   Code   RO          783    .ARM.Collect$$libinit$$00000000  c_p.l(libinit.o)
    0x0800013e   0x0800013e   0x00000000   Code   RO          797    .ARM.Collect$$libinit$$00000002  c_p.l(libinit2.o)
    0x0800013e   0x0800013e   0x00000000   Code   RO          799    .ARM.Collect$$libinit$$00000004  c_p.l(libinit2.o)
    0x0800013e   0x0800013e   0x00000000   Code   RO          802    .ARM.Collect$$libinit$$0000000A  c_p.l(libinit2.o)
    0x0800013e   0x0800013e   0x00000000   Code   RO          804    .ARM.Collect$$libinit$$0000000C  c_p.l(libinit2.o)
    0x0800013e   0x0800013e   0x00000000   Code   RO          806    .ARM.Collect$$libinit$$0000000E  c_p.l(libinit2.o)
    0x0800013e   0x0800013e   0x00000000   Code   RO          809    .ARM.Collect$$libinit$$00000011  c_p.l(libinit2.o)
    0x0800013e   0x0800013e   0x00000000   Code   RO          811    .ARM.Collect$$libinit$$00000013  c_p.l(libinit2.o)
    0x0800013e   0x0800013e   0x00000000   Code   RO          813    .ARM.Collect$$libinit$$00000015  c_p.l(libinit2.o)
    0x0800013e   0x0800013e   0x00000000   Code   RO          815    .ARM.Collect$$libinit$$00000017  c_p.l(libinit2.o)
    0x0800013e   0x0800013e   0x00000000   Code   RO          817    .ARM.Collect$$libinit$$00000019  c_p.l(libinit2.o)
    0x0800013e   0x0800013e   0x00000000   Code   RO          819    .ARM.Collect$$libinit$$0000001B  c_p.l(libinit2.o)
    0x0800013e   0x0800013e   0x00000000   Code   RO          821    .ARM.Collect$$libinit$$0000001D  c_p.l(libinit2.o)
    0x0800013e   0x0800013e   0x00000000   Code   RO          823    .ARM.Collect$$libinit$$0000001F  c_p.l(libinit2.o)
    0x0800013e   0x0800013e   0x00000000   Code   RO          825    .ARM.Collect$$libinit$$00000021  c_p.l(libinit2.o)
    0x0800013e   0x0800013e   0x00000000   Code   RO          827    .ARM.Collect$$libinit$$00000023  c_p.l(libinit2.o)
    0x0800013e   0x0800013e   0x00000000   Code   RO          829    .ARM.Collect$$libinit$$00000025  c_p.l(libinit2.o)
    0x0800013e   0x0800013e   0x00000000   Code   RO          833    .ARM.Collect$$libinit$$0000002C  c_p.l(libinit2.o)
    0x0800013e   0x0800013e   0x00000000   Code   RO          835    .ARM.Collect$$libinit$$0000002E  c_p.l(libinit2.o)
    0x0800013e   0x0800013e   0x00000000   Code   RO          837    .ARM.Collect$$libinit$$00000030  c_p.l(libinit2.o)
    0x0800013e   0x0800013e   0x00000000   Code   RO          839    .ARM.Collect$$libinit$$00000032  c_p.l(libinit2.o)
    0x0800013e   0x0800013e   0x00000002   Code   RO          840    .ARM.Collect$$libinit$$00000033  c_p.l(libinit2.o)
    0x08000140   0x08000140   0x00000002   Code   RO          875    .ARM.Collect$$libshutdown$$00000000  c_p.l(libshutdown.o)
    0x08000142   0x08000142   0x00000000   Code   RO          903    .ARM.Collect$$libshutdown$$00000002  c_p.l(libshutdown2.o)
    0x08000142   0x08000142   0x00000000   Code   RO          905    .ARM.Collect$$libshutdown$$00000004  c_p.l(libshutdown2.o)
    0x08000142   0x08000142   0x00000000   Code   RO          908    .ARM.Collect$$libshutdown$$00000007  c_p.l(libshutdown2.o)
    0x08000142   0x08000142   0x00000000   Code   RO          911    .ARM.Collect$$libshutdown$$0000000A  c_p.l(libshutdown2.o)
    0x08000142   0x08000142   0x00000000   Code   RO          913    .ARM.Collect$$libshutdown$$0000000C  c_p.l(libshutdown2.o)
    0x08000142   0x08000142   0x00000000   Code   RO          916    .ARM.Collect$$libshutdown$$0000000F  c_p.l(libshutdown2.o)
    0x08000142   0x08000142   0x00000002   Code   RO          917    .ARM.Collect$$libshutdown$$00000010  c_p.l(libshutdown2.o)
    0x08000144   0x08000144   0x00000000   Code   RO          736    .ARM.Collect$$rtentry$$00000000  c_p.l(__rtentry.o)
    0x08000144   0x08000144   0x00000000   Code   RO          751    .ARM.Collect$$rtentry$$00000002  c_p.l(__rtentry2.o)
    0x08000144   0x08000144   0x00000006   Code   RO          763    .ARM.Collect$$rtentry$$00000004  c_p.l(__rtentry4.o)
    0x0800014a   0x0800014a   0x00000000   Code   RO          753    .ARM.Collect$$rtentry$$00000009  c_p.l(__rtentry2.o)
    0x0800014a   0x0800014a   0x00000004   Code   RO          754    .ARM.Collect$$rtentry$$0000000A  c_p.l(__rtentry2.o)
    0x0800014e   0x0800014e   0x00000000   Code   RO          756    .ARM.Collect$$rtentry$$0000000C  c_p.l(__rtentry2.o)
    0x0800014e   0x0800014e   0x00000008   Code   RO          757    .ARM.Collect$$rtentry$$0000000D  c_p.l(__rtentry2.o)
    0x08000156   0x08000156   0x00000002   Code   RO          788    .ARM.Collect$$rtexit$$00000000  c_p.l(rtexit.o)
    0x08000158   0x08000158   0x00000000   Code   RO          846    .ARM.Collect$$rtexit$$00000002  c_p.l(rtexit2.o)
    0x08000158   0x08000158   0x00000004   Code   RO          847    .ARM.Collect$$rtexit$$00000003  c_p.l(rtexit2.o)
    0x0800015c   0x0800015c   0x00000006   Code   RO          848    .ARM.Collect$$rtexit$$00000004  c_p.l(rtexit2.o)
    0x08000162   0x08000162   0x00000002   PAD
    0x08000164   0x08000164   0x00000038   Code   RO          718    .emb_text           c_p.l(rt_memcpy.o)
    0x0800019c   0x0800019c   0x00000038   Code   RO            4    .text               startup_stm32f030x6.o
    0x080001d4   0x080001d4   0x00000028   Code   RO          690    .text               c_p.l(noretval__2sprintf.o)
    0x080001fc   0x080001fc   0x0000006c   Code   RO          692    .text               c_p.l(__printf.o)
    0x08000268   0x08000268   0x0000006c   Code   RO          694    .text               c_p.l(_printf_dec.o)
    0x080002d4   0x080002d4   0x00000082   Code   RO          719    .text               c_p.l(rt_memcpy.o)
    0x08000356   0x08000356   0x00000006   Code   RO          732    .text               c_p.l(heapauxi.o)
    0x0800035c   0x0800035c   0x000000b0   Code   RO          741    .text               c_p.l(_printf_intcommon.o)
    0x0800040c   0x0800040c   0x00000030   Code   RO          743    .text               c_p.l(_printf_char_common.o)
    0x0800043c   0x0800043c   0x0000000a   Code   RO          745    .text               c_p.l(_sputc.o)
    0x08000446   0x08000446   0x00000028   Code   RO          748    .text               c_p.l(rtudiv10.o)
    0x0800046e   0x0800046e   0x0000003e   Code   RO          769    .text               c_p.l(sys_stackheap_outer.o)
    0x080004ac   0x080004ac   0x00000010   Code   RO          772    .text               c_p.l(exit.o)
    0x080004bc   0x080004bc   0x00000008   Code   RO          784    .text               c_p.l(libspace.o)
    0x080004c4   0x080004c4   0x0000000c   Code   RO          841    .text               c_p.l(sys_exit.o)
    0x080004d0   0x080004d0   0x00000002   Code   RO          864    .text               c_p.l(use_no_semi.o)
    0x080004d2   0x080004d2   0x00000000   Code   RO          866    .text               c_p.l(indicate_semi.o)
    0x080004d2   0x080004d2   0x00000024   Code   RO          288    .text.DBG_PutString  usart.o
    0x080004f6   0x080004f6   0x00000002   PAD
    0x080004f8   0x080004f8   0x00000024   Code   RO          136    .text.Enable_Drive  gpio.o
    0x0800051c   0x0800051c   0x0000000c   Code   RO          324    .text.Get_SysTick   systick.o
    0x08000528   0x08000528   0x00000002   Code   RO          305    .text.HardFault_Handler  stm32f0xx_it.o
    0x0800052a   0x0800052a   0x00000002   PAD
    0x0800052c   0x0800052c   0x00000018   Code   RO          128    .text.LL_AHB1_GRP1_EnableClock  gpio.o
    0x08000544   0x08000544   0x0000001c   Code   RO          201    .text.LL_AHB1_GRP1_EnableClock  tim.o
    0x08000560   0x08000560   0x00000020   Code   RO          280    .text.LL_AHB1_GRP1_EnableClock  usart.o
    0x08000580   0x08000580   0x0000001c   Code   RO           62    .text.LL_APB1_GRP1_EnableClock  main.o
    0x0800059c   0x0800059c   0x00000020   Code   RO          193    .text.LL_APB1_GRP1_EnableClock  tim.o
    0x080005bc   0x080005bc   0x00000018   Code   RO           60    .text.LL_APB1_GRP2_EnableClock  main.o
    0x080005d4   0x080005d4   0x00000018   Code   RO          255    .text.LL_APB1_GRP2_EnableClock  tim.o
    0x080005ec   0x080005ec   0x00000020   Code   RO          278    .text.LL_APB1_GRP2_EnableClock  usart.o
    0x0800060c   0x0800060c   0x0000000c   Code   RO           70    .text.LL_FLASH_GetLatency  main.o
    0x08000618   0x08000618   0x00000010   Code   RO           68    .text.LL_FLASH_SetLatency  main.o
    0x08000628   0x08000628   0x00000080   Code   RO          344    .text.LL_GPIO_Init  stm32f0xx_ll_gpio.o
    0x080006a8   0x080006a8   0x0000000c   Code   RO          154    .text.LL_GPIO_IsInputPinSet  gpio.o
    0x080006b4   0x080006b4   0x00000004   Code   RO          130    .text.LL_GPIO_ResetOutputPin  gpio.o
    0x080006b8   0x080006b8   0x00000014   Code   RO          352    .text.LL_GPIO_SetAFPin_0_7  stm32f0xx_ll_gpio.o
    0x080006cc   0x080006cc   0x00000016   Code   RO          354    .text.LL_GPIO_SetAFPin_8_15  stm32f0xx_ll_gpio.o
    0x080006e2   0x080006e2   0x00000004   Code   RO          134    .text.LL_GPIO_SetOutputPin  gpio.o
    0x080006e6   0x080006e6   0x00000012   Code   RO          346    .text.LL_GPIO_SetPinMode  stm32f0xx_ll_gpio.o
    0x080006f8   0x080006f8   0x0000000c   Code   RO          356    .text.LL_GPIO_SetPinOutputType  stm32f0xx_ll_gpio.o
    0x08000704   0x08000704   0x00000012   Code   RO          350    .text.LL_GPIO_SetPinPull  stm32f0xx_ll_gpio.o
    0x08000716   0x08000716   0x00000012   Code   RO          348    .text.LL_GPIO_SetPinSpeed  stm32f0xx_ll_gpio.o
    0x08000728   0x08000728   0x00000008   Code   RO          428    .text.LL_Init1msTick  stm32f0xx_ll_utils.o
    0x08000730   0x08000730   0x00000020   Code   RO          430    .text.LL_InitTick   stm32f0xx_ll_utils.o
    0x08000750   0x08000750   0x0000000c   Code   RO          410    .text.LL_RCC_GetAHBPrescaler  stm32f0xx_ll_rcc.o
    0x0800075c   0x0800075c   0x0000000c   Code   RO          412    .text.LL_RCC_GetAPB1Prescaler  stm32f0xx_ll_rcc.o
    0x08000768   0x08000768   0x0000000c   Code   RO           94    .text.LL_RCC_GetSysClkSource  main.o
    0x08000774   0x08000774   0x0000000c   Code   RO          376    .text.LL_RCC_GetSysClkSource  stm32f0xx_ll_rcc.o
    0x08000780   0x08000780   0x0000004c   Code   RO          398    .text.LL_RCC_GetUSARTClockFreq  stm32f0xx_ll_rcc.o
    0x080007cc   0x080007cc   0x0000000c   Code   RO          400    .text.LL_RCC_GetUSARTClockSource  stm32f0xx_ll_rcc.o
    0x080007d8   0x080007d8   0x0000000c   Code   RO           72    .text.LL_RCC_HSI_Enable  main.o
    0x080007e4   0x080007e4   0x0000000c   Code   RO           74    .text.LL_RCC_HSI_IsReady  main.o
    0x080007f0   0x080007f0   0x0000000c   Code   RO          372    .text.LL_RCC_HSI_IsReady  stm32f0xx_ll_rcc.o
    0x080007fc   0x080007fc   0x00000010   Code   RO           76    .text.LL_RCC_HSI_SetCalibTrimming  main.o
    0x0800080c   0x0800080c   0x00000010   Code   RO          402    .text.LL_RCC_LSE_IsReady  stm32f0xx_ll_rcc.o
    0x0800081c   0x0800081c   0x0000000c   Code   RO           78    .text.LL_RCC_LSI_Enable  main.o
    0x08000828   0x08000828   0x00000010   Code   RO           80    .text.LL_RCC_LSI_IsReady  main.o
    0x08000838   0x08000838   0x0000001c   Code   RO           82    .text.LL_RCC_PLL_ConfigDomain_SYS  main.o
    0x08000854   0x08000854   0x00000010   Code   RO           84    .text.LL_RCC_PLL_Enable  main.o
    0x08000864   0x08000864   0x0000000c   Code   RO          414    .text.LL_RCC_PLL_GetMainSource  stm32f0xx_ll_rcc.o
    0x08000870   0x08000870   0x0000000c   Code   RO          418    .text.LL_RCC_PLL_GetMultiplicator  stm32f0xx_ll_rcc.o
    0x0800087c   0x0800087c   0x00000010   Code   RO          416    .text.LL_RCC_PLL_GetPrediv  stm32f0xx_ll_rcc.o
    0x0800088c   0x0800088c   0x00000010   Code   RO           86    .text.LL_RCC_PLL_IsReady  main.o
    0x0800089c   0x0800089c   0x0000000c   Code   RO           88    .text.LL_RCC_SetAHBPrescaler  main.o
    0x080008a8   0x080008a8   0x00000010   Code   RO           90    .text.LL_RCC_SetAPB1Prescaler  main.o
    0x080008b8   0x080008b8   0x00000014   Code   RO           92    .text.LL_RCC_SetSysClkSource  main.o
    0x080008cc   0x080008cc   0x00000010   Code   RO           96    .text.LL_RCC_SetUSARTClockSource  main.o
    0x080008dc   0x080008dc   0x0000000c   Code   RO          434    .text.LL_SetSystemCoreClock  stm32f0xx_ll_utils.o
    0x080008e8   0x080008e8   0x00000010   Code   RO          221    .text.LL_TIM_CC_DisableChannel  tim.o
    0x080008f8   0x080008f8   0x00000008   Code   RO          213    .text.LL_TIM_CC_EnableChannel  tim.o
    0x08000900   0x08000900   0x00000008   Code   RO          225    .text.LL_TIM_ClearFlag_UPDATE  tim.o
    0x08000908   0x08000908   0x0000000a   Code   RO          195    .text.LL_TIM_DisableARRPreload  tim.o
    0x08000912   0x08000912   0x00000002   PAD
    0x08000914   0x08000914   0x0000000c   Code   RO          152    .text.LL_TIM_DisableCounter  gpio.o
    0x08000920   0x08000920   0x0000000a   Code   RO          205    .text.LL_TIM_DisableCounter  tim.o
    0x0800092a   0x0800092a   0x0000000a   Code   RO          215    .text.LL_TIM_EnableCounter  tim.o
    0x08000934   0x08000934   0x00000010   Code   RO          257    .text.LL_TIM_EnableIT_UPDATE  tim.o
    0x08000944   0x08000944   0x0000000a   Code   RO          551    .text.LL_TIM_GenerateEvent_UPDATE  stm32f0xx_ll_tim.o
    0x0800094e   0x0800094e   0x00000002   PAD
    0x08000950   0x08000950   0x0000009c   Code   RO          543    .text.LL_TIM_Init   stm32f0xx_ll_tim.o
    0x080009ec   0x080009ec   0x00000008   Code   RO          227    .text.LL_TIM_IsActiveFlag_UPDATE  tim.o
    0x080009f4   0x080009f4   0x0000000c   Code   RO          199    .text.LL_TIM_OC_DisableFast  tim.o
    0x08000a00   0x08000a00   0x00000010   Code   RO          197    .text.LL_TIM_OC_EnablePreload  tim.o
    0x08000a10   0x08000a10   0x00000050   Code   RO          555    .text.LL_TIM_OC_Init  stm32f0xx_ll_tim.o
    0x08000a60   0x08000a60   0x0000000c   Code   RO          207    .text.LL_TIM_OC_SetCompareCH1  tim.o
    0x08000a6c   0x08000a6c   0x00000004   Code   RO          593    .text.LL_TIM_OC_SetCompareCH1  stm32f0xx_ll_tim.o
    0x08000a70   0x08000a70   0x00000004   Code   RO          587    .text.LL_TIM_OC_SetCompareCH2  stm32f0xx_ll_tim.o
    0x08000a74   0x08000a74   0x00000004   Code   RO          595    .text.LL_TIM_OC_SetCompareCH3  stm32f0xx_ll_tim.o
    0x08000a78   0x08000a78   0x00000004   Code   RO          597    .text.LL_TIM_OC_SetCompareCH4  stm32f0xx_ll_tim.o
    0x08000a7c   0x08000a7c   0x00000004   Code   RO          209    .text.LL_TIM_SetAutoReload  tim.o
    0x08000a80   0x08000a80   0x00000004   Code   RO          545    .text.LL_TIM_SetAutoReload  stm32f0xx_ll_tim.o
    0x08000a84   0x08000a84   0x00000004   Code   RO          211    .text.LL_TIM_SetCounter  tim.o
    0x08000a88   0x08000a88   0x00000004   Code   RO          547    .text.LL_TIM_SetPrescaler  stm32f0xx_ll_tim.o
    0x08000a8c   0x08000a8c   0x00000004   Code   RO          549    .text.LL_TIM_SetRepetitionCounter  stm32f0xx_ll_tim.o
    0x08000a90   0x08000a90   0x0000001c   Code   RO          284    .text.LL_USART_ConfigAsyncMode  usart.o
    0x08000aac   0x08000aac   0x00000014   Code   RO          282    .text.LL_USART_DisableIT_CTS  usart.o
    0x08000ac0   0x08000ac0   0x0000000c   Code   RO          286    .text.LL_USART_Enable  usart.o
    0x08000acc   0x08000acc   0x00000070   Code   RO          613    .text.LL_USART_Init  stm32f0xx_ll_usart.o
    0x08000b3c   0x08000b3c   0x00000010   Code   RO          290    .text.LL_USART_IsActiveFlag_TC  usart.o
    0x08000b4c   0x08000b4c   0x00000008   Code   RO          615    .text.LL_USART_IsEnabled  stm32f0xx_ll_usart.o
    0x08000b54   0x08000b54   0x0000003c   Code   RO          621    .text.LL_USART_SetBaudRate  stm32f0xx_ll_usart.o
    0x08000b90   0x08000b90   0x0000000e   Code   RO          619    .text.LL_USART_SetHWFlowCtrl  stm32f0xx_ll_usart.o
    0x08000b9e   0x08000b9e   0x0000000e   Code   RO          617    .text.LL_USART_SetStopBitsLength  stm32f0xx_ll_usart.o
    0x08000bac   0x08000bac   0x0000000c   Code   RO          292    .text.LL_USART_TransmitData8  usart.o
    0x08000bb8   0x08000bb8   0x000000a8   Code   RO          126    .text.MX_GPIO_Init  gpio.o
    0x08000c60   0x08000c60   0x0000009c   Code   RO          191    .text.MX_TIM14_Init  tim.o
    0x08000cfc   0x08000cfc   0x00000098   Code   RO          276    .text.MX_USART1_UART_Init  usart.o
    0x08000d94   0x08000d94   0x00000002   Code   RO          303    .text.NMI_Handler   stm32f0xx_it.o
    0x08000d96   0x08000d96   0x00000002   PAD
    0x08000d98   0x08000d98   0x0000007c   Code   RO          557    .text.OC1Config     stm32f0xx_ll_tim.o
    0x08000e14   0x08000e14   0x00000090   Code   RO          559    .text.OC2Config     stm32f0xx_ll_tim.o
    0x08000ea4   0x08000ea4   0x00000094   Code   RO          561    .text.OC3Config     stm32f0xx_ll_tim.o
    0x08000f38   0x08000f38   0x00000078   Code   RO          563    .text.OC4Config     stm32f0xx_ll_tim.o
    0x08000fb0   0x08000fb0   0x00000002   Code   RO          309    .text.PendSV_Handler  stm32f0xx_it.o
    0x08000fb2   0x08000fb2   0x00000002   PAD
    0x08000fb4   0x08000fb4   0x0000001c   Code   RO          394    .text.RCC_GetHCLKClockFreq  stm32f0xx_ll_rcc.o
    0x08000fd0   0x08000fd0   0x00000018   Code   RO          396    .text.RCC_GetPCLK1ClockFreq  stm32f0xx_ll_rcc.o
    0x08000fe8   0x08000fe8   0x00000014   Code   RO          392    .text.RCC_GetSystemClockFreq  stm32f0xx_ll_rcc.o
    0x08000ffc   0x08000ffc   0x00000048   Code   RO          408    .text.RCC_PLL_GetFreqDomain_SYS  stm32f0xx_ll_rcc.o
    0x08001044   0x08001044   0x00000012   Code   RO          146    .text.Read_Status_BTN2  gpio.o
    0x08001056   0x08001056   0x00000002   PAD
    0x08001058   0x08001058   0x00000014   Code   RO          140    .text.Read_Status_Sensor  gpio.o
    0x0800106c   0x0800106c   0x00000002   Code   RO          307    .text.SVC_Handler   stm32f0xx_it.o
    0x0800106e   0x0800106e   0x00000022   Code   RO          132    .text.Select_Drive_Direction  gpio.o
    0x08001090   0x08001090   0x0000001c   Code   RO          322    .text.SysTick_Callback  systick.o
    0x080010ac   0x080010ac   0x00000008   Code   RO          311    .text.SysTick_Handler  stm32f0xx_it.o
    0x080010b4   0x080010b4   0x00000034   Code   RO          320    .text.SysTick_Init  systick.o
    0x080010e8   0x080010e8   0x00000068   Code   RO           66    .text.SystemClock_Config  main.o
    0x08001150   0x08001150   0x00000002   Code   RO          672    .text.SystemInit    system_stm32f0xx.o
    0x08001152   0x08001152   0x00000002   PAD
    0x08001154   0x08001154   0x00000020   Code   RO          231    .text.TIM17_IRQHandler  tim.o
    0x08001174   0x08001174   0x00000038   Code   RO          150    .text.Timer_Bounce_Callback  gpio.o
    0x080011ac   0x080011ac   0x00000010   Code   RO          261    .text.__NVIC_EnableIRQ  tim.o
    0x080011bc   0x080011bc   0x00000018   Code   RO           64    .text.__NVIC_SetPriority  main.o
    0x080011d4   0x080011d4   0x00000018   Code   RO          259    .text.__NVIC_SetPriority  tim.o
    0x080011ec   0x080011ec   0x00000024   Code   RO           11    .text.calc_period_pulse  stanok_math.o
    0x08001210   0x08001210   0x00000008   Code   RO          326    .text.delay_ms      systick.o
    0x08001218   0x08001218   0x00000020   Code   RO          217    .text.drive_PWM_mod  tim.o
    0x08001238   0x08001238   0x00000034   Code   RO          203    .text.drive_PWM_start  tim.o
    0x0800126c   0x0800126c   0x00000014   Code   RO          219    .text.drive_PWM_stop  tim.o
    0x08001280   0x08001280   0x00000018   Code   RO           20    .text.drive_init    drive.o
    0x08001298   0x08001298   0x0000002c   Code   RO          247    .text.encoder_init  tim.o
    0x080012c4   0x080012c4   0x00000024   Code   RO          138    .text.init_status_sensor  gpio.o
    0x080012e8   0x080012e8   0x00000078   Code   RO           58    .text.main          main.o
    0x08001360   0x08001360   0x000000e8   Code   RO           32    .text.main_loop     drive.o
    0x08001448   0x08001448   0x00000028   Code   RO          229    .text.repeat_time   tim.o
    0x08001470   0x08001470   0x000000b4   Code   RO          144    .text.scan_btn      gpio.o
    0x08001524   0x08001524   0x000000b8   Code   RO          142    .text.status_sensor_machine  gpio.o
    0x080015dc   0x080015dc   0x0000003c   Code   RO          249    .text.tim_delay_init  tim.o
    0x08001618   0x08001618   0x00000058   Code   RO          251    .text.timer_bounce_init  tim.o
    0x08001670   0x08001670   0x0000002c   Code   RO          245    .text.timers_init   tim.o
    0x0800169c   0x0800169c   0x00000044   Code   RO           26    .text.turn_drive_soft_start  drive.o
    0x080016e0   0x080016e0   0x00000008   Code   RO           30    .text.turn_drive_stop  drive.o
    0x080016e8   0x080016e8   0x00000020   Code   RO          253    .text.vTimerUARTmsgCallback  tim.o
    0x08001708   0x08001708   0x00000044   Code   RO          235    .text.xTimer_Create  tim.o
    0x0800174c   0x0800174c   0x0000000c   Code   RO          233    .text.xTimer_Init   tim.o
    0x08001758   0x08001758   0x00000044   Code   RO          243    .text.xTimer_Task   tim.o
    0x0800179c   0x0800179c   0x000001f6   Code   RO          725    .text_divfast       c_p.l(aeabi_sdivfast.o)
    0x08001992   0x08001992   0x00000010   Data   RO          677    .rodata.AHBPrescTable  system_stm32f0xx.o
    0x080019a2   0x080019a2   0x00000008   Data   RO          678    .rodata.APBPrescTable  system_stm32f0xx.o
    0x080019aa   0x080019aa   0x00000002   PAD
    0x080019ac   0x080019ac   0x00000018   Data   RO          267    .rodata.str1.4      tim.o
    0x080019c4   0x080019c4   0x00000020   Data   RO          919    Region$$Table       anon$$obj.o


    Execution Region RW_IRAM1 (Exec base: 0x20000000, Load base: 0x080019e8, Size: 0x00000620, Max: 0x00001000, ABSOLUTE)

    Exec Addr    Load Addr    Size         Type   Attr      Idx    E Section Name        Object

    0x20000000   0x080019e8   0x00000004   Data   RW          676    .data.SystemCoreClock  system_stm32f0xx.o
    0x20000004   0x080019ec   0x00000001   Data   RW          159    .data.status_sensor_machine.reliability_count  gpio.o
    0x20000005   0x080019ed   0x00000003   PAD
    0x20000008        -       0x00000060   Zero   RW          785    .bss                c_p.l(libspace.o)
    0x20000068        -       0x00000032   Zero   RW          294    .bss.DBG_buffer     usart.o
    0x2000009a   0x080019ed   0x00000002   PAD
    0x2000009c        -       0x00000004   Zero   RW          328    .bss.SysTick_CallbackFunction  systick.o
    0x200000a0        -       0x00000004   Zero   RW          329    .bss.TicksCounter   systick.o
    0x200000a4        -       0x00000001   Zero   RW           34    .bss.drive_status   drive.o
    0x200000a5   0x080019ed   0x00000003   PAD
    0x200000a8        -       0x0000000c   Zero   RW          117    .bss.encoder_data   main.o
    0x200000b4        -       0x00000001   Zero   RW          263    .bss.end_bounce     tim.o
    0x200000b5        -       0x00000001   Zero   RW          156    .bss.flag_end_bounce  gpio.o
    0x200000b6        -       0x00000001   Zero   RW          158    .bss.machine_state  gpio.o
    0x200000b7   0x080019ed   0x00000001   PAD
    0x200000b8        -       0x0000000c   Zero   RW          116    .bss.number_turns   main.o
    0x200000c4        -       0x00000001   Zero   RW          161    .bss.scan_btn.count_autorepeat  gpio.o
    0x200000c5        -       0x00000001   Zero   RW          160    .bss.scan_btn.key_state  gpio.o
    0x200000c6        -       0x00000001   Zero   RW           35    .bss.status_flag    drive.o
    0x200000c7        -       0x00000001   Zero   RW          157    .bss.status_sensor  gpio.o
    0x200000c8        -       0x00000004   Zero   RW          264    .bss.xTimeNow       tim.o
    0x200000cc        -       0x00000050   Zero   RW          265    .bss.xTimerList     tim.o
    0x2000011c        -       0x00000004   Zero   RW          266    .bss.xTimerUARTmsg  tim.o
    0x20000120        -       0x00000100   Zero   RW            2    HEAP                startup_stm32f030x6.o
    0x20000220        -       0x00000400   Zero   RW            1    STACK               startup_stm32f030x6.o


==============================================================================

Image component sizes


      Code (inc. data)   RO Data    RW Data    ZI Data      Debug   Object Name

       332         40          0          0          2       2874   drive.o
       788         68          0          1          5       5365   gpio.o
       532         44          0          0         24       6311   main.o
        36          4          0          0          0        792   stanok_math.o
        56         26        176          0       1280        596   startup_stm32f030x6.o
        16          0          0          0          0        682   stm32f0xx_it.o
       236          0          0          0          0       4033   stm32f0xx_ll_gpio.o
       336         28          0          0          0       5277   stm32f0xx_ll_rcc.o
       810         40          0          0          0      11587   stm32f0xx_ll_tim.o
       208          8          0          0          0       4734   stm32f0xx_ll_usart.o
        52          8          0          0          0       6716   stm32f0xx_ll_utils.o
         2          0         24          4          0       1794   system_stm32f0xx.o
       100         20          0          0          8       1352   systick.o
      1006        100         24          0         89      10228   tim.o
       340         28          0          0         50       3647   usart.o

    ----------------------------------------------------------------------
      4866        414        258          8       1464      65988   Object Totals
         0          0         32          0          0          0   (incl. Generated)
        16          0          2          3          6          0   (incl. Padding)

    ----------------------------------------------------------------------

      Code (inc. data)   RO Data    RW Data    ZI Data      Debug   Library Member Name

         8          0          0          0          0         68   __main.o
       108          0          0          0          0         76   __printf.o
         0          0          0          0          0          0   __rtentry.o
        12          0          0          0          0          0   __rtentry2.o
         6          0          0          0          0          0   __rtentry4.o
        60          8          0          0          0          0   __scatter.o
        26          0          0          0          0          0   __scatter_copy.o
        28          0          0          0          0          0   __scatter_zi.o
        48          6          0          0          0         88   _printf_char_common.o
       108         18          0          0          0         76   _printf_dec.o
       176          0          0          0          0         84   _printf_intcommon.o
         2          0          0          0          0          0   _printf_percent.o
         4          0          0          0          0          0   _printf_percent_end.o
        10          0          0          0          0          0   _printf_u.o
        10          0          0          0          0         60   _sputc.o
       502          0          0          0          0         92   aeabi_sdivfast.o
        16          0          0          0          0         68   exit.o
         6          0          0          0          0        136   heapauxi.o
         0          0          0          0          0          0   indicate_semi.o
         2          0          0          0          0          0   libinit.o
         2          0          0          0          0          0   libinit2.o
         2          0          0          0          0          0   libshutdown.o
         2          0          0          0          0          0   libshutdown2.o
         8          4          0          0         96         68   libspace.o
        40          4          0          0          0         84   noretval__2sprintf.o
       186          0          0          0          0        144   rt_memcpy.o
         2          0          0          0          0          0   rtexit.o
        10          0          0          0          0          0   rtexit2.o
        40          0          0          0          0         60   rtudiv10.o
        12          4          0          0          0         60   sys_exit.o
        62          0          0          0          0         80   sys_stackheap_outer.o
         2          0          0          0          0         68   use_no_semi.o

    ----------------------------------------------------------------------
      1504         44          0          0         96       1312   Library Totals
         4          0          0          0          0          0   (incl. Padding)

    ----------------------------------------------------------------------

      Code (inc. data)   RO Data    RW Data    ZI Data      Debug   Library Name

      1500         44          0          0         96       1312   c_p.l

    ----------------------------------------------------------------------
      1504         44          0          0         96       1312   Library Totals

    ----------------------------------------------------------------------

==============================================================================


      Code (inc. data)   RO Data    RW Data    ZI Data      Debug   

      6370        458        258          8       1560      66492   Grand Totals
      6370        458        258          8       1560      66492   ELF Image Totals
      6370        458        258          8          0          0   ROM Totals

==============================================================================

    Total RO  Size (Code + RO Data)                 6628 (   6.47kB)
    Total RW  Size (RW Data + ZI Data)              1568 (   1.53kB)
    Total ROM Size (Code + RO Data + RW Data)       6636 (   6.48kB)

==============================================================================

