<!doctype html public "-//w3c//dtd html 4.0 transitional//en">
<html><head>
<title>Static Call Graph - [tap_machine\tap_machine.axf]</title></head>
<body><HR>
<H1>Static Call Graph for image tap_machine\tap_machine.axf</H1><HR>
<BR><P>#&#060CALLGRAPH&#062# ARM Linker, 6160001: Last Updated: Wed Jan 22 11:41:31 2025
<BR><P>
<H3>Maximum Stack Usage =        152 bytes + Unknown(Functions without stacksize, Cycles, Untraceable Function Pointers)</H3><H3>
Call chain for Maximum Stack Depth:</H3>
__rt_entry_main &rArr; main &rArr; MX_TIM14_Init &rArr; LL_TIM_OC_Init &rArr; OC3Config
<P>
<H3>
Functions with no stack information
</H3><UL>
 <LI><a href="#[3b]">__user_initial_stackheap</a>
</UL>
</UL>
<P>
<H3>
Mutually Recursive functions
</H3> <LI><a href="#[10]">ADC1_IRQHandler</a>&nbsp;&nbsp;&nbsp;&rArr;&nbsp;&nbsp;&nbsp;<a href="#[10]">ADC1_IRQHandler</a><BR>
 <LI><a href="#[2]">HardFault_Handler</a>&nbsp;&nbsp;&nbsp;&rArr;&nbsp;&nbsp;&nbsp;<a href="#[2]">HardFault_Handler</a><BR>
 <LI><a href="#[1]">NMI_Handler</a>&nbsp;&nbsp;&nbsp;&rArr;&nbsp;&nbsp;&nbsp;<a href="#[1]">NMI_Handler</a><BR>
</UL>
<P>
<H3>
Function Pointers
</H3><UL>
 <LI><a href="#[10]">ADC1_IRQHandler</a> from startup_stm32f030x6.o(.text) referenced from startup_stm32f030x6.o(RESET)
 <LI><a href="#[d]">DMA1_Channel1_IRQHandler</a> from startup_stm32f030x6.o(.text) referenced from startup_stm32f030x6.o(RESET)
 <LI><a href="#[e]">DMA1_Channel2_3_IRQHandler</a> from startup_stm32f030x6.o(.text) referenced from startup_stm32f030x6.o(RESET)
 <LI><a href="#[f]">DMA1_Channel4_5_IRQHandler</a> from startup_stm32f030x6.o(.text) referenced from startup_stm32f030x6.o(RESET)
 <LI><a href="#[a]">EXTI0_1_IRQHandler</a> from startup_stm32f030x6.o(.text) referenced from startup_stm32f030x6.o(RESET)
 <LI><a href="#[b]">EXTI2_3_IRQHandler</a> from startup_stm32f030x6.o(.text) referenced from startup_stm32f030x6.o(RESET)
 <LI><a href="#[c]">EXTI4_15_IRQHandler</a> from startup_stm32f030x6.o(.text) referenced from startup_stm32f030x6.o(RESET)
 <LI><a href="#[8]">FLASH_IRQHandler</a> from startup_stm32f030x6.o(.text) referenced from startup_stm32f030x6.o(RESET)
 <LI><a href="#[2]">HardFault_Handler</a> from stm32f0xx_it.o(.text.HardFault_Handler) referenced from startup_stm32f030x6.o(RESET)
 <LI><a href="#[17]">I2C1_IRQHandler</a> from startup_stm32f030x6.o(.text) referenced from startup_stm32f030x6.o(RESET)
 <LI><a href="#[1]">NMI_Handler</a> from stm32f0xx_it.o(.text.NMI_Handler) referenced from startup_stm32f030x6.o(RESET)
 <LI><a href="#[4]">PendSV_Handler</a> from stm32f0xx_it.o(.text.PendSV_Handler) referenced from startup_stm32f030x6.o(RESET)
 <LI><a href="#[9]">RCC_IRQHandler</a> from startup_stm32f030x6.o(.text) referenced from startup_stm32f030x6.o(RESET)
 <LI><a href="#[7]">RTC_IRQHandler</a> from startup_stm32f030x6.o(.text) referenced from startup_stm32f030x6.o(RESET)
 <LI><a href="#[0]">Reset_Handler</a> from startup_stm32f030x6.o(.text) referenced from startup_stm32f030x6.o(RESET)
 <LI><a href="#[18]">SPI1_IRQHandler</a> from startup_stm32f030x6.o(.text) referenced from startup_stm32f030x6.o(RESET)
 <LI><a href="#[3]">SVC_Handler</a> from stm32f0xx_it.o(.text.SVC_Handler) referenced from startup_stm32f030x6.o(RESET)
 <LI><a href="#[5]">SysTick_Handler</a> from stm32f0xx_it.o(.text.SysTick_Handler) referenced from startup_stm32f030x6.o(RESET)
 <LI><a href="#[1a]">SystemInit</a> from system_stm32f0xx.o(.text.SystemInit) referenced from startup_stm32f030x6.o(.text)
 <LI><a href="#[14]">TIM14_IRQHandler</a> from startup_stm32f030x6.o(.text) referenced from startup_stm32f030x6.o(RESET)
 <LI><a href="#[15]">TIM16_IRQHandler</a> from startup_stm32f030x6.o(.text) referenced from startup_stm32f030x6.o(RESET)
 <LI><a href="#[16]">TIM17_IRQHandler</a> from tim.o(.text.TIM17_IRQHandler) referenced from startup_stm32f030x6.o(RESET)
 <LI><a href="#[11]">TIM1_BRK_UP_TRG_COM_IRQHandler</a> from startup_stm32f030x6.o(.text) referenced from startup_stm32f030x6.o(RESET)
 <LI><a href="#[12]">TIM1_CC_IRQHandler</a> from startup_stm32f030x6.o(.text) referenced from startup_stm32f030x6.o(RESET)
 <LI><a href="#[13]">TIM3_IRQHandler</a> from startup_stm32f030x6.o(.text) referenced from startup_stm32f030x6.o(RESET)
 <LI><a href="#[19]">USART1_IRQHandler</a> from startup_stm32f030x6.o(.text) referenced from startup_stm32f030x6.o(RESET)
 <LI><a href="#[6]">WWDG_IRQHandler</a> from startup_stm32f030x6.o(.text) referenced from startup_stm32f030x6.o(RESET)
 <LI><a href="#[1b]">__main</a> from __main.o(!!!main) referenced from startup_stm32f030x6.o(.text)
 <LI><a href="#[1d]">_printf_input_char</a> from _printf_char_common.o(.text) referenced from _printf_char_common.o(.text)
 <LI><a href="#[1c]">_sputc</a> from _sputc.o(.text) referenced from noretval__2sprintf.o(.text)
</UL>
<P>
<H3>
Global Symbols
</H3>
<P><STRONG><a name="[1b]"></a>__main</STRONG> (Thumb, 8 bytes, Stack size 0 bytes, __main.o(!!!main))
<BR><BR>[Calls]<UL><LI><a href="#[1e]">&gt;&gt;</a>&nbsp;&nbsp;&nbsp;__scatterload
<LI><a href="#[1f]">&gt;&gt;</a>&nbsp;&nbsp;&nbsp;__rt_entry
</UL>
<BR>[Address Reference Count : 1]<UL><LI> startup_stm32f030x6.o(.text)
</UL>
<P><STRONG><a name="[1e]"></a>__scatterload</STRONG> (Thumb, 0 bytes, Stack size unknown bytes, __scatter.o(!!!scatter))
<BR><BR>[Called By]<UL><LI><a href="#[1b]">&gt;&gt;</a>&nbsp;&nbsp;&nbsp;__main
</UL>

<P><STRONG><a name="[20]"></a>__scatterload_rt2</STRONG> (Thumb, 52 bytes, Stack size unknown bytes, __scatter.o(!!!scatter), UNUSED)
<BR><BR>[Calls]<UL><LI><a href="#[1f]">&gt;&gt;</a>&nbsp;&nbsp;&nbsp;__rt_entry
</UL>

<P><STRONG><a name="[c5]"></a>__scatterload_rt2_thumb_only</STRONG> (Thumb, 0 bytes, Stack size unknown bytes, __scatter.o(!!!scatter), UNUSED)

<P><STRONG><a name="[c6]"></a>__scatterload_null</STRONG> (Thumb, 0 bytes, Stack size unknown bytes, __scatter.o(!!!scatter), UNUSED)

<P><STRONG><a name="[21]"></a>__scatterload_copy</STRONG> (Thumb, 26 bytes, Stack size unknown bytes, __scatter_copy.o(!!handler_copy), UNUSED)
<BR><BR>[Calls]<UL><LI><a href="#[21]">&gt;&gt;</a>&nbsp;&nbsp;&nbsp;__scatterload_copy
</UL>
<BR>[Called By]<UL><LI><a href="#[21]">&gt;&gt;</a>&nbsp;&nbsp;&nbsp;__scatterload_copy
</UL>

<P><STRONG><a name="[c7]"></a>__scatterload_zeroinit</STRONG> (Thumb, 28 bytes, Stack size unknown bytes, __scatter_zi.o(!!handler_zi), UNUSED)

<P><STRONG><a name="[33]"></a>_printf_percent</STRONG> (Thumb, 0 bytes, Stack size unknown bytes, _printf_percent.o(.ARM.Collect$$_printf_percent$$00000000))
<BR><BR>[Called By]<UL><LI><a href="#[32]">&gt;&gt;</a>&nbsp;&nbsp;&nbsp;__printf
</UL>

<P><STRONG><a name="[22]"></a>_printf_u</STRONG> (Thumb, 0 bytes, Stack size unknown bytes, _printf_u.o(.ARM.Collect$$_printf_percent$$0000000A))
<BR><BR>[Stack]<UL><LI>Max Depth = 72 + Unknown Stack Size
<LI>Call Chain = _printf_u &rArr; _printf_int_dec &rArr; _printf_int_common
</UL>
<BR>[Calls]<UL><LI><a href="#[24]">&gt;&gt;</a>&nbsp;&nbsp;&nbsp;_printf_int_dec
<LI><a href="#[23]">&gt;&gt;</a>&nbsp;&nbsp;&nbsp;_printf_percent_end
</UL>

<P><STRONG><a name="[23]"></a>_printf_percent_end</STRONG> (Thumb, 0 bytes, Stack size unknown bytes, _printf_percent_end.o(.ARM.Collect$$_printf_percent$$00000017))
<BR><BR>[Called By]<UL><LI><a href="#[22]">&gt;&gt;</a>&nbsp;&nbsp;&nbsp;_printf_u
</UL>

<P><STRONG><a name="[28]"></a>__rt_lib_init</STRONG> (Thumb, 0 bytes, Stack size unknown bytes, libinit.o(.ARM.Collect$$libinit$$00000000))
<BR><BR>[Called By]<UL><LI><a href="#[27]">&gt;&gt;</a>&nbsp;&nbsp;&nbsp;__rt_entry_li
</UL>

<P><STRONG><a name="[c8]"></a>__rt_lib_init_alloca_1</STRONG> (Thumb, 0 bytes, Stack size unknown bytes, libinit2.o(.ARM.Collect$$libinit$$0000002E))

<P><STRONG><a name="[c9]"></a>__rt_lib_init_argv_1</STRONG> (Thumb, 0 bytes, Stack size unknown bytes, libinit2.o(.ARM.Collect$$libinit$$0000002C))

<P><STRONG><a name="[ca]"></a>__rt_lib_init_atexit_1</STRONG> (Thumb, 0 bytes, Stack size unknown bytes, libinit2.o(.ARM.Collect$$libinit$$0000001B))

<P><STRONG><a name="[cb]"></a>__rt_lib_init_clock_1</STRONG> (Thumb, 0 bytes, Stack size unknown bytes, libinit2.o(.ARM.Collect$$libinit$$00000021))

<P><STRONG><a name="[cc]"></a>__rt_lib_init_cpp_1</STRONG> (Thumb, 0 bytes, Stack size unknown bytes, libinit2.o(.ARM.Collect$$libinit$$00000032))

<P><STRONG><a name="[cd]"></a>__rt_lib_init_exceptions_1</STRONG> (Thumb, 0 bytes, Stack size unknown bytes, libinit2.o(.ARM.Collect$$libinit$$00000030))

<P><STRONG><a name="[ce]"></a>__rt_lib_init_fp_1</STRONG> (Thumb, 0 bytes, Stack size unknown bytes, libinit2.o(.ARM.Collect$$libinit$$00000002))

<P><STRONG><a name="[cf]"></a>__rt_lib_init_fp_trap_1</STRONG> (Thumb, 0 bytes, Stack size unknown bytes, libinit2.o(.ARM.Collect$$libinit$$0000001F))

<P><STRONG><a name="[d0]"></a>__rt_lib_init_getenv_1</STRONG> (Thumb, 0 bytes, Stack size unknown bytes, libinit2.o(.ARM.Collect$$libinit$$00000023))

<P><STRONG><a name="[d1]"></a>__rt_lib_init_heap_1</STRONG> (Thumb, 0 bytes, Stack size unknown bytes, libinit2.o(.ARM.Collect$$libinit$$0000000A))

<P><STRONG><a name="[d2]"></a>__rt_lib_init_lc_collate_1</STRONG> (Thumb, 0 bytes, Stack size unknown bytes, libinit2.o(.ARM.Collect$$libinit$$00000011))

<P><STRONG><a name="[d3]"></a>__rt_lib_init_lc_ctype_1</STRONG> (Thumb, 0 bytes, Stack size unknown bytes, libinit2.o(.ARM.Collect$$libinit$$00000013))

<P><STRONG><a name="[d4]"></a>__rt_lib_init_lc_monetary_1</STRONG> (Thumb, 0 bytes, Stack size unknown bytes, libinit2.o(.ARM.Collect$$libinit$$00000015))

<P><STRONG><a name="[d5]"></a>__rt_lib_init_lc_numeric_1</STRONG> (Thumb, 0 bytes, Stack size unknown bytes, libinit2.o(.ARM.Collect$$libinit$$00000017))

<P><STRONG><a name="[d6]"></a>__rt_lib_init_lc_time_1</STRONG> (Thumb, 0 bytes, Stack size unknown bytes, libinit2.o(.ARM.Collect$$libinit$$00000019))

<P><STRONG><a name="[d7]"></a>__rt_lib_init_preinit_1</STRONG> (Thumb, 0 bytes, Stack size unknown bytes, libinit2.o(.ARM.Collect$$libinit$$00000004))

<P><STRONG><a name="[d8]"></a>__rt_lib_init_rand_1</STRONG> (Thumb, 0 bytes, Stack size unknown bytes, libinit2.o(.ARM.Collect$$libinit$$0000000E))

<P><STRONG><a name="[d9]"></a>__rt_lib_init_return</STRONG> (Thumb, 0 bytes, Stack size unknown bytes, libinit2.o(.ARM.Collect$$libinit$$00000033))

<P><STRONG><a name="[da]"></a>__rt_lib_init_signal_1</STRONG> (Thumb, 0 bytes, Stack size unknown bytes, libinit2.o(.ARM.Collect$$libinit$$0000001D))

<P><STRONG><a name="[db]"></a>__rt_lib_init_stdio_1</STRONG> (Thumb, 0 bytes, Stack size unknown bytes, libinit2.o(.ARM.Collect$$libinit$$00000025))

<P><STRONG><a name="[dc]"></a>__rt_lib_init_user_alloc_1</STRONG> (Thumb, 0 bytes, Stack size unknown bytes, libinit2.o(.ARM.Collect$$libinit$$0000000C))

<P><STRONG><a name="[2d]"></a>__rt_lib_shutdown</STRONG> (Thumb, 0 bytes, Stack size unknown bytes, libshutdown.o(.ARM.Collect$$libshutdown$$00000000))
<BR><BR>[Called By]<UL><LI><a href="#[2c]">&gt;&gt;</a>&nbsp;&nbsp;&nbsp;__rt_exit_ls
</UL>

<P><STRONG><a name="[dd]"></a>__rt_lib_shutdown_cpp_1</STRONG> (Thumb, 0 bytes, Stack size unknown bytes, libshutdown2.o(.ARM.Collect$$libshutdown$$00000002))

<P><STRONG><a name="[de]"></a>__rt_lib_shutdown_fp_trap_1</STRONG> (Thumb, 0 bytes, Stack size unknown bytes, libshutdown2.o(.ARM.Collect$$libshutdown$$00000007))

<P><STRONG><a name="[df]"></a>__rt_lib_shutdown_heap_1</STRONG> (Thumb, 0 bytes, Stack size unknown bytes, libshutdown2.o(.ARM.Collect$$libshutdown$$0000000F))

<P><STRONG><a name="[e0]"></a>__rt_lib_shutdown_return</STRONG> (Thumb, 0 bytes, Stack size unknown bytes, libshutdown2.o(.ARM.Collect$$libshutdown$$00000010))

<P><STRONG><a name="[e1]"></a>__rt_lib_shutdown_signal_1</STRONG> (Thumb, 0 bytes, Stack size unknown bytes, libshutdown2.o(.ARM.Collect$$libshutdown$$0000000A))

<P><STRONG><a name="[e2]"></a>__rt_lib_shutdown_stdio_1</STRONG> (Thumb, 0 bytes, Stack size unknown bytes, libshutdown2.o(.ARM.Collect$$libshutdown$$00000004))

<P><STRONG><a name="[e3]"></a>__rt_lib_shutdown_user_alloc_1</STRONG> (Thumb, 0 bytes, Stack size unknown bytes, libshutdown2.o(.ARM.Collect$$libshutdown$$0000000C))

<P><STRONG><a name="[1f]"></a>__rt_entry</STRONG> (Thumb, 0 bytes, Stack size unknown bytes, __rtentry.o(.ARM.Collect$$rtentry$$00000000))
<BR><BR>[Called By]<UL><LI><a href="#[20]">&gt;&gt;</a>&nbsp;&nbsp;&nbsp;__scatterload_rt2
<LI><a href="#[1b]">&gt;&gt;</a>&nbsp;&nbsp;&nbsp;__main
</UL>

<P><STRONG><a name="[e4]"></a>__rt_entry_presh_1</STRONG> (Thumb, 0 bytes, Stack size unknown bytes, __rtentry2.o(.ARM.Collect$$rtentry$$00000002))

<P><STRONG><a name="[25]"></a>__rt_entry_sh</STRONG> (Thumb, 0 bytes, Stack size unknown bytes, __rtentry4.o(.ARM.Collect$$rtentry$$00000004))
<BR><BR>[Stack]<UL><LI>Max Depth = 8 + Unknown Stack Size
<LI>Call Chain = __rt_entry_sh &rArr; __user_setup_stackheap
</UL>
<BR>[Calls]<UL><LI><a href="#[26]">&gt;&gt;</a>&nbsp;&nbsp;&nbsp;__user_setup_stackheap
</UL>

<P><STRONG><a name="[27]"></a>__rt_entry_li</STRONG> (Thumb, 0 bytes, Stack size unknown bytes, __rtentry2.o(.ARM.Collect$$rtentry$$0000000A))
<BR><BR>[Calls]<UL><LI><a href="#[28]">&gt;&gt;</a>&nbsp;&nbsp;&nbsp;__rt_lib_init
</UL>

<P><STRONG><a name="[e5]"></a>__rt_entry_postsh_1</STRONG> (Thumb, 0 bytes, Stack size unknown bytes, __rtentry2.o(.ARM.Collect$$rtentry$$00000009))

<P><STRONG><a name="[29]"></a>__rt_entry_main</STRONG> (Thumb, 0 bytes, Stack size unknown bytes, __rtentry2.o(.ARM.Collect$$rtentry$$0000000D))
<BR><BR>[Stack]<UL><LI>Max Depth = 152 + Unknown Stack Size
<LI>Call Chain = __rt_entry_main &rArr; main &rArr; MX_TIM14_Init &rArr; LL_TIM_OC_Init &rArr; OC3Config
</UL>
<BR>[Calls]<UL><LI><a href="#[2a]">&gt;&gt;</a>&nbsp;&nbsp;&nbsp;main
<LI><a href="#[2b]">&gt;&gt;</a>&nbsp;&nbsp;&nbsp;exit
</UL>

<P><STRONG><a name="[e6]"></a>__rt_entry_postli_1</STRONG> (Thumb, 0 bytes, Stack size unknown bytes, __rtentry2.o(.ARM.Collect$$rtentry$$0000000C))

<P><STRONG><a name="[3d]"></a>__rt_exit</STRONG> (Thumb, 0 bytes, Stack size unknown bytes, rtexit.o(.ARM.Collect$$rtexit$$00000000))
<BR><BR>[Called By]<UL><LI><a href="#[2b]">&gt;&gt;</a>&nbsp;&nbsp;&nbsp;exit
</UL>

<P><STRONG><a name="[2c]"></a>__rt_exit_ls</STRONG> (Thumb, 0 bytes, Stack size unknown bytes, rtexit2.o(.ARM.Collect$$rtexit$$00000003))
<BR><BR>[Calls]<UL><LI><a href="#[2d]">&gt;&gt;</a>&nbsp;&nbsp;&nbsp;__rt_lib_shutdown
</UL>

<P><STRONG><a name="[e7]"></a>__rt_exit_prels_1</STRONG> (Thumb, 0 bytes, Stack size unknown bytes, rtexit2.o(.ARM.Collect$$rtexit$$00000002))

<P><STRONG><a name="[2e]"></a>__rt_exit_exit</STRONG> (Thumb, 0 bytes, Stack size unknown bytes, rtexit2.o(.ARM.Collect$$rtexit$$00000004))
<BR><BR>[Calls]<UL><LI><a href="#[2f]">&gt;&gt;</a>&nbsp;&nbsp;&nbsp;_sys_exit
</UL>

<P><STRONG><a name="[0]"></a>Reset_Handler</STRONG> (Thumb, 8 bytes, Stack size 0 bytes, startup_stm32f030x6.o(.text))
<BR>[Address Reference Count : 1]<UL><LI> startup_stm32f030x6.o(RESET)
</UL>
<P><STRONG><a name="[10]"></a>ADC1_IRQHandler</STRONG> (Thumb, 0 bytes, Stack size 0 bytes, startup_stm32f030x6.o(.text))
<BR><BR>[Calls]<UL><LI><a href="#[10]">&gt;&gt;</a>&nbsp;&nbsp;&nbsp;ADC1_IRQHandler
</UL>
<BR>[Called By]<UL><LI><a href="#[10]">&gt;&gt;</a>&nbsp;&nbsp;&nbsp;ADC1_IRQHandler
</UL>
<BR>[Address Reference Count : 1]<UL><LI> startup_stm32f030x6.o(RESET)
</UL>
<P><STRONG><a name="[d]"></a>DMA1_Channel1_IRQHandler</STRONG> (Thumb, 0 bytes, Stack size 0 bytes, startup_stm32f030x6.o(.text))
<BR>[Address Reference Count : 1]<UL><LI> startup_stm32f030x6.o(RESET)
</UL>
<P><STRONG><a name="[e]"></a>DMA1_Channel2_3_IRQHandler</STRONG> (Thumb, 0 bytes, Stack size 0 bytes, startup_stm32f030x6.o(.text))
<BR>[Address Reference Count : 1]<UL><LI> startup_stm32f030x6.o(RESET)
</UL>
<P><STRONG><a name="[f]"></a>DMA1_Channel4_5_IRQHandler</STRONG> (Thumb, 0 bytes, Stack size 0 bytes, startup_stm32f030x6.o(.text))
<BR>[Address Reference Count : 1]<UL><LI> startup_stm32f030x6.o(RESET)
</UL>
<P><STRONG><a name="[a]"></a>EXTI0_1_IRQHandler</STRONG> (Thumb, 0 bytes, Stack size 0 bytes, startup_stm32f030x6.o(.text))
<BR>[Address Reference Count : 1]<UL><LI> startup_stm32f030x6.o(RESET)
</UL>
<P><STRONG><a name="[b]"></a>EXTI2_3_IRQHandler</STRONG> (Thumb, 0 bytes, Stack size 0 bytes, startup_stm32f030x6.o(.text))
<BR>[Address Reference Count : 1]<UL><LI> startup_stm32f030x6.o(RESET)
</UL>
<P><STRONG><a name="[c]"></a>EXTI4_15_IRQHandler</STRONG> (Thumb, 0 bytes, Stack size 0 bytes, startup_stm32f030x6.o(.text))
<BR>[Address Reference Count : 1]<UL><LI> startup_stm32f030x6.o(RESET)
</UL>
<P><STRONG><a name="[8]"></a>FLASH_IRQHandler</STRONG> (Thumb, 0 bytes, Stack size 0 bytes, startup_stm32f030x6.o(.text))
<BR>[Address Reference Count : 1]<UL><LI> startup_stm32f030x6.o(RESET)
</UL>
<P><STRONG><a name="[17]"></a>I2C1_IRQHandler</STRONG> (Thumb, 0 bytes, Stack size 0 bytes, startup_stm32f030x6.o(.text))
<BR>[Address Reference Count : 1]<UL><LI> startup_stm32f030x6.o(RESET)
</UL>
<P><STRONG><a name="[9]"></a>RCC_IRQHandler</STRONG> (Thumb, 0 bytes, Stack size 0 bytes, startup_stm32f030x6.o(.text))
<BR>[Address Reference Count : 1]<UL><LI> startup_stm32f030x6.o(RESET)
</UL>
<P><STRONG><a name="[7]"></a>RTC_IRQHandler</STRONG> (Thumb, 0 bytes, Stack size 0 bytes, startup_stm32f030x6.o(.text))
<BR>[Address Reference Count : 1]<UL><LI> startup_stm32f030x6.o(RESET)
</UL>
<P><STRONG><a name="[18]"></a>SPI1_IRQHandler</STRONG> (Thumb, 0 bytes, Stack size 0 bytes, startup_stm32f030x6.o(.text))
<BR>[Address Reference Count : 1]<UL><LI> startup_stm32f030x6.o(RESET)
</UL>
<P><STRONG><a name="[14]"></a>TIM14_IRQHandler</STRONG> (Thumb, 0 bytes, Stack size 0 bytes, startup_stm32f030x6.o(.text))
<BR>[Address Reference Count : 1]<UL><LI> startup_stm32f030x6.o(RESET)
</UL>
<P><STRONG><a name="[15]"></a>TIM16_IRQHandler</STRONG> (Thumb, 0 bytes, Stack size 0 bytes, startup_stm32f030x6.o(.text))
<BR>[Address Reference Count : 1]<UL><LI> startup_stm32f030x6.o(RESET)
</UL>
<P><STRONG><a name="[11]"></a>TIM1_BRK_UP_TRG_COM_IRQHandler</STRONG> (Thumb, 0 bytes, Stack size 0 bytes, startup_stm32f030x6.o(.text))
<BR>[Address Reference Count : 1]<UL><LI> startup_stm32f030x6.o(RESET)
</UL>
<P><STRONG><a name="[12]"></a>TIM1_CC_IRQHandler</STRONG> (Thumb, 0 bytes, Stack size 0 bytes, startup_stm32f030x6.o(.text))
<BR>[Address Reference Count : 1]<UL><LI> startup_stm32f030x6.o(RESET)
</UL>
<P><STRONG><a name="[13]"></a>TIM3_IRQHandler</STRONG> (Thumb, 0 bytes, Stack size 0 bytes, startup_stm32f030x6.o(.text))
<BR>[Address Reference Count : 1]<UL><LI> startup_stm32f030x6.o(RESET)
</UL>
<P><STRONG><a name="[19]"></a>USART1_IRQHandler</STRONG> (Thumb, 0 bytes, Stack size 0 bytes, startup_stm32f030x6.o(.text))
<BR>[Address Reference Count : 1]<UL><LI> startup_stm32f030x6.o(RESET)
</UL>
<P><STRONG><a name="[6]"></a>WWDG_IRQHandler</STRONG> (Thumb, 0 bytes, Stack size 0 bytes, startup_stm32f030x6.o(.text))
<BR>[Address Reference Count : 1]<UL><LI> startup_stm32f030x6.o(RESET)
</UL>
<P><STRONG><a name="[3b]"></a>__user_initial_stackheap</STRONG> (Thumb, 0 bytes, Stack size unknown bytes, startup_stm32f030x6.o(.text))
<BR><BR>[Called By]<UL><LI><a href="#[26]">&gt;&gt;</a>&nbsp;&nbsp;&nbsp;__user_setup_stackheap
</UL>

<P><STRONG><a name="[30]"></a>__2sprintf</STRONG> (Thumb, 36 bytes, Stack size 32 bytes, noretval__2sprintf.o(.text))
<BR><BR>[Stack]<UL><LI>Max Depth = 120 + Unknown Stack Size
<LI>Call Chain = __2sprintf &rArr; _printf_char_common &rArr; __printf
</UL>
<BR>[Calls]<UL><LI><a href="#[1c]">&gt;&gt;</a>&nbsp;&nbsp;&nbsp;_sputc
<LI><a href="#[31]">&gt;&gt;</a>&nbsp;&nbsp;&nbsp;_printf_char_common
</UL>
<BR>[Called By]<UL><LI><a href="#[a4]">&gt;&gt;</a>&nbsp;&nbsp;&nbsp;Timer_Bounce_Callback
<LI><a href="#[b9]">&gt;&gt;</a>&nbsp;&nbsp;&nbsp;main_loop
</UL>

<P><STRONG><a name="[32]"></a>__printf</STRONG> (Thumb, 108 bytes, Stack size 24 bytes, __printf.o(.text))
<BR><BR>[Stack]<UL><LI>Max Depth = 24 + Unknown Stack Size
<LI>Call Chain = __printf
</UL>
<BR>[Calls]<UL><LI><a href="#[33]">&gt;&gt;</a>&nbsp;&nbsp;&nbsp;_printf_percent
</UL>
<BR>[Called By]<UL><LI><a href="#[31]">&gt;&gt;</a>&nbsp;&nbsp;&nbsp;_printf_char_common
</UL>

<P><STRONG><a name="[24]"></a>_printf_int_dec</STRONG> (Thumb, 90 bytes, Stack size 32 bytes, _printf_dec.o(.text))
<BR><BR>[Stack]<UL><LI>Max Depth = 72<LI>Call Chain = _printf_int_dec &rArr; _printf_int_common
</UL>
<BR>[Calls]<UL><LI><a href="#[35]">&gt;&gt;</a>&nbsp;&nbsp;&nbsp;_printf_truncate_unsigned (Weak Reference)
<LI><a href="#[34]">&gt;&gt;</a>&nbsp;&nbsp;&nbsp;_printf_truncate_signed (Weak Reference)
<LI><a href="#[36]">&gt;&gt;</a>&nbsp;&nbsp;&nbsp;__rt_udiv10
<LI><a href="#[37]">&gt;&gt;</a>&nbsp;&nbsp;&nbsp;_printf_int_common
</UL>
<BR>[Called By]<UL><LI><a href="#[22]">&gt;&gt;</a>&nbsp;&nbsp;&nbsp;_printf_u
</UL>

<P><STRONG><a name="[e8]"></a>__use_two_region_memory</STRONG> (Thumb, 2 bytes, Stack size 0 bytes, heapauxi.o(.text), UNUSED)

<P><STRONG><a name="[e9]"></a>__rt_heap_escrow$2region</STRONG> (Thumb, 2 bytes, Stack size 0 bytes, heapauxi.o(.text), UNUSED)

<P><STRONG><a name="[ea]"></a>__rt_heap_expand$2region</STRONG> (Thumb, 2 bytes, Stack size 0 bytes, heapauxi.o(.text), UNUSED)

<P><STRONG><a name="[37]"></a>_printf_int_common</STRONG> (Thumb, 176 bytes, Stack size 40 bytes, _printf_intcommon.o(.text))
<BR><BR>[Stack]<UL><LI>Max Depth = 40<LI>Call Chain = _printf_int_common
</UL>
<BR>[Calls]<UL><LI><a href="#[38]">&gt;&gt;</a>&nbsp;&nbsp;&nbsp;_printf_pre_padding (Weak Reference)
<LI><a href="#[39]">&gt;&gt;</a>&nbsp;&nbsp;&nbsp;_printf_post_padding (Weak Reference)
</UL>
<BR>[Called By]<UL><LI><a href="#[24]">&gt;&gt;</a>&nbsp;&nbsp;&nbsp;_printf_int_dec
</UL>

<P><STRONG><a name="[31]"></a>_printf_char_common</STRONG> (Thumb, 32 bytes, Stack size 64 bytes, _printf_char_common.o(.text))
<BR><BR>[Stack]<UL><LI>Max Depth = 88 + Unknown Stack Size
<LI>Call Chain = _printf_char_common &rArr; __printf
</UL>
<BR>[Calls]<UL><LI><a href="#[32]">&gt;&gt;</a>&nbsp;&nbsp;&nbsp;__printf
</UL>
<BR>[Called By]<UL><LI><a href="#[30]">&gt;&gt;</a>&nbsp;&nbsp;&nbsp;__2sprintf
</UL>

<P><STRONG><a name="[1c]"></a>_sputc</STRONG> (Thumb, 10 bytes, Stack size 0 bytes, _sputc.o(.text))
<BR><BR>[Called By]<UL><LI><a href="#[30]">&gt;&gt;</a>&nbsp;&nbsp;&nbsp;__2sprintf
</UL>
<BR>[Address Reference Count : 1]<UL><LI> noretval__2sprintf.o(.text)
</UL>
<P><STRONG><a name="[36]"></a>__rt_udiv10</STRONG> (Thumb, 40 bytes, Stack size 0 bytes, rtudiv10.o(.text))
<BR><BR>[Called By]<UL><LI><a href="#[24]">&gt;&gt;</a>&nbsp;&nbsp;&nbsp;_printf_int_dec
</UL>

<P><STRONG><a name="[26]"></a>__user_setup_stackheap</STRONG> (Thumb, 62 bytes, Stack size 8 bytes, sys_stackheap_outer.o(.text))
<BR><BR>[Stack]<UL><LI>Max Depth = 8 + Unknown Stack Size
<LI>Call Chain = __user_setup_stackheap
</UL>
<BR>[Calls]<UL><LI><a href="#[3b]">&gt;&gt;</a>&nbsp;&nbsp;&nbsp;__user_initial_stackheap
<LI><a href="#[3a]">&gt;&gt;</a>&nbsp;&nbsp;&nbsp;__user_perproc_libspace
</UL>
<BR>[Called By]<UL><LI><a href="#[25]">&gt;&gt;</a>&nbsp;&nbsp;&nbsp;__rt_entry_sh
</UL>

<P><STRONG><a name="[2b]"></a>exit</STRONG> (Thumb, 16 bytes, Stack size 8 bytes, exit.o(.text))
<BR><BR>[Stack]<UL><LI>Max Depth = 8 + Unknown Stack Size
<LI>Call Chain = exit
</UL>
<BR>[Calls]<UL><LI><a href="#[3d]">&gt;&gt;</a>&nbsp;&nbsp;&nbsp;__rt_exit
<LI><a href="#[3c]">&gt;&gt;</a>&nbsp;&nbsp;&nbsp;_call_atexit_fns (Weak Reference)
</UL>
<BR>[Called By]<UL><LI><a href="#[29]">&gt;&gt;</a>&nbsp;&nbsp;&nbsp;__rt_entry_main
</UL>

<P><STRONG><a name="[eb]"></a>__user_libspace</STRONG> (Thumb, 8 bytes, Stack size 0 bytes, libspace.o(.text), UNUSED)

<P><STRONG><a name="[3a]"></a>__user_perproc_libspace</STRONG> (Thumb, 0 bytes, Stack size 0 bytes, libspace.o(.text))
<BR><BR>[Called By]<UL><LI><a href="#[26]">&gt;&gt;</a>&nbsp;&nbsp;&nbsp;__user_setup_stackheap
</UL>

<P><STRONG><a name="[ec]"></a>__user_perthread_libspace</STRONG> (Thumb, 0 bytes, Stack size 0 bytes, libspace.o(.text), UNUSED)

<P><STRONG><a name="[2f]"></a>_sys_exit</STRONG> (Thumb, 8 bytes, Stack size 0 bytes, sys_exit.o(.text))
<BR><BR>[Called By]<UL><LI><a href="#[2e]">&gt;&gt;</a>&nbsp;&nbsp;&nbsp;__rt_exit_exit
</UL>

<P><STRONG><a name="[ed]"></a>__I$use$semihosting</STRONG> (Thumb, 0 bytes, Stack size 0 bytes, use_no_semi.o(.text), UNUSED)

<P><STRONG><a name="[ee]"></a>__use_no_semihosting_swi</STRONG> (Thumb, 2 bytes, Stack size 0 bytes, use_no_semi.o(.text), UNUSED)

<P><STRONG><a name="[3e]"></a>DBG_PutString</STRONG> (Thumb, 36 bytes, Stack size 16 bytes, usart.o(.text.DBG_PutString))
<BR><BR>[Stack]<UL><LI>Max Depth = 16<LI>Call Chain = DBG_PutString
</UL>
<BR>[Calls]<UL><LI><a href="#[40]">&gt;&gt;</a>&nbsp;&nbsp;&nbsp;LL_USART_TransmitData8
<LI><a href="#[3f]">&gt;&gt;</a>&nbsp;&nbsp;&nbsp;LL_USART_IsActiveFlag_TC
</UL>
<BR>[Called By]<UL><LI><a href="#[a4]">&gt;&gt;</a>&nbsp;&nbsp;&nbsp;Timer_Bounce_Callback
<LI><a href="#[2a]">&gt;&gt;</a>&nbsp;&nbsp;&nbsp;main
<LI><a href="#[b9]">&gt;&gt;</a>&nbsp;&nbsp;&nbsp;main_loop
</UL>

<P><STRONG><a name="[ef]"></a>__semihosting_library_function</STRONG> (Thumb, 0 bytes, Stack size 16 bytes, indicate_semi.o(.text), UNUSED)

<P><STRONG><a name="[c4]"></a>Delay_Ms</STRONG> (Thumb, 12 bytes, Stack size 0 bytes, tim.o(.text.Delay_Ms))
<BR><BR>[Called By]<UL><LI><a href="#[bc]">&gt;&gt;</a>&nbsp;&nbsp;&nbsp;turn_drive_soft_start
</UL>

<P><STRONG><a name="[41]"></a>Enable_Drive</STRONG> (Thumb, 32 bytes, Stack size 8 bytes, gpio.o(.text.Enable_Drive))
<BR><BR>[Stack]<UL><LI>Max Depth = 8<LI>Call Chain = Enable_Drive
</UL>
<BR>[Calls]<UL><LI><a href="#[43]">&gt;&gt;</a>&nbsp;&nbsp;&nbsp;LL_GPIO_SetOutputPin
<LI><a href="#[42]">&gt;&gt;</a>&nbsp;&nbsp;&nbsp;LL_GPIO_ResetOutputPin
</UL>
<BR>[Called By]<UL><LI><a href="#[b9]">&gt;&gt;</a>&nbsp;&nbsp;&nbsp;main_loop
</UL>

<P><STRONG><a name="[2]"></a>HardFault_Handler</STRONG> (Thumb, 2 bytes, Stack size 0 bytes, stm32f0xx_it.o(.text.HardFault_Handler))
<BR><BR>[Calls]<UL><LI><a href="#[2]">&gt;&gt;</a>&nbsp;&nbsp;&nbsp;HardFault_Handler
</UL>
<BR>[Called By]<UL><LI><a href="#[2]">&gt;&gt;</a>&nbsp;&nbsp;&nbsp;HardFault_Handler
</UL>
<BR>[Address Reference Count : 1]<UL><LI> startup_stm32f030x6.o(RESET)
</UL>
<P><STRONG><a name="[44]"></a>IWDG_Init</STRONG> (Thumb, 32 bytes, Stack size 8 bytes, main.o(.text.IWDG_Init))
<BR><BR>[Stack]<UL><LI>Max Depth = 8<LI>Call Chain = IWDG_Init
</UL>
<BR>[Calls]<UL><LI><a href="#[48]">&gt;&gt;</a>&nbsp;&nbsp;&nbsp;LL_IWDG_SetReloadCounter
<LI><a href="#[47]">&gt;&gt;</a>&nbsp;&nbsp;&nbsp;LL_IWDG_SetPrescaler
<LI><a href="#[4a]">&gt;&gt;</a>&nbsp;&nbsp;&nbsp;LL_IWDG_ReloadCounter
<LI><a href="#[49]">&gt;&gt;</a>&nbsp;&nbsp;&nbsp;LL_IWDG_IsReady
<LI><a href="#[46]">&gt;&gt;</a>&nbsp;&nbsp;&nbsp;LL_IWDG_EnableWriteAccess
<LI><a href="#[45]">&gt;&gt;</a>&nbsp;&nbsp;&nbsp;LL_IWDG_Enable
</UL>
<BR>[Called By]<UL><LI><a href="#[2a]">&gt;&gt;</a>&nbsp;&nbsp;&nbsp;main
</UL>

<P><STRONG><a name="[4b]"></a>IWDG_Reset</STRONG> (Thumb, 8 bytes, Stack size 8 bytes, main.o(.text.IWDG_Reset))
<BR><BR>[Stack]<UL><LI>Max Depth = 8<LI>Call Chain = IWDG_Reset
</UL>
<BR>[Calls]<UL><LI><a href="#[4a]">&gt;&gt;</a>&nbsp;&nbsp;&nbsp;LL_IWDG_ReloadCounter
</UL>
<BR>[Called By]<UL><LI><a href="#[2a]">&gt;&gt;</a>&nbsp;&nbsp;&nbsp;main
</UL>

<P><STRONG><a name="[4c]"></a>LL_GPIO_Init</STRONG> (Thumb, 128 bytes, Stack size 24 bytes, stm32f0xx_ll_gpio.o(.text.LL_GPIO_Init))
<BR><BR>[Stack]<UL><LI>Max Depth = 24<LI>Call Chain = LL_GPIO_Init
</UL>
<BR>[Calls]<UL><LI><a href="#[4f]">&gt;&gt;</a>&nbsp;&nbsp;&nbsp;LL_GPIO_SetPinSpeed
<LI><a href="#[50]">&gt;&gt;</a>&nbsp;&nbsp;&nbsp;LL_GPIO_SetPinPull
<LI><a href="#[52]">&gt;&gt;</a>&nbsp;&nbsp;&nbsp;LL_GPIO_SetPinOutputType
<LI><a href="#[4e]">&gt;&gt;</a>&nbsp;&nbsp;&nbsp;LL_GPIO_SetPinMode
<LI><a href="#[4d]">&gt;&gt;</a>&nbsp;&nbsp;&nbsp;LL_GPIO_SetAFPin_8_15
<LI><a href="#[51]">&gt;&gt;</a>&nbsp;&nbsp;&nbsp;LL_GPIO_SetAFPin_0_7
</UL>
<BR>[Called By]<UL><LI><a href="#[7c]">&gt;&gt;</a>&nbsp;&nbsp;&nbsp;MX_USART1_UART_Init
<LI><a href="#[74]">&gt;&gt;</a>&nbsp;&nbsp;&nbsp;MX_TIM3_Init
<LI><a href="#[6e]">&gt;&gt;</a>&nbsp;&nbsp;&nbsp;MX_TIM14_Init
<LI><a href="#[6c]">&gt;&gt;</a>&nbsp;&nbsp;&nbsp;MX_GPIO_Init
</UL>

<P><STRONG><a name="[53]"></a>LL_Init1msTick</STRONG> (Thumb, 8 bytes, Stack size 8 bytes, stm32f0xx_ll_utils.o(.text.LL_Init1msTick))
<BR><BR>[Stack]<UL><LI>Max Depth = 16<LI>Call Chain = LL_Init1msTick &rArr; LL_InitTick
</UL>
<BR>[Calls]<UL><LI><a href="#[54]">&gt;&gt;</a>&nbsp;&nbsp;&nbsp;LL_InitTick
</UL>
<BR>[Called By]<UL><LI><a href="#[91]">&gt;&gt;</a>&nbsp;&nbsp;&nbsp;SystemClock_Config
</UL>

<P><STRONG><a name="[56]"></a>LL_RCC_GetUSARTClockFreq</STRONG> (Thumb, 72 bytes, Stack size 8 bytes, stm32f0xx_ll_rcc.o(.text.LL_RCC_GetUSARTClockFreq))
<BR><BR>[Stack]<UL><LI>Max Depth = 32<LI>Call Chain = LL_RCC_GetUSARTClockFreq &rArr; RCC_GetSystemClockFreq &rArr; RCC_PLL_GetFreqDomain_SYS
</UL>
<BR>[Calls]<UL><LI><a href="#[58]">&gt;&gt;</a>&nbsp;&nbsp;&nbsp;RCC_GetSystemClockFreq
<LI><a href="#[5c]">&gt;&gt;</a>&nbsp;&nbsp;&nbsp;RCC_GetPCLK1ClockFreq
<LI><a href="#[5b]">&gt;&gt;</a>&nbsp;&nbsp;&nbsp;RCC_GetHCLKClockFreq
<LI><a href="#[59]">&gt;&gt;</a>&nbsp;&nbsp;&nbsp;LL_RCC_LSE_IsReady
<LI><a href="#[5a]">&gt;&gt;</a>&nbsp;&nbsp;&nbsp;LL_RCC_HSI_IsReady
<LI><a href="#[57]">&gt;&gt;</a>&nbsp;&nbsp;&nbsp;LL_RCC_GetUSARTClockSource
</UL>
<BR>[Called By]<UL><LI><a href="#[67]">&gt;&gt;</a>&nbsp;&nbsp;&nbsp;LL_USART_Init
</UL>

<P><STRONG><a name="[a0]"></a>LL_SetSystemCoreClock</STRONG> (Thumb, 8 bytes, Stack size 0 bytes, stm32f0xx_ll_utils.o(.text.LL_SetSystemCoreClock))
<BR><BR>[Called By]<UL><LI><a href="#[91]">&gt;&gt;</a>&nbsp;&nbsp;&nbsp;SystemClock_Config
</UL>

<P><STRONG><a name="[5d]"></a>LL_TIM_Init</STRONG> (Thumb, 136 bytes, Stack size 16 bytes, stm32f0xx_ll_tim.o(.text.LL_TIM_Init))
<BR><BR>[Stack]<UL><LI>Max Depth = 16<LI>Call Chain = LL_TIM_Init
</UL>
<BR>[Calls]<UL><LI><a href="#[60]">&gt;&gt;</a>&nbsp;&nbsp;&nbsp;LL_TIM_SetRepetitionCounter
<LI><a href="#[5f]">&gt;&gt;</a>&nbsp;&nbsp;&nbsp;LL_TIM_SetPrescaler
<LI><a href="#[5e]">&gt;&gt;</a>&nbsp;&nbsp;&nbsp;LL_TIM_SetAutoReload
<LI><a href="#[61]">&gt;&gt;</a>&nbsp;&nbsp;&nbsp;LL_TIM_GenerateEvent_UPDATE
</UL>
<BR>[Called By]<UL><LI><a href="#[c0]">&gt;&gt;</a>&nbsp;&nbsp;&nbsp;timer_bounce_init
<LI><a href="#[be]">&gt;&gt;</a>&nbsp;&nbsp;&nbsp;tim_delay_init
<LI><a href="#[74]">&gt;&gt;</a>&nbsp;&nbsp;&nbsp;MX_TIM3_Init
<LI><a href="#[6e]">&gt;&gt;</a>&nbsp;&nbsp;&nbsp;MX_TIM14_Init
</UL>

<P><STRONG><a name="[62]"></a>LL_TIM_OC_Init</STRONG> (Thumb, 80 bytes, Stack size 16 bytes, stm32f0xx_ll_tim.o(.text.LL_TIM_OC_Init))
<BR><BR>[Stack]<UL><LI>Max Depth = 56<LI>Call Chain = LL_TIM_OC_Init &rArr; OC3Config
</UL>
<BR>[Calls]<UL><LI><a href="#[64]">&gt;&gt;</a>&nbsp;&nbsp;&nbsp;OC4Config
<LI><a href="#[66]">&gt;&gt;</a>&nbsp;&nbsp;&nbsp;OC3Config
<LI><a href="#[63]">&gt;&gt;</a>&nbsp;&nbsp;&nbsp;OC2Config
<LI><a href="#[65]">&gt;&gt;</a>&nbsp;&nbsp;&nbsp;OC1Config
</UL>
<BR>[Called By]<UL><LI><a href="#[6e]">&gt;&gt;</a>&nbsp;&nbsp;&nbsp;MX_TIM14_Init
</UL>

<P><STRONG><a name="[67]"></a>LL_USART_Init</STRONG> (Thumb, 108 bytes, Stack size 16 bytes, stm32f0xx_ll_usart.o(.text.LL_USART_Init))
<BR><BR>[Stack]<UL><LI>Max Depth = 48<LI>Call Chain = LL_USART_Init &rArr; LL_RCC_GetUSARTClockFreq &rArr; RCC_GetSystemClockFreq &rArr; RCC_PLL_GetFreqDomain_SYS
</UL>
<BR>[Calls]<UL><LI><a href="#[69]">&gt;&gt;</a>&nbsp;&nbsp;&nbsp;LL_USART_SetStopBitsLength
<LI><a href="#[6a]">&gt;&gt;</a>&nbsp;&nbsp;&nbsp;LL_USART_SetHWFlowCtrl
<LI><a href="#[6b]">&gt;&gt;</a>&nbsp;&nbsp;&nbsp;LL_USART_SetBaudRate
<LI><a href="#[68]">&gt;&gt;</a>&nbsp;&nbsp;&nbsp;LL_USART_IsEnabled
<LI><a href="#[56]">&gt;&gt;</a>&nbsp;&nbsp;&nbsp;LL_RCC_GetUSARTClockFreq
</UL>
<BR>[Called By]<UL><LI><a href="#[7c]">&gt;&gt;</a>&nbsp;&nbsp;&nbsp;MX_USART1_UART_Init
</UL>

<P><STRONG><a name="[6c]"></a>MX_GPIO_Init</STRONG> (Thumb, 120 bytes, Stack size 56 bytes, gpio.o(.text.MX_GPIO_Init))
<BR><BR>[Stack]<UL><LI>Max Depth = 80<LI>Call Chain = MX_GPIO_Init &rArr; LL_GPIO_Init
</UL>
<BR>[Calls]<UL><LI><a href="#[4c]">&gt;&gt;</a>&nbsp;&nbsp;&nbsp;LL_GPIO_Init
<LI><a href="#[42]">&gt;&gt;</a>&nbsp;&nbsp;&nbsp;LL_GPIO_ResetOutputPin
<LI><a href="#[6d]">&gt;&gt;</a>&nbsp;&nbsp;&nbsp;LL_AHB1_GRP1_EnableClock
</UL>
<BR>[Called By]<UL><LI><a href="#[2a]">&gt;&gt;</a>&nbsp;&nbsp;&nbsp;main
</UL>

<P><STRONG><a name="[6e]"></a>MX_TIM14_Init</STRONG> (Thumb, 152 bytes, Stack size 96 bytes, tim.o(.text.MX_TIM14_Init))
<BR><BR>[Stack]<UL><LI>Max Depth = 152<LI>Call Chain = MX_TIM14_Init &rArr; LL_TIM_OC_Init &rArr; OC3Config
</UL>
<BR>[Calls]<UL><LI><a href="#[62]">&gt;&gt;</a>&nbsp;&nbsp;&nbsp;LL_TIM_OC_Init
<LI><a href="#[5d]">&gt;&gt;</a>&nbsp;&nbsp;&nbsp;LL_TIM_Init
<LI><a href="#[71]">&gt;&gt;</a>&nbsp;&nbsp;&nbsp;LL_TIM_OC_EnablePreload
<LI><a href="#[72]">&gt;&gt;</a>&nbsp;&nbsp;&nbsp;LL_TIM_OC_DisableFast
<LI><a href="#[70]">&gt;&gt;</a>&nbsp;&nbsp;&nbsp;LL_TIM_DisableARRPreload
<LI><a href="#[6f]">&gt;&gt;</a>&nbsp;&nbsp;&nbsp;LL_APB1_GRP1_EnableClock
<LI><a href="#[73]">&gt;&gt;</a>&nbsp;&nbsp;&nbsp;LL_AHB1_GRP1_EnableClock
<LI><a href="#[4c]">&gt;&gt;</a>&nbsp;&nbsp;&nbsp;LL_GPIO_Init
</UL>
<BR>[Called By]<UL><LI><a href="#[2a]">&gt;&gt;</a>&nbsp;&nbsp;&nbsp;main
</UL>

<P><STRONG><a name="[74]"></a>MX_TIM3_Init</STRONG> (Thumb, 188 bytes, Stack size 72 bytes, tim.o(.text.MX_TIM3_Init))
<BR><BR>[Stack]<UL><LI>Max Depth = 96<LI>Call Chain = MX_TIM3_Init &rArr; LL_GPIO_Init
</UL>
<BR>[Calls]<UL><LI><a href="#[5d]">&gt;&gt;</a>&nbsp;&nbsp;&nbsp;LL_TIM_Init
<LI><a href="#[7a]">&gt;&gt;</a>&nbsp;&nbsp;&nbsp;LL_TIM_SetTriggerOutput
<LI><a href="#[75]">&gt;&gt;</a>&nbsp;&nbsp;&nbsp;LL_TIM_SetEncoderMode
<LI><a href="#[77]">&gt;&gt;</a>&nbsp;&nbsp;&nbsp;LL_TIM_IC_SetPrescaler
<LI><a href="#[79]">&gt;&gt;</a>&nbsp;&nbsp;&nbsp;LL_TIM_IC_SetPolarity
<LI><a href="#[78]">&gt;&gt;</a>&nbsp;&nbsp;&nbsp;LL_TIM_IC_SetFilter
<LI><a href="#[76]">&gt;&gt;</a>&nbsp;&nbsp;&nbsp;LL_TIM_IC_SetActiveInput
<LI><a href="#[7b]">&gt;&gt;</a>&nbsp;&nbsp;&nbsp;LL_TIM_DisableMasterSlaveMode
<LI><a href="#[70]">&gt;&gt;</a>&nbsp;&nbsp;&nbsp;LL_TIM_DisableARRPreload
<LI><a href="#[6f]">&gt;&gt;</a>&nbsp;&nbsp;&nbsp;LL_APB1_GRP1_EnableClock
<LI><a href="#[73]">&gt;&gt;</a>&nbsp;&nbsp;&nbsp;LL_AHB1_GRP1_EnableClock
<LI><a href="#[4c]">&gt;&gt;</a>&nbsp;&nbsp;&nbsp;LL_GPIO_Init
</UL>
<BR>[Called By]<UL><LI><a href="#[2a]">&gt;&gt;</a>&nbsp;&nbsp;&nbsp;main
</UL>

<P><STRONG><a name="[7c]"></a>MX_USART1_UART_Init</STRONG> (Thumb, 148 bytes, Stack size 80 bytes, usart.o(.text.MX_USART1_UART_Init))
<BR><BR>[Stack]<UL><LI>Max Depth = 128<LI>Call Chain = MX_USART1_UART_Init &rArr; LL_USART_Init &rArr; LL_RCC_GetUSARTClockFreq &rArr; RCC_GetSystemClockFreq &rArr; RCC_PLL_GetFreqDomain_SYS
</UL>
<BR>[Calls]<UL><LI><a href="#[67]">&gt;&gt;</a>&nbsp;&nbsp;&nbsp;LL_USART_Init
<LI><a href="#[81]">&gt;&gt;</a>&nbsp;&nbsp;&nbsp;LL_USART_Enable
<LI><a href="#[7f]">&gt;&gt;</a>&nbsp;&nbsp;&nbsp;LL_USART_DisableIT_CTS
<LI><a href="#[80]">&gt;&gt;</a>&nbsp;&nbsp;&nbsp;LL_USART_ConfigAsyncMode
<LI><a href="#[7d]">&gt;&gt;</a>&nbsp;&nbsp;&nbsp;LL_APB1_GRP2_EnableClock
<LI><a href="#[7e]">&gt;&gt;</a>&nbsp;&nbsp;&nbsp;LL_AHB1_GRP1_EnableClock
<LI><a href="#[4c]">&gt;&gt;</a>&nbsp;&nbsp;&nbsp;LL_GPIO_Init
</UL>
<BR>[Called By]<UL><LI><a href="#[2a]">&gt;&gt;</a>&nbsp;&nbsp;&nbsp;main
</UL>

<P><STRONG><a name="[1]"></a>NMI_Handler</STRONG> (Thumb, 2 bytes, Stack size 0 bytes, stm32f0xx_it.o(.text.NMI_Handler))
<BR><BR>[Calls]<UL><LI><a href="#[1]">&gt;&gt;</a>&nbsp;&nbsp;&nbsp;NMI_Handler
</UL>
<BR>[Called By]<UL><LI><a href="#[1]">&gt;&gt;</a>&nbsp;&nbsp;&nbsp;NMI_Handler
</UL>
<BR>[Address Reference Count : 1]<UL><LI> startup_stm32f030x6.o(RESET)
</UL>
<P><STRONG><a name="[4]"></a>PendSV_Handler</STRONG> (Thumb, 2 bytes, Stack size 0 bytes, stm32f0xx_it.o(.text.PendSV_Handler))
<BR>[Address Reference Count : 1]<UL><LI> startup_stm32f030x6.o(RESET)
</UL>
<P><STRONG><a name="[5b]"></a>RCC_GetHCLKClockFreq</STRONG> (Thumb, 24 bytes, Stack size 8 bytes, stm32f0xx_ll_rcc.o(.text.RCC_GetHCLKClockFreq))
<BR><BR>[Stack]<UL><LI>Max Depth = 8<LI>Call Chain = RCC_GetHCLKClockFreq
</UL>
<BR>[Calls]<UL><LI><a href="#[86]">&gt;&gt;</a>&nbsp;&nbsp;&nbsp;LL_RCC_GetAHBPrescaler
</UL>
<BR>[Called By]<UL><LI><a href="#[56]">&gt;&gt;</a>&nbsp;&nbsp;&nbsp;LL_RCC_GetUSARTClockFreq
</UL>

<P><STRONG><a name="[5c]"></a>RCC_GetPCLK1ClockFreq</STRONG> (Thumb, 20 bytes, Stack size 8 bytes, stm32f0xx_ll_rcc.o(.text.RCC_GetPCLK1ClockFreq))
<BR><BR>[Stack]<UL><LI>Max Depth = 8<LI>Call Chain = RCC_GetPCLK1ClockFreq
</UL>
<BR>[Calls]<UL><LI><a href="#[87]">&gt;&gt;</a>&nbsp;&nbsp;&nbsp;LL_RCC_GetAPB1Prescaler
</UL>
<BR>[Called By]<UL><LI><a href="#[56]">&gt;&gt;</a>&nbsp;&nbsp;&nbsp;LL_RCC_GetUSARTClockFreq
</UL>

<P><STRONG><a name="[58]"></a>RCC_GetSystemClockFreq</STRONG> (Thumb, 20 bytes, Stack size 8 bytes, stm32f0xx_ll_rcc.o(.text.RCC_GetSystemClockFreq))
<BR><BR>[Stack]<UL><LI>Max Depth = 24<LI>Call Chain = RCC_GetSystemClockFreq &rArr; RCC_PLL_GetFreqDomain_SYS
</UL>
<BR>[Calls]<UL><LI><a href="#[89]">&gt;&gt;</a>&nbsp;&nbsp;&nbsp;RCC_PLL_GetFreqDomain_SYS
<LI><a href="#[88]">&gt;&gt;</a>&nbsp;&nbsp;&nbsp;LL_RCC_GetSysClkSource
</UL>
<BR>[Called By]<UL><LI><a href="#[56]">&gt;&gt;</a>&nbsp;&nbsp;&nbsp;LL_RCC_GetUSARTClockFreq
</UL>

<P><STRONG><a name="[89]"></a>RCC_PLL_GetFreqDomain_SYS</STRONG> (Thumb, 64 bytes, Stack size 16 bytes, stm32f0xx_ll_rcc.o(.text.RCC_PLL_GetFreqDomain_SYS))
<BR><BR>[Stack]<UL><LI>Max Depth = 16<LI>Call Chain = RCC_PLL_GetFreqDomain_SYS
</UL>
<BR>[Calls]<UL><LI><a href="#[8b]">&gt;&gt;</a>&nbsp;&nbsp;&nbsp;LL_RCC_PLL_GetPrediv
<LI><a href="#[8c]">&gt;&gt;</a>&nbsp;&nbsp;&nbsp;LL_RCC_PLL_GetMultiplicator
<LI><a href="#[8a]">&gt;&gt;</a>&nbsp;&nbsp;&nbsp;LL_RCC_PLL_GetMainSource
<LI><a href="#[55]">&gt;&gt;</a>&nbsp;&nbsp;&nbsp;__aeabi_uidiv
</UL>
<BR>[Called By]<UL><LI><a href="#[58]">&gt;&gt;</a>&nbsp;&nbsp;&nbsp;RCC_GetSystemClockFreq
</UL>

<P><STRONG><a name="[3]"></a>SVC_Handler</STRONG> (Thumb, 2 bytes, Stack size 0 bytes, stm32f0xx_it.o(.text.SVC_Handler))
<BR>[Address Reference Count : 1]<UL><LI> startup_stm32f030x6.o(RESET)
</UL>
<P><STRONG><a name="[8f]"></a>Select_Drive_Direction</STRONG> (Thumb, 34 bytes, Stack size 8 bytes, gpio.o(.text.Select_Drive_Direction))
<BR><BR>[Stack]<UL><LI>Max Depth = 8<LI>Call Chain = Select_Drive_Direction
</UL>
<BR>[Calls]<UL><LI><a href="#[43]">&gt;&gt;</a>&nbsp;&nbsp;&nbsp;LL_GPIO_SetOutputPin
<LI><a href="#[42]">&gt;&gt;</a>&nbsp;&nbsp;&nbsp;LL_GPIO_ResetOutputPin
</UL>
<BR>[Called By]<UL><LI><a href="#[b9]">&gt;&gt;</a>&nbsp;&nbsp;&nbsp;main_loop
</UL>

<P><STRONG><a name="[5]"></a>SysTick_Handler</STRONG> (Thumb, 8 bytes, Stack size 8 bytes, stm32f0xx_it.o(.text.SysTick_Handler))
<BR><BR>[Stack]<UL><LI>Max Depth = 8<LI>Call Chain = SysTick_Handler
</UL>
<BR>[Calls]<UL><LI><a href="#[90]">&gt;&gt;</a>&nbsp;&nbsp;&nbsp;TIM_DelayMs_Callback
</UL>
<BR>[Address Reference Count : 1]<UL><LI> startup_stm32f030x6.o(RESET)
</UL>
<P><STRONG><a name="[b8]"></a>SysTick_Init</STRONG> (Thumb, 32 bytes, Stack size 0 bytes, main.o(.text.SysTick_Init))
<BR><BR>[Called By]<UL><LI><a href="#[2a]">&gt;&gt;</a>&nbsp;&nbsp;&nbsp;main
</UL>

<P><STRONG><a name="[91]"></a>SystemClock_Config</STRONG> (Thumb, 100 bytes, Stack size 8 bytes, main.o(.text.SystemClock_Config))
<BR><BR>[Stack]<UL><LI>Max Depth = 24<LI>Call Chain = SystemClock_Config &rArr; LL_Init1msTick &rArr; LL_InitTick
</UL>
<BR>[Calls]<UL><LI><a href="#[a0]">&gt;&gt;</a>&nbsp;&nbsp;&nbsp;LL_SetSystemCoreClock
<LI><a href="#[53]">&gt;&gt;</a>&nbsp;&nbsp;&nbsp;LL_Init1msTick
<LI><a href="#[a1]">&gt;&gt;</a>&nbsp;&nbsp;&nbsp;LL_RCC_SetUSARTClockSource
<LI><a href="#[9e]">&gt;&gt;</a>&nbsp;&nbsp;&nbsp;LL_RCC_SetSysClkSource
<LI><a href="#[9d]">&gt;&gt;</a>&nbsp;&nbsp;&nbsp;LL_RCC_SetAPB1Prescaler
<LI><a href="#[9c]">&gt;&gt;</a>&nbsp;&nbsp;&nbsp;LL_RCC_SetAHBPrescaler
<LI><a href="#[9b]">&gt;&gt;</a>&nbsp;&nbsp;&nbsp;LL_RCC_PLL_IsReady
<LI><a href="#[9a]">&gt;&gt;</a>&nbsp;&nbsp;&nbsp;LL_RCC_PLL_Enable
<LI><a href="#[99]">&gt;&gt;</a>&nbsp;&nbsp;&nbsp;LL_RCC_PLL_ConfigDomain_SYS
<LI><a href="#[98]">&gt;&gt;</a>&nbsp;&nbsp;&nbsp;LL_RCC_LSI_IsReady
<LI><a href="#[97]">&gt;&gt;</a>&nbsp;&nbsp;&nbsp;LL_RCC_LSI_Enable
<LI><a href="#[96]">&gt;&gt;</a>&nbsp;&nbsp;&nbsp;LL_RCC_HSI_SetCalibTrimming
<LI><a href="#[95]">&gt;&gt;</a>&nbsp;&nbsp;&nbsp;LL_RCC_HSI_IsReady
<LI><a href="#[94]">&gt;&gt;</a>&nbsp;&nbsp;&nbsp;LL_RCC_HSI_Enable
<LI><a href="#[9f]">&gt;&gt;</a>&nbsp;&nbsp;&nbsp;LL_RCC_GetSysClkSource
<LI><a href="#[92]">&gt;&gt;</a>&nbsp;&nbsp;&nbsp;LL_FLASH_SetLatency
<LI><a href="#[93]">&gt;&gt;</a>&nbsp;&nbsp;&nbsp;LL_FLASH_GetLatency
</UL>
<BR>[Called By]<UL><LI><a href="#[2a]">&gt;&gt;</a>&nbsp;&nbsp;&nbsp;main
</UL>

<P><STRONG><a name="[1a]"></a>SystemInit</STRONG> (Thumb, 2 bytes, Stack size 0 bytes, system_stm32f0xx.o(.text.SystemInit))
<BR>[Address Reference Count : 1]<UL><LI> startup_stm32f030x6.o(.text)
</UL>
<P><STRONG><a name="[16]"></a>TIM17_IRQHandler</STRONG> (Thumb, 28 bytes, Stack size 8 bytes, tim.o(.text.TIM17_IRQHandler))
<BR><BR>[Stack]<UL><LI>Max Depth = 136 + Unknown Stack Size
<LI>Call Chain = TIM17_IRQHandler &rArr; Timer_Bounce_Callback &rArr; __2sprintf &rArr; _printf_char_common &rArr; __printf
</UL>
<BR>[Calls]<UL><LI><a href="#[a2]">&gt;&gt;</a>&nbsp;&nbsp;&nbsp;LL_TIM_IsActiveFlag_UPDATE
<LI><a href="#[a3]">&gt;&gt;</a>&nbsp;&nbsp;&nbsp;LL_TIM_ClearFlag_UPDATE
<LI><a href="#[a4]">&gt;&gt;</a>&nbsp;&nbsp;&nbsp;Timer_Bounce_Callback
</UL>
<BR>[Address Reference Count : 1]<UL><LI> startup_stm32f030x6.o(RESET)
</UL>
<P><STRONG><a name="[90]"></a>TIM_DelayMs_Callback</STRONG> (Thumb, 16 bytes, Stack size 0 bytes, tim.o(.text.TIM_DelayMs_Callback))
<BR><BR>[Called By]<UL><LI><a href="#[5]">&gt;&gt;</a>&nbsp;&nbsp;&nbsp;SysTick_Handler
</UL>

<P><STRONG><a name="[a4]"></a>Timer_Bounce_Callback</STRONG> (Thumb, 32 bytes, Stack size 8 bytes, gpio.o(.text.Timer_Bounce_Callback))
<BR><BR>[Stack]<UL><LI>Max Depth = 128 + Unknown Stack Size
<LI>Call Chain = Timer_Bounce_Callback &rArr; __2sprintf &rArr; _printf_char_common &rArr; __printf
</UL>
<BR>[Calls]<UL><LI><a href="#[30]">&gt;&gt;</a>&nbsp;&nbsp;&nbsp;__2sprintf
<LI><a href="#[a5]">&gt;&gt;</a>&nbsp;&nbsp;&nbsp;LL_TIM_DisableCounter
<LI><a href="#[3e]">&gt;&gt;</a>&nbsp;&nbsp;&nbsp;DBG_PutString
</UL>
<BR>[Called By]<UL><LI><a href="#[16]">&gt;&gt;</a>&nbsp;&nbsp;&nbsp;TIM17_IRQHandler
</UL>

<P><STRONG><a name="[a6]"></a>calc_period_pulse</STRONG> (Thumb, 32 bytes, Stack size 8 bytes, stanok_math.o(.text.calc_period_pulse))
<BR><BR>[Stack]<UL><LI>Max Depth = 8<LI>Call Chain = calc_period_pulse
</UL>
<BR>[Calls]<UL><LI><a href="#[55]">&gt;&gt;</a>&nbsp;&nbsp;&nbsp;__aeabi_uidiv
</UL>
<BR>[Called By]<UL><LI><a href="#[b1]">&gt;&gt;</a>&nbsp;&nbsp;&nbsp;drive_init
</UL>

<P><STRONG><a name="[a7]"></a>drive_PWM_mod</STRONG> (Thumb, 32 bytes, Stack size 16 bytes, tim.o(.text.drive_PWM_mod))
<BR><BR>[Stack]<UL><LI>Max Depth = 16<LI>Call Chain = drive_PWM_mod
</UL>
<BR>[Calls]<UL><LI><a href="#[a8]">&gt;&gt;</a>&nbsp;&nbsp;&nbsp;LL_TIM_SetCounter
<LI><a href="#[aa]">&gt;&gt;</a>&nbsp;&nbsp;&nbsp;LL_TIM_SetAutoReload
<LI><a href="#[a9]">&gt;&gt;</a>&nbsp;&nbsp;&nbsp;LL_TIM_OC_SetCompareCH1
</UL>
<BR>[Called By]<UL><LI><a href="#[bc]">&gt;&gt;</a>&nbsp;&nbsp;&nbsp;turn_drive_soft_start
</UL>

<P><STRONG><a name="[ab]"></a>drive_PWM_start</STRONG> (Thumb, 52 bytes, Stack size 16 bytes, tim.o(.text.drive_PWM_start))
<BR><BR>[Stack]<UL><LI>Max Depth = 16<LI>Call Chain = drive_PWM_start
</UL>
<BR>[Calls]<UL><LI><a href="#[a8]">&gt;&gt;</a>&nbsp;&nbsp;&nbsp;LL_TIM_SetCounter
<LI><a href="#[aa]">&gt;&gt;</a>&nbsp;&nbsp;&nbsp;LL_TIM_SetAutoReload
<LI><a href="#[a9]">&gt;&gt;</a>&nbsp;&nbsp;&nbsp;LL_TIM_OC_SetCompareCH1
<LI><a href="#[ae]">&gt;&gt;</a>&nbsp;&nbsp;&nbsp;LL_TIM_EnableCounter
<LI><a href="#[ac]">&gt;&gt;</a>&nbsp;&nbsp;&nbsp;LL_TIM_DisableCounter
<LI><a href="#[ad]">&gt;&gt;</a>&nbsp;&nbsp;&nbsp;LL_TIM_CC_EnableChannel
</UL>
<BR>[Called By]<UL><LI><a href="#[bc]">&gt;&gt;</a>&nbsp;&nbsp;&nbsp;turn_drive_soft_start
</UL>

<P><STRONG><a name="[af]"></a>drive_PWM_stop</STRONG> (Thumb, 16 bytes, Stack size 8 bytes, tim.o(.text.drive_PWM_stop))
<BR><BR>[Stack]<UL><LI>Max Depth = 8<LI>Call Chain = drive_PWM_stop
</UL>
<BR>[Calls]<UL><LI><a href="#[ac]">&gt;&gt;</a>&nbsp;&nbsp;&nbsp;LL_TIM_DisableCounter
<LI><a href="#[b0]">&gt;&gt;</a>&nbsp;&nbsp;&nbsp;LL_TIM_CC_DisableChannel
</UL>
<BR>[Called By]<UL><LI><a href="#[bb]">&gt;&gt;</a>&nbsp;&nbsp;&nbsp;turn_drive_stop
<LI><a href="#[b9]">&gt;&gt;</a>&nbsp;&nbsp;&nbsp;main_loop
</UL>

<P><STRONG><a name="[b1]"></a>drive_init</STRONG> (Thumb, 24 bytes, Stack size 8 bytes, drive.o(.text.drive_init))
<BR><BR>[Stack]<UL><LI>Max Depth = 16<LI>Call Chain = drive_init &rArr; calc_period_pulse
</UL>
<BR>[Calls]<UL><LI><a href="#[a6]">&gt;&gt;</a>&nbsp;&nbsp;&nbsp;calc_period_pulse
</UL>
<BR>[Called By]<UL><LI><a href="#[2a]">&gt;&gt;</a>&nbsp;&nbsp;&nbsp;main
</UL>

<P><STRONG><a name="[b3]"></a>init_status_sensor</STRONG> (Thumb, 36 bytes, Stack size 8 bytes, gpio.o(.text.init_status_sensor))
<BR><BR>[Stack]<UL><LI>Max Depth = 16<LI>Call Chain = init_status_sensor &rArr; Read_Status_Sensor
</UL>
<BR>[Calls]<UL><LI><a href="#[8d]">&gt;&gt;</a>&nbsp;&nbsp;&nbsp;Read_Status_Sensor
</UL>
<BR>[Called By]<UL><LI><a href="#[2a]">&gt;&gt;</a>&nbsp;&nbsp;&nbsp;main
</UL>

<P><STRONG><a name="[2a]"></a>main</STRONG> (Thumb, 108 bytes, Stack size 0 bytes, main.o(.text.main))
<BR><BR>[Stack]<UL><LI>Max Depth = 152 + Unknown Stack Size
<LI>Call Chain = main &rArr; MX_TIM14_Init &rArr; LL_TIM_OC_Init &rArr; OC3Config
</UL>
<BR>[Calls]<UL><LI><a href="#[b7]">&gt;&gt;</a>&nbsp;&nbsp;&nbsp;timers_init
<LI><a href="#[b3]">&gt;&gt;</a>&nbsp;&nbsp;&nbsp;init_status_sensor
<LI><a href="#[91]">&gt;&gt;</a>&nbsp;&nbsp;&nbsp;SystemClock_Config
<LI><a href="#[b8]">&gt;&gt;</a>&nbsp;&nbsp;&nbsp;SysTick_Init
<LI><a href="#[7c]">&gt;&gt;</a>&nbsp;&nbsp;&nbsp;MX_USART1_UART_Init
<LI><a href="#[74]">&gt;&gt;</a>&nbsp;&nbsp;&nbsp;MX_TIM3_Init
<LI><a href="#[6e]">&gt;&gt;</a>&nbsp;&nbsp;&nbsp;MX_TIM14_Init
<LI><a href="#[6c]">&gt;&gt;</a>&nbsp;&nbsp;&nbsp;MX_GPIO_Init
<LI><a href="#[4b]">&gt;&gt;</a>&nbsp;&nbsp;&nbsp;IWDG_Reset
<LI><a href="#[44]">&gt;&gt;</a>&nbsp;&nbsp;&nbsp;IWDG_Init
<LI><a href="#[b6]">&gt;&gt;</a>&nbsp;&nbsp;&nbsp;__NVIC_SetPriority
<LI><a href="#[b4]">&gt;&gt;</a>&nbsp;&nbsp;&nbsp;LL_APB1_GRP2_EnableClock
<LI><a href="#[b5]">&gt;&gt;</a>&nbsp;&nbsp;&nbsp;LL_APB1_GRP1_EnableClock
<LI><a href="#[b9]">&gt;&gt;</a>&nbsp;&nbsp;&nbsp;main_loop
<LI><a href="#[b1]">&gt;&gt;</a>&nbsp;&nbsp;&nbsp;drive_init
<LI><a href="#[3e]">&gt;&gt;</a>&nbsp;&nbsp;&nbsp;DBG_PutString
</UL>
<BR>[Called By]<UL><LI><a href="#[29]">&gt;&gt;</a>&nbsp;&nbsp;&nbsp;__rt_entry_main
</UL>

<P><STRONG><a name="[b9]"></a>main_loop</STRONG> (Thumb, 176 bytes, Stack size 16 bytes, drive.o(.text.main_loop))
<BR><BR>[Stack]<UL><LI>Max Depth = 136 + Unknown Stack Size
<LI>Call Chain = main_loop &rArr; __2sprintf &rArr; _printf_char_common &rArr; __printf
</UL>
<BR>[Calls]<UL><LI><a href="#[30]">&gt;&gt;</a>&nbsp;&nbsp;&nbsp;__2sprintf
<LI><a href="#[bb]">&gt;&gt;</a>&nbsp;&nbsp;&nbsp;turn_drive_stop
<LI><a href="#[bc]">&gt;&gt;</a>&nbsp;&nbsp;&nbsp;turn_drive_soft_start
<LI><a href="#[ba]">&gt;&gt;</a>&nbsp;&nbsp;&nbsp;status_sensor_machine
<LI><a href="#[af]">&gt;&gt;</a>&nbsp;&nbsp;&nbsp;drive_PWM_stop
<LI><a href="#[8f]">&gt;&gt;</a>&nbsp;&nbsp;&nbsp;Select_Drive_Direction
<LI><a href="#[41]">&gt;&gt;</a>&nbsp;&nbsp;&nbsp;Enable_Drive
<LI><a href="#[3e]">&gt;&gt;</a>&nbsp;&nbsp;&nbsp;DBG_PutString
</UL>
<BR>[Called By]<UL><LI><a href="#[2a]">&gt;&gt;</a>&nbsp;&nbsp;&nbsp;main
</UL>

<P><STRONG><a name="[bd]"></a>repeat_time</STRONG> (Thumb, 36 bytes, Stack size 8 bytes, tim.o(.text.repeat_time))
<BR><BR>[Stack]<UL><LI>Max Depth = 8<LI>Call Chain = repeat_time
</UL>
<BR>[Calls]<UL><LI><a href="#[a8]">&gt;&gt;</a>&nbsp;&nbsp;&nbsp;LL_TIM_SetCounter
<LI><a href="#[aa]">&gt;&gt;</a>&nbsp;&nbsp;&nbsp;LL_TIM_SetAutoReload
<LI><a href="#[ae]">&gt;&gt;</a>&nbsp;&nbsp;&nbsp;LL_TIM_EnableCounter
<LI><a href="#[a3]">&gt;&gt;</a>&nbsp;&nbsp;&nbsp;LL_TIM_ClearFlag_UPDATE
</UL>
<BR>[Called By]<UL><LI><a href="#[ba]">&gt;&gt;</a>&nbsp;&nbsp;&nbsp;status_sensor_machine
</UL>

<P><STRONG><a name="[ba]"></a>status_sensor_machine</STRONG> (Thumb, 164 bytes, Stack size 16 bytes, gpio.o(.text.status_sensor_machine))
<BR><BR>[Stack]<UL><LI>Max Depth = 24<LI>Call Chain = status_sensor_machine &rArr; repeat_time
</UL>
<BR>[Calls]<UL><LI><a href="#[bd]">&gt;&gt;</a>&nbsp;&nbsp;&nbsp;repeat_time
<LI><a href="#[8d]">&gt;&gt;</a>&nbsp;&nbsp;&nbsp;Read_Status_Sensor
</UL>
<BR>[Called By]<UL><LI><a href="#[b9]">&gt;&gt;</a>&nbsp;&nbsp;&nbsp;main_loop
</UL>

<P><STRONG><a name="[b7]"></a>timers_init</STRONG> (Thumb, 16 bytes, Stack size 8 bytes, tim.o(.text.timers_init))
<BR><BR>[Stack]<UL><LI>Max Depth = 56<LI>Call Chain = timers_init &rArr; timer_bounce_init &rArr; LL_TIM_Init
</UL>
<BR>[Calls]<UL><LI><a href="#[c0]">&gt;&gt;</a>&nbsp;&nbsp;&nbsp;timer_bounce_init
<LI><a href="#[be]">&gt;&gt;</a>&nbsp;&nbsp;&nbsp;tim_delay_init
<LI><a href="#[b2]">&gt;&gt;</a>&nbsp;&nbsp;&nbsp;encoder_init
</UL>
<BR>[Called By]<UL><LI><a href="#[2a]">&gt;&gt;</a>&nbsp;&nbsp;&nbsp;main
</UL>

<P><STRONG><a name="[bc]"></a>turn_drive_soft_start</STRONG> (Thumb, 64 bytes, Stack size 16 bytes, drive.o(.text.turn_drive_soft_start))
<BR><BR>[Stack]<UL><LI>Max Depth = 32<LI>Call Chain = turn_drive_soft_start &rArr; drive_PWM_start
</UL>
<BR>[Calls]<UL><LI><a href="#[ab]">&gt;&gt;</a>&nbsp;&nbsp;&nbsp;drive_PWM_start
<LI><a href="#[a7]">&gt;&gt;</a>&nbsp;&nbsp;&nbsp;drive_PWM_mod
<LI><a href="#[c4]">&gt;&gt;</a>&nbsp;&nbsp;&nbsp;Delay_Ms
</UL>
<BR>[Called By]<UL><LI><a href="#[b9]">&gt;&gt;</a>&nbsp;&nbsp;&nbsp;main_loop
</UL>

<P><STRONG><a name="[bb]"></a>turn_drive_stop</STRONG> (Thumb, 8 bytes, Stack size 8 bytes, drive.o(.text.turn_drive_stop))
<BR><BR>[Stack]<UL><LI>Max Depth = 16<LI>Call Chain = turn_drive_stop &rArr; drive_PWM_stop
</UL>
<BR>[Calls]<UL><LI><a href="#[af]">&gt;&gt;</a>&nbsp;&nbsp;&nbsp;drive_PWM_stop
</UL>
<BR>[Called By]<UL><LI><a href="#[b9]">&gt;&gt;</a>&nbsp;&nbsp;&nbsp;main_loop
</UL>

<P><STRONG><a name="[55]"></a>__aeabi_uidiv</STRONG> (Thumb, 68 bytes, Stack size 0 bytes, aeabi_sdivfast.o(.text_divfast))
<BR><BR>[Called By]<UL><LI><a href="#[6b]">&gt;&gt;</a>&nbsp;&nbsp;&nbsp;LL_USART_SetBaudRate
<LI><a href="#[54]">&gt;&gt;</a>&nbsp;&nbsp;&nbsp;LL_InitTick
<LI><a href="#[89]">&gt;&gt;</a>&nbsp;&nbsp;&nbsp;RCC_PLL_GetFreqDomain_SYS
<LI><a href="#[a6]">&gt;&gt;</a>&nbsp;&nbsp;&nbsp;calc_period_pulse
</UL>

<P><STRONG><a name="[f0]"></a>__aeabi_idiv</STRONG> (Thumb, 434 bytes, Stack size 8 bytes, aeabi_sdivfast.o(.text_divfast), UNUSED)
<P>
<H3>
Local Symbols
</H3>
<P><STRONG><a name="[b5]"></a>LL_APB1_GRP1_EnableClock</STRONG> (Thumb, 28 bytes, Stack size 4 bytes, main.o(.text.LL_APB1_GRP1_EnableClock))
<BR><BR>[Stack]<UL><LI>Max Depth = 4<LI>Call Chain = LL_APB1_GRP1_EnableClock
</UL>
<BR>[Called By]<UL><LI><a href="#[2a]">&gt;&gt;</a>&nbsp;&nbsp;&nbsp;main
</UL>

<P><STRONG><a name="[b4]"></a>LL_APB1_GRP2_EnableClock</STRONG> (Thumb, 24 bytes, Stack size 4 bytes, main.o(.text.LL_APB1_GRP2_EnableClock))
<BR><BR>[Stack]<UL><LI>Max Depth = 4<LI>Call Chain = LL_APB1_GRP2_EnableClock
</UL>
<BR>[Called By]<UL><LI><a href="#[2a]">&gt;&gt;</a>&nbsp;&nbsp;&nbsp;main
</UL>

<P><STRONG><a name="[93]"></a>LL_FLASH_GetLatency</STRONG> (Thumb, 12 bytes, Stack size 0 bytes, main.o(.text.LL_FLASH_GetLatency))
<BR><BR>[Called By]<UL><LI><a href="#[91]">&gt;&gt;</a>&nbsp;&nbsp;&nbsp;SystemClock_Config
</UL>

<P><STRONG><a name="[92]"></a>LL_FLASH_SetLatency</STRONG> (Thumb, 12 bytes, Stack size 0 bytes, main.o(.text.LL_FLASH_SetLatency))
<BR><BR>[Called By]<UL><LI><a href="#[91]">&gt;&gt;</a>&nbsp;&nbsp;&nbsp;SystemClock_Config
</UL>

<P><STRONG><a name="[45]"></a>LL_IWDG_Enable</STRONG> (Thumb, 8 bytes, Stack size 0 bytes, main.o(.text.LL_IWDG_Enable))
<BR><BR>[Called By]<UL><LI><a href="#[44]">&gt;&gt;</a>&nbsp;&nbsp;&nbsp;IWDG_Init
</UL>

<P><STRONG><a name="[46]"></a>LL_IWDG_EnableWriteAccess</STRONG> (Thumb, 8 bytes, Stack size 0 bytes, main.o(.text.LL_IWDG_EnableWriteAccess))
<BR><BR>[Called By]<UL><LI><a href="#[44]">&gt;&gt;</a>&nbsp;&nbsp;&nbsp;IWDG_Init
</UL>

<P><STRONG><a name="[49]"></a>LL_IWDG_IsReady</STRONG> (Thumb, 16 bytes, Stack size 0 bytes, main.o(.text.LL_IWDG_IsReady))
<BR><BR>[Called By]<UL><LI><a href="#[44]">&gt;&gt;</a>&nbsp;&nbsp;&nbsp;IWDG_Init
</UL>

<P><STRONG><a name="[4a]"></a>LL_IWDG_ReloadCounter</STRONG> (Thumb, 8 bytes, Stack size 0 bytes, main.o(.text.LL_IWDG_ReloadCounter))
<BR><BR>[Called By]<UL><LI><a href="#[4b]">&gt;&gt;</a>&nbsp;&nbsp;&nbsp;IWDG_Reset
<LI><a href="#[44]">&gt;&gt;</a>&nbsp;&nbsp;&nbsp;IWDG_Init
</UL>

<P><STRONG><a name="[47]"></a>LL_IWDG_SetPrescaler</STRONG> (Thumb, 8 bytes, Stack size 0 bytes, main.o(.text.LL_IWDG_SetPrescaler))
<BR><BR>[Called By]<UL><LI><a href="#[44]">&gt;&gt;</a>&nbsp;&nbsp;&nbsp;IWDG_Init
</UL>

<P><STRONG><a name="[48]"></a>LL_IWDG_SetReloadCounter</STRONG> (Thumb, 8 bytes, Stack size 0 bytes, main.o(.text.LL_IWDG_SetReloadCounter))
<BR><BR>[Called By]<UL><LI><a href="#[44]">&gt;&gt;</a>&nbsp;&nbsp;&nbsp;IWDG_Init
</UL>

<P><STRONG><a name="[9f]"></a>LL_RCC_GetSysClkSource</STRONG> (Thumb, 12 bytes, Stack size 0 bytes, main.o(.text.LL_RCC_GetSysClkSource))
<BR><BR>[Called By]<UL><LI><a href="#[91]">&gt;&gt;</a>&nbsp;&nbsp;&nbsp;SystemClock_Config
</UL>

<P><STRONG><a name="[94]"></a>LL_RCC_HSI_Enable</STRONG> (Thumb, 12 bytes, Stack size 0 bytes, main.o(.text.LL_RCC_HSI_Enable))
<BR><BR>[Called By]<UL><LI><a href="#[91]">&gt;&gt;</a>&nbsp;&nbsp;&nbsp;SystemClock_Config
</UL>

<P><STRONG><a name="[95]"></a>LL_RCC_HSI_IsReady</STRONG> (Thumb, 12 bytes, Stack size 0 bytes, main.o(.text.LL_RCC_HSI_IsReady))
<BR><BR>[Called By]<UL><LI><a href="#[91]">&gt;&gt;</a>&nbsp;&nbsp;&nbsp;SystemClock_Config
</UL>

<P><STRONG><a name="[96]"></a>LL_RCC_HSI_SetCalibTrimming</STRONG> (Thumb, 16 bytes, Stack size 0 bytes, main.o(.text.LL_RCC_HSI_SetCalibTrimming))
<BR><BR>[Called By]<UL><LI><a href="#[91]">&gt;&gt;</a>&nbsp;&nbsp;&nbsp;SystemClock_Config
</UL>

<P><STRONG><a name="[97]"></a>LL_RCC_LSI_Enable</STRONG> (Thumb, 12 bytes, Stack size 0 bytes, main.o(.text.LL_RCC_LSI_Enable))
<BR><BR>[Called By]<UL><LI><a href="#[91]">&gt;&gt;</a>&nbsp;&nbsp;&nbsp;SystemClock_Config
</UL>

<P><STRONG><a name="[98]"></a>LL_RCC_LSI_IsReady</STRONG> (Thumb, 12 bytes, Stack size 0 bytes, main.o(.text.LL_RCC_LSI_IsReady))
<BR><BR>[Called By]<UL><LI><a href="#[91]">&gt;&gt;</a>&nbsp;&nbsp;&nbsp;SystemClock_Config
</UL>

<P><STRONG><a name="[99]"></a>LL_RCC_PLL_ConfigDomain_SYS</STRONG> (Thumb, 28 bytes, Stack size 0 bytes, main.o(.text.LL_RCC_PLL_ConfigDomain_SYS))
<BR><BR>[Called By]<UL><LI><a href="#[91]">&gt;&gt;</a>&nbsp;&nbsp;&nbsp;SystemClock_Config
</UL>

<P><STRONG><a name="[9a]"></a>LL_RCC_PLL_Enable</STRONG> (Thumb, 16 bytes, Stack size 0 bytes, main.o(.text.LL_RCC_PLL_Enable))
<BR><BR>[Called By]<UL><LI><a href="#[91]">&gt;&gt;</a>&nbsp;&nbsp;&nbsp;SystemClock_Config
</UL>

<P><STRONG><a name="[9b]"></a>LL_RCC_PLL_IsReady</STRONG> (Thumb, 12 bytes, Stack size 0 bytes, main.o(.text.LL_RCC_PLL_IsReady))
<BR><BR>[Called By]<UL><LI><a href="#[91]">&gt;&gt;</a>&nbsp;&nbsp;&nbsp;SystemClock_Config
</UL>

<P><STRONG><a name="[9c]"></a>LL_RCC_SetAHBPrescaler</STRONG> (Thumb, 12 bytes, Stack size 0 bytes, main.o(.text.LL_RCC_SetAHBPrescaler))
<BR><BR>[Called By]<UL><LI><a href="#[91]">&gt;&gt;</a>&nbsp;&nbsp;&nbsp;SystemClock_Config
</UL>

<P><STRONG><a name="[9d]"></a>LL_RCC_SetAPB1Prescaler</STRONG> (Thumb, 16 bytes, Stack size 0 bytes, main.o(.text.LL_RCC_SetAPB1Prescaler))
<BR><BR>[Called By]<UL><LI><a href="#[91]">&gt;&gt;</a>&nbsp;&nbsp;&nbsp;SystemClock_Config
</UL>

<P><STRONG><a name="[9e]"></a>LL_RCC_SetSysClkSource</STRONG> (Thumb, 16 bytes, Stack size 0 bytes, main.o(.text.LL_RCC_SetSysClkSource))
<BR><BR>[Called By]<UL><LI><a href="#[91]">&gt;&gt;</a>&nbsp;&nbsp;&nbsp;SystemClock_Config
</UL>

<P><STRONG><a name="[a1]"></a>LL_RCC_SetUSARTClockSource</STRONG> (Thumb, 12 bytes, Stack size 0 bytes, main.o(.text.LL_RCC_SetUSARTClockSource))
<BR><BR>[Called By]<UL><LI><a href="#[91]">&gt;&gt;</a>&nbsp;&nbsp;&nbsp;SystemClock_Config
</UL>

<P><STRONG><a name="[b6]"></a>__NVIC_SetPriority</STRONG> (Thumb, 20 bytes, Stack size 0 bytes, main.o(.text.__NVIC_SetPriority))
<BR><BR>[Called By]<UL><LI><a href="#[2a]">&gt;&gt;</a>&nbsp;&nbsp;&nbsp;main
</UL>

<P><STRONG><a name="[6d]"></a>LL_AHB1_GRP1_EnableClock</STRONG> (Thumb, 24 bytes, Stack size 4 bytes, gpio.o(.text.LL_AHB1_GRP1_EnableClock))
<BR><BR>[Stack]<UL><LI>Max Depth = 4<LI>Call Chain = LL_AHB1_GRP1_EnableClock
</UL>
<BR>[Called By]<UL><LI><a href="#[6c]">&gt;&gt;</a>&nbsp;&nbsp;&nbsp;MX_GPIO_Init
</UL>

<P><STRONG><a name="[8e]"></a>LL_GPIO_IsInputPinSet</STRONG> (Thumb, 12 bytes, Stack size 0 bytes, gpio.o(.text.LL_GPIO_IsInputPinSet))
<BR><BR>[Called By]<UL><LI><a href="#[8d]">&gt;&gt;</a>&nbsp;&nbsp;&nbsp;Read_Status_Sensor
</UL>

<P><STRONG><a name="[42]"></a>LL_GPIO_ResetOutputPin</STRONG> (Thumb, 4 bytes, Stack size 0 bytes, gpio.o(.text.LL_GPIO_ResetOutputPin))
<BR><BR>[Called By]<UL><LI><a href="#[6c]">&gt;&gt;</a>&nbsp;&nbsp;&nbsp;MX_GPIO_Init
<LI><a href="#[8f]">&gt;&gt;</a>&nbsp;&nbsp;&nbsp;Select_Drive_Direction
<LI><a href="#[41]">&gt;&gt;</a>&nbsp;&nbsp;&nbsp;Enable_Drive
</UL>

<P><STRONG><a name="[43]"></a>LL_GPIO_SetOutputPin</STRONG> (Thumb, 4 bytes, Stack size 0 bytes, gpio.o(.text.LL_GPIO_SetOutputPin))
<BR><BR>[Called By]<UL><LI><a href="#[8f]">&gt;&gt;</a>&nbsp;&nbsp;&nbsp;Select_Drive_Direction
<LI><a href="#[41]">&gt;&gt;</a>&nbsp;&nbsp;&nbsp;Enable_Drive
</UL>

<P><STRONG><a name="[a5]"></a>LL_TIM_DisableCounter</STRONG> (Thumb, 12 bytes, Stack size 0 bytes, gpio.o(.text.LL_TIM_DisableCounter))
<BR><BR>[Called By]<UL><LI><a href="#[a4]">&gt;&gt;</a>&nbsp;&nbsp;&nbsp;Timer_Bounce_Callback
</UL>

<P><STRONG><a name="[8d]"></a>Read_Status_Sensor</STRONG> (Thumb, 10 bytes, Stack size 8 bytes, gpio.o(.text.Read_Status_Sensor))
<BR><BR>[Stack]<UL><LI>Max Depth = 8<LI>Call Chain = Read_Status_Sensor
</UL>
<BR>[Calls]<UL><LI><a href="#[8e]">&gt;&gt;</a>&nbsp;&nbsp;&nbsp;LL_GPIO_IsInputPinSet
</UL>
<BR>[Called By]<UL><LI><a href="#[b3]">&gt;&gt;</a>&nbsp;&nbsp;&nbsp;init_status_sensor
<LI><a href="#[ba]">&gt;&gt;</a>&nbsp;&nbsp;&nbsp;status_sensor_machine
</UL>

<P><STRONG><a name="[73]"></a>LL_AHB1_GRP1_EnableClock</STRONG> (Thumb, 28 bytes, Stack size 4 bytes, tim.o(.text.LL_AHB1_GRP1_EnableClock))
<BR><BR>[Stack]<UL><LI>Max Depth = 4<LI>Call Chain = LL_AHB1_GRP1_EnableClock
</UL>
<BR>[Called By]<UL><LI><a href="#[74]">&gt;&gt;</a>&nbsp;&nbsp;&nbsp;MX_TIM3_Init
<LI><a href="#[6e]">&gt;&gt;</a>&nbsp;&nbsp;&nbsp;MX_TIM14_Init
</UL>

<P><STRONG><a name="[6f]"></a>LL_APB1_GRP1_EnableClock</STRONG> (Thumb, 24 bytes, Stack size 4 bytes, tim.o(.text.LL_APB1_GRP1_EnableClock))
<BR><BR>[Stack]<UL><LI>Max Depth = 4<LI>Call Chain = LL_APB1_GRP1_EnableClock
</UL>
<BR>[Called By]<UL><LI><a href="#[74]">&gt;&gt;</a>&nbsp;&nbsp;&nbsp;MX_TIM3_Init
<LI><a href="#[6e]">&gt;&gt;</a>&nbsp;&nbsp;&nbsp;MX_TIM14_Init
</UL>

<P><STRONG><a name="[bf]"></a>LL_APB1_GRP2_EnableClock</STRONG> (Thumb, 24 bytes, Stack size 4 bytes, tim.o(.text.LL_APB1_GRP2_EnableClock))
<BR><BR>[Stack]<UL><LI>Max Depth = 4<LI>Call Chain = LL_APB1_GRP2_EnableClock
</UL>
<BR>[Called By]<UL><LI><a href="#[c0]">&gt;&gt;</a>&nbsp;&nbsp;&nbsp;timer_bounce_init
<LI><a href="#[be]">&gt;&gt;</a>&nbsp;&nbsp;&nbsp;tim_delay_init
</UL>

<P><STRONG><a name="[b0]"></a>LL_TIM_CC_DisableChannel</STRONG> (Thumb, 12 bytes, Stack size 0 bytes, tim.o(.text.LL_TIM_CC_DisableChannel))
<BR><BR>[Called By]<UL><LI><a href="#[af]">&gt;&gt;</a>&nbsp;&nbsp;&nbsp;drive_PWM_stop
</UL>

<P><STRONG><a name="[ad]"></a>LL_TIM_CC_EnableChannel</STRONG> (Thumb, 8 bytes, Stack size 0 bytes, tim.o(.text.LL_TIM_CC_EnableChannel))
<BR><BR>[Called By]<UL><LI><a href="#[b2]">&gt;&gt;</a>&nbsp;&nbsp;&nbsp;encoder_init
<LI><a href="#[ab]">&gt;&gt;</a>&nbsp;&nbsp;&nbsp;drive_PWM_start
</UL>

<P><STRONG><a name="[a3]"></a>LL_TIM_ClearFlag_UPDATE</STRONG> (Thumb, 8 bytes, Stack size 0 bytes, tim.o(.text.LL_TIM_ClearFlag_UPDATE))
<BR><BR>[Called By]<UL><LI><a href="#[16]">&gt;&gt;</a>&nbsp;&nbsp;&nbsp;TIM17_IRQHandler
<LI><a href="#[c0]">&gt;&gt;</a>&nbsp;&nbsp;&nbsp;timer_bounce_init
<LI><a href="#[bd]">&gt;&gt;</a>&nbsp;&nbsp;&nbsp;repeat_time
</UL>

<P><STRONG><a name="[70]"></a>LL_TIM_DisableARRPreload</STRONG> (Thumb, 10 bytes, Stack size 0 bytes, tim.o(.text.LL_TIM_DisableARRPreload))
<BR><BR>[Called By]<UL><LI><a href="#[c0]">&gt;&gt;</a>&nbsp;&nbsp;&nbsp;timer_bounce_init
<LI><a href="#[be]">&gt;&gt;</a>&nbsp;&nbsp;&nbsp;tim_delay_init
<LI><a href="#[74]">&gt;&gt;</a>&nbsp;&nbsp;&nbsp;MX_TIM3_Init
<LI><a href="#[6e]">&gt;&gt;</a>&nbsp;&nbsp;&nbsp;MX_TIM14_Init
</UL>

<P><STRONG><a name="[ac]"></a>LL_TIM_DisableCounter</STRONG> (Thumb, 10 bytes, Stack size 0 bytes, tim.o(.text.LL_TIM_DisableCounter))
<BR><BR>[Called By]<UL><LI><a href="#[af]">&gt;&gt;</a>&nbsp;&nbsp;&nbsp;drive_PWM_stop
<LI><a href="#[ab]">&gt;&gt;</a>&nbsp;&nbsp;&nbsp;drive_PWM_start
</UL>

<P><STRONG><a name="[7b]"></a>LL_TIM_DisableMasterSlaveMode</STRONG> (Thumb, 12 bytes, Stack size 0 bytes, tim.o(.text.LL_TIM_DisableMasterSlaveMode))
<BR><BR>[Called By]<UL><LI><a href="#[74]">&gt;&gt;</a>&nbsp;&nbsp;&nbsp;MX_TIM3_Init
</UL>

<P><STRONG><a name="[ae]"></a>LL_TIM_EnableCounter</STRONG> (Thumb, 10 bytes, Stack size 0 bytes, tim.o(.text.LL_TIM_EnableCounter))
<BR><BR>[Called By]<UL><LI><a href="#[b2]">&gt;&gt;</a>&nbsp;&nbsp;&nbsp;encoder_init
<LI><a href="#[bd]">&gt;&gt;</a>&nbsp;&nbsp;&nbsp;repeat_time
<LI><a href="#[ab]">&gt;&gt;</a>&nbsp;&nbsp;&nbsp;drive_PWM_start
</UL>

<P><STRONG><a name="[c1]"></a>LL_TIM_EnableIT_UPDATE</STRONG> (Thumb, 12 bytes, Stack size 0 bytes, tim.o(.text.LL_TIM_EnableIT_UPDATE))
<BR><BR>[Called By]<UL><LI><a href="#[c0]">&gt;&gt;</a>&nbsp;&nbsp;&nbsp;timer_bounce_init
</UL>

<P><STRONG><a name="[76]"></a>LL_TIM_IC_SetActiveInput</STRONG> (Thumb, 56 bytes, Stack size 8 bytes, tim.o(.text.LL_TIM_IC_SetActiveInput))
<BR><BR>[Stack]<UL><LI>Max Depth = 8<LI>Call Chain = LL_TIM_IC_SetActiveInput
</UL>
<BR>[Called By]<UL><LI><a href="#[74]">&gt;&gt;</a>&nbsp;&nbsp;&nbsp;MX_TIM3_Init
</UL>

<P><STRONG><a name="[78]"></a>LL_TIM_IC_SetFilter</STRONG> (Thumb, 56 bytes, Stack size 16 bytes, tim.o(.text.LL_TIM_IC_SetFilter))
<BR><BR>[Stack]<UL><LI>Max Depth = 16<LI>Call Chain = LL_TIM_IC_SetFilter
</UL>
<BR>[Called By]<UL><LI><a href="#[74]">&gt;&gt;</a>&nbsp;&nbsp;&nbsp;MX_TIM3_Init
</UL>

<P><STRONG><a name="[79]"></a>LL_TIM_IC_SetPolarity</STRONG> (Thumb, 44 bytes, Stack size 0 bytes, tim.o(.text.LL_TIM_IC_SetPolarity))
<BR><BR>[Called By]<UL><LI><a href="#[74]">&gt;&gt;</a>&nbsp;&nbsp;&nbsp;MX_TIM3_Init
</UL>

<P><STRONG><a name="[77]"></a>LL_TIM_IC_SetPrescaler</STRONG> (Thumb, 48 bytes, Stack size 0 bytes, tim.o(.text.LL_TIM_IC_SetPrescaler))
<BR><BR>[Called By]<UL><LI><a href="#[74]">&gt;&gt;</a>&nbsp;&nbsp;&nbsp;MX_TIM3_Init
</UL>

<P><STRONG><a name="[a2]"></a>LL_TIM_IsActiveFlag_UPDATE</STRONG> (Thumb, 8 bytes, Stack size 0 bytes, tim.o(.text.LL_TIM_IsActiveFlag_UPDATE))
<BR><BR>[Called By]<UL><LI><a href="#[16]">&gt;&gt;</a>&nbsp;&nbsp;&nbsp;TIM17_IRQHandler
</UL>

<P><STRONG><a name="[72]"></a>LL_TIM_OC_DisableFast</STRONG> (Thumb, 12 bytes, Stack size 0 bytes, tim.o(.text.LL_TIM_OC_DisableFast))
<BR><BR>[Called By]<UL><LI><a href="#[6e]">&gt;&gt;</a>&nbsp;&nbsp;&nbsp;MX_TIM14_Init
</UL>

<P><STRONG><a name="[71]"></a>LL_TIM_OC_EnablePreload</STRONG> (Thumb, 12 bytes, Stack size 0 bytes, tim.o(.text.LL_TIM_OC_EnablePreload))
<BR><BR>[Called By]<UL><LI><a href="#[6e]">&gt;&gt;</a>&nbsp;&nbsp;&nbsp;MX_TIM14_Init
</UL>

<P><STRONG><a name="[a9]"></a>LL_TIM_OC_SetCompareCH1</STRONG> (Thumb, 8 bytes, Stack size 0 bytes, tim.o(.text.LL_TIM_OC_SetCompareCH1))
<BR><BR>[Called By]<UL><LI><a href="#[ab]">&gt;&gt;</a>&nbsp;&nbsp;&nbsp;drive_PWM_start
<LI><a href="#[a7]">&gt;&gt;</a>&nbsp;&nbsp;&nbsp;drive_PWM_mod
</UL>

<P><STRONG><a name="[aa]"></a>LL_TIM_SetAutoReload</STRONG> (Thumb, 4 bytes, Stack size 0 bytes, tim.o(.text.LL_TIM_SetAutoReload))
<BR><BR>[Called By]<UL><LI><a href="#[bd]">&gt;&gt;</a>&nbsp;&nbsp;&nbsp;repeat_time
<LI><a href="#[ab]">&gt;&gt;</a>&nbsp;&nbsp;&nbsp;drive_PWM_start
<LI><a href="#[a7]">&gt;&gt;</a>&nbsp;&nbsp;&nbsp;drive_PWM_mod
</UL>

<P><STRONG><a name="[a8]"></a>LL_TIM_SetCounter</STRONG> (Thumb, 4 bytes, Stack size 0 bytes, tim.o(.text.LL_TIM_SetCounter))
<BR><BR>[Called By]<UL><LI><a href="#[b2]">&gt;&gt;</a>&nbsp;&nbsp;&nbsp;encoder_init
<LI><a href="#[bd]">&gt;&gt;</a>&nbsp;&nbsp;&nbsp;repeat_time
<LI><a href="#[ab]">&gt;&gt;</a>&nbsp;&nbsp;&nbsp;drive_PWM_start
<LI><a href="#[a7]">&gt;&gt;</a>&nbsp;&nbsp;&nbsp;drive_PWM_mod
</UL>

<P><STRONG><a name="[75]"></a>LL_TIM_SetEncoderMode</STRONG> (Thumb, 16 bytes, Stack size 0 bytes, tim.o(.text.LL_TIM_SetEncoderMode))
<BR><BR>[Called By]<UL><LI><a href="#[74]">&gt;&gt;</a>&nbsp;&nbsp;&nbsp;MX_TIM3_Init
</UL>

<P><STRONG><a name="[7a]"></a>LL_TIM_SetTriggerOutput</STRONG> (Thumb, 12 bytes, Stack size 0 bytes, tim.o(.text.LL_TIM_SetTriggerOutput))
<BR><BR>[Called By]<UL><LI><a href="#[74]">&gt;&gt;</a>&nbsp;&nbsp;&nbsp;MX_TIM3_Init
</UL>

<P><STRONG><a name="[c3]"></a>__NVIC_EnableIRQ</STRONG> (Thumb, 12 bytes, Stack size 0 bytes, tim.o(.text.__NVIC_EnableIRQ))
<BR><BR>[Called By]<UL><LI><a href="#[c0]">&gt;&gt;</a>&nbsp;&nbsp;&nbsp;timer_bounce_init
</UL>

<P><STRONG><a name="[c2]"></a>__NVIC_SetPriority</STRONG> (Thumb, 20 bytes, Stack size 0 bytes, tim.o(.text.__NVIC_SetPriority))
<BR><BR>[Called By]<UL><LI><a href="#[c0]">&gt;&gt;</a>&nbsp;&nbsp;&nbsp;timer_bounce_init
</UL>

<P><STRONG><a name="[b2]"></a>encoder_init</STRONG> (Thumb, 36 bytes, Stack size 8 bytes, tim.o(.text.encoder_init))
<BR><BR>[Stack]<UL><LI>Max Depth = 8<LI>Call Chain = encoder_init
</UL>
<BR>[Calls]<UL><LI><a href="#[a8]">&gt;&gt;</a>&nbsp;&nbsp;&nbsp;LL_TIM_SetCounter
<LI><a href="#[ae]">&gt;&gt;</a>&nbsp;&nbsp;&nbsp;LL_TIM_EnableCounter
<LI><a href="#[ad]">&gt;&gt;</a>&nbsp;&nbsp;&nbsp;LL_TIM_CC_EnableChannel
</UL>
<BR>[Called By]<UL><LI><a href="#[b7]">&gt;&gt;</a>&nbsp;&nbsp;&nbsp;timers_init
</UL>

<P><STRONG><a name="[be]"></a>tim_delay_init</STRONG> (Thumb, 56 bytes, Stack size 32 bytes, tim.o(.text.tim_delay_init))
<BR><BR>[Stack]<UL><LI>Max Depth = 48<LI>Call Chain = tim_delay_init &rArr; LL_TIM_Init
</UL>
<BR>[Calls]<UL><LI><a href="#[5d]">&gt;&gt;</a>&nbsp;&nbsp;&nbsp;LL_TIM_Init
<LI><a href="#[70]">&gt;&gt;</a>&nbsp;&nbsp;&nbsp;LL_TIM_DisableARRPreload
<LI><a href="#[bf]">&gt;&gt;</a>&nbsp;&nbsp;&nbsp;LL_APB1_GRP2_EnableClock
</UL>
<BR>[Called By]<UL><LI><a href="#[b7]">&gt;&gt;</a>&nbsp;&nbsp;&nbsp;timers_init
</UL>

<P><STRONG><a name="[c0]"></a>timer_bounce_init</STRONG> (Thumb, 76 bytes, Stack size 32 bytes, tim.o(.text.timer_bounce_init))
<BR><BR>[Stack]<UL><LI>Max Depth = 48<LI>Call Chain = timer_bounce_init &rArr; LL_TIM_Init
</UL>
<BR>[Calls]<UL><LI><a href="#[5d]">&gt;&gt;</a>&nbsp;&nbsp;&nbsp;LL_TIM_Init
<LI><a href="#[c2]">&gt;&gt;</a>&nbsp;&nbsp;&nbsp;__NVIC_SetPriority
<LI><a href="#[c3]">&gt;&gt;</a>&nbsp;&nbsp;&nbsp;__NVIC_EnableIRQ
<LI><a href="#[c1]">&gt;&gt;</a>&nbsp;&nbsp;&nbsp;LL_TIM_EnableIT_UPDATE
<LI><a href="#[70]">&gt;&gt;</a>&nbsp;&nbsp;&nbsp;LL_TIM_DisableARRPreload
<LI><a href="#[a3]">&gt;&gt;</a>&nbsp;&nbsp;&nbsp;LL_TIM_ClearFlag_UPDATE
<LI><a href="#[bf]">&gt;&gt;</a>&nbsp;&nbsp;&nbsp;LL_APB1_GRP2_EnableClock
</UL>
<BR>[Called By]<UL><LI><a href="#[b7]">&gt;&gt;</a>&nbsp;&nbsp;&nbsp;timers_init
</UL>

<P><STRONG><a name="[7e]"></a>LL_AHB1_GRP1_EnableClock</STRONG> (Thumb, 28 bytes, Stack size 4 bytes, usart.o(.text.LL_AHB1_GRP1_EnableClock))
<BR><BR>[Stack]<UL><LI>Max Depth = 4<LI>Call Chain = LL_AHB1_GRP1_EnableClock
</UL>
<BR>[Called By]<UL><LI><a href="#[7c]">&gt;&gt;</a>&nbsp;&nbsp;&nbsp;MX_USART1_UART_Init
</UL>

<P><STRONG><a name="[7d]"></a>LL_APB1_GRP2_EnableClock</STRONG> (Thumb, 28 bytes, Stack size 4 bytes, usart.o(.text.LL_APB1_GRP2_EnableClock))
<BR><BR>[Stack]<UL><LI>Max Depth = 4<LI>Call Chain = LL_APB1_GRP2_EnableClock
</UL>
<BR>[Called By]<UL><LI><a href="#[7c]">&gt;&gt;</a>&nbsp;&nbsp;&nbsp;MX_USART1_UART_Init
</UL>

<P><STRONG><a name="[80]"></a>LL_USART_ConfigAsyncMode</STRONG> (Thumb, 24 bytes, Stack size 0 bytes, usart.o(.text.LL_USART_ConfigAsyncMode))
<BR><BR>[Called By]<UL><LI><a href="#[7c]">&gt;&gt;</a>&nbsp;&nbsp;&nbsp;MX_USART1_UART_Init
</UL>

<P><STRONG><a name="[7f]"></a>LL_USART_DisableIT_CTS</STRONG> (Thumb, 16 bytes, Stack size 0 bytes, usart.o(.text.LL_USART_DisableIT_CTS))
<BR><BR>[Called By]<UL><LI><a href="#[7c]">&gt;&gt;</a>&nbsp;&nbsp;&nbsp;MX_USART1_UART_Init
</UL>

<P><STRONG><a name="[81]"></a>LL_USART_Enable</STRONG> (Thumb, 12 bytes, Stack size 0 bytes, usart.o(.text.LL_USART_Enable))
<BR><BR>[Called By]<UL><LI><a href="#[7c]">&gt;&gt;</a>&nbsp;&nbsp;&nbsp;MX_USART1_UART_Init
</UL>

<P><STRONG><a name="[3f]"></a>LL_USART_IsActiveFlag_TC</STRONG> (Thumb, 12 bytes, Stack size 0 bytes, usart.o(.text.LL_USART_IsActiveFlag_TC))
<BR><BR>[Called By]<UL><LI><a href="#[3e]">&gt;&gt;</a>&nbsp;&nbsp;&nbsp;DBG_PutString
</UL>

<P><STRONG><a name="[40]"></a>LL_USART_TransmitData8</STRONG> (Thumb, 8 bytes, Stack size 0 bytes, usart.o(.text.LL_USART_TransmitData8))
<BR><BR>[Called By]<UL><LI><a href="#[3e]">&gt;&gt;</a>&nbsp;&nbsp;&nbsp;DBG_PutString
</UL>

<P><STRONG><a name="[51]"></a>LL_GPIO_SetAFPin_0_7</STRONG> (Thumb, 20 bytes, Stack size 0 bytes, stm32f0xx_ll_gpio.o(.text.LL_GPIO_SetAFPin_0_7))
<BR><BR>[Called By]<UL><LI><a href="#[4c]">&gt;&gt;</a>&nbsp;&nbsp;&nbsp;LL_GPIO_Init
</UL>

<P><STRONG><a name="[4d]"></a>LL_GPIO_SetAFPin_8_15</STRONG> (Thumb, 22 bytes, Stack size 0 bytes, stm32f0xx_ll_gpio.o(.text.LL_GPIO_SetAFPin_8_15))
<BR><BR>[Called By]<UL><LI><a href="#[4c]">&gt;&gt;</a>&nbsp;&nbsp;&nbsp;LL_GPIO_Init
</UL>

<P><STRONG><a name="[4e]"></a>LL_GPIO_SetPinMode</STRONG> (Thumb, 18 bytes, Stack size 0 bytes, stm32f0xx_ll_gpio.o(.text.LL_GPIO_SetPinMode))
<BR><BR>[Called By]<UL><LI><a href="#[4c]">&gt;&gt;</a>&nbsp;&nbsp;&nbsp;LL_GPIO_Init
</UL>

<P><STRONG><a name="[52]"></a>LL_GPIO_SetPinOutputType</STRONG> (Thumb, 12 bytes, Stack size 0 bytes, stm32f0xx_ll_gpio.o(.text.LL_GPIO_SetPinOutputType))
<BR><BR>[Called By]<UL><LI><a href="#[4c]">&gt;&gt;</a>&nbsp;&nbsp;&nbsp;LL_GPIO_Init
</UL>

<P><STRONG><a name="[50]"></a>LL_GPIO_SetPinPull</STRONG> (Thumb, 18 bytes, Stack size 0 bytes, stm32f0xx_ll_gpio.o(.text.LL_GPIO_SetPinPull))
<BR><BR>[Called By]<UL><LI><a href="#[4c]">&gt;&gt;</a>&nbsp;&nbsp;&nbsp;LL_GPIO_Init
</UL>

<P><STRONG><a name="[4f]"></a>LL_GPIO_SetPinSpeed</STRONG> (Thumb, 18 bytes, Stack size 0 bytes, stm32f0xx_ll_gpio.o(.text.LL_GPIO_SetPinSpeed))
<BR><BR>[Called By]<UL><LI><a href="#[4c]">&gt;&gt;</a>&nbsp;&nbsp;&nbsp;LL_GPIO_Init
</UL>

<P><STRONG><a name="[86]"></a>LL_RCC_GetAHBPrescaler</STRONG> (Thumb, 12 bytes, Stack size 0 bytes, stm32f0xx_ll_rcc.o(.text.LL_RCC_GetAHBPrescaler))
<BR><BR>[Called By]<UL><LI><a href="#[5b]">&gt;&gt;</a>&nbsp;&nbsp;&nbsp;RCC_GetHCLKClockFreq
</UL>

<P><STRONG><a name="[87]"></a>LL_RCC_GetAPB1Prescaler</STRONG> (Thumb, 12 bytes, Stack size 0 bytes, stm32f0xx_ll_rcc.o(.text.LL_RCC_GetAPB1Prescaler))
<BR><BR>[Called By]<UL><LI><a href="#[5c]">&gt;&gt;</a>&nbsp;&nbsp;&nbsp;RCC_GetPCLK1ClockFreq
</UL>

<P><STRONG><a name="[88]"></a>LL_RCC_GetSysClkSource</STRONG> (Thumb, 12 bytes, Stack size 0 bytes, stm32f0xx_ll_rcc.o(.text.LL_RCC_GetSysClkSource))
<BR><BR>[Called By]<UL><LI><a href="#[58]">&gt;&gt;</a>&nbsp;&nbsp;&nbsp;RCC_GetSystemClockFreq
</UL>

<P><STRONG><a name="[57]"></a>LL_RCC_GetUSARTClockSource</STRONG> (Thumb, 12 bytes, Stack size 0 bytes, stm32f0xx_ll_rcc.o(.text.LL_RCC_GetUSARTClockSource))
<BR><BR>[Called By]<UL><LI><a href="#[56]">&gt;&gt;</a>&nbsp;&nbsp;&nbsp;LL_RCC_GetUSARTClockFreq
</UL>

<P><STRONG><a name="[5a]"></a>LL_RCC_HSI_IsReady</STRONG> (Thumb, 12 bytes, Stack size 0 bytes, stm32f0xx_ll_rcc.o(.text.LL_RCC_HSI_IsReady))
<BR><BR>[Called By]<UL><LI><a href="#[56]">&gt;&gt;</a>&nbsp;&nbsp;&nbsp;LL_RCC_GetUSARTClockFreq
</UL>

<P><STRONG><a name="[59]"></a>LL_RCC_LSE_IsReady</STRONG> (Thumb, 12 bytes, Stack size 0 bytes, stm32f0xx_ll_rcc.o(.text.LL_RCC_LSE_IsReady))
<BR><BR>[Called By]<UL><LI><a href="#[56]">&gt;&gt;</a>&nbsp;&nbsp;&nbsp;LL_RCC_GetUSARTClockFreq
</UL>

<P><STRONG><a name="[8a]"></a>LL_RCC_PLL_GetMainSource</STRONG> (Thumb, 12 bytes, Stack size 0 bytes, stm32f0xx_ll_rcc.o(.text.LL_RCC_PLL_GetMainSource))
<BR><BR>[Called By]<UL><LI><a href="#[89]">&gt;&gt;</a>&nbsp;&nbsp;&nbsp;RCC_PLL_GetFreqDomain_SYS
</UL>

<P><STRONG><a name="[8c]"></a>LL_RCC_PLL_GetMultiplicator</STRONG> (Thumb, 12 bytes, Stack size 0 bytes, stm32f0xx_ll_rcc.o(.text.LL_RCC_PLL_GetMultiplicator))
<BR><BR>[Called By]<UL><LI><a href="#[89]">&gt;&gt;</a>&nbsp;&nbsp;&nbsp;RCC_PLL_GetFreqDomain_SYS
</UL>

<P><STRONG><a name="[8b]"></a>LL_RCC_PLL_GetPrediv</STRONG> (Thumb, 12 bytes, Stack size 0 bytes, stm32f0xx_ll_rcc.o(.text.LL_RCC_PLL_GetPrediv))
<BR><BR>[Called By]<UL><LI><a href="#[89]">&gt;&gt;</a>&nbsp;&nbsp;&nbsp;RCC_PLL_GetFreqDomain_SYS
</UL>

<P><STRONG><a name="[54]"></a>LL_InitTick</STRONG> (Thumb, 28 bytes, Stack size 8 bytes, stm32f0xx_ll_utils.o(.text.LL_InitTick))
<BR><BR>[Stack]<UL><LI>Max Depth = 8<LI>Call Chain = LL_InitTick
</UL>
<BR>[Calls]<UL><LI><a href="#[55]">&gt;&gt;</a>&nbsp;&nbsp;&nbsp;__aeabi_uidiv
</UL>
<BR>[Called By]<UL><LI><a href="#[53]">&gt;&gt;</a>&nbsp;&nbsp;&nbsp;LL_Init1msTick
</UL>

<P><STRONG><a name="[61]"></a>LL_TIM_GenerateEvent_UPDATE</STRONG> (Thumb, 10 bytes, Stack size 0 bytes, stm32f0xx_ll_tim.o(.text.LL_TIM_GenerateEvent_UPDATE))
<BR><BR>[Called By]<UL><LI><a href="#[5d]">&gt;&gt;</a>&nbsp;&nbsp;&nbsp;LL_TIM_Init
</UL>

<P><STRONG><a name="[82]"></a>LL_TIM_OC_SetCompareCH1</STRONG> (Thumb, 4 bytes, Stack size 0 bytes, stm32f0xx_ll_tim.o(.text.LL_TIM_OC_SetCompareCH1))
<BR><BR>[Called By]<UL><LI><a href="#[65]">&gt;&gt;</a>&nbsp;&nbsp;&nbsp;OC1Config
</UL>

<P><STRONG><a name="[83]"></a>LL_TIM_OC_SetCompareCH2</STRONG> (Thumb, 4 bytes, Stack size 0 bytes, stm32f0xx_ll_tim.o(.text.LL_TIM_OC_SetCompareCH2))
<BR><BR>[Called By]<UL><LI><a href="#[63]">&gt;&gt;</a>&nbsp;&nbsp;&nbsp;OC2Config
</UL>

<P><STRONG><a name="[84]"></a>LL_TIM_OC_SetCompareCH3</STRONG> (Thumb, 4 bytes, Stack size 0 bytes, stm32f0xx_ll_tim.o(.text.LL_TIM_OC_SetCompareCH3))
<BR><BR>[Called By]<UL><LI><a href="#[66]">&gt;&gt;</a>&nbsp;&nbsp;&nbsp;OC3Config
</UL>

<P><STRONG><a name="[85]"></a>LL_TIM_OC_SetCompareCH4</STRONG> (Thumb, 4 bytes, Stack size 0 bytes, stm32f0xx_ll_tim.o(.text.LL_TIM_OC_SetCompareCH4))
<BR><BR>[Called By]<UL><LI><a href="#[64]">&gt;&gt;</a>&nbsp;&nbsp;&nbsp;OC4Config
</UL>

<P><STRONG><a name="[5e]"></a>LL_TIM_SetAutoReload</STRONG> (Thumb, 4 bytes, Stack size 0 bytes, stm32f0xx_ll_tim.o(.text.LL_TIM_SetAutoReload))
<BR><BR>[Called By]<UL><LI><a href="#[5d]">&gt;&gt;</a>&nbsp;&nbsp;&nbsp;LL_TIM_Init
</UL>

<P><STRONG><a name="[5f]"></a>LL_TIM_SetPrescaler</STRONG> (Thumb, 4 bytes, Stack size 0 bytes, stm32f0xx_ll_tim.o(.text.LL_TIM_SetPrescaler))
<BR><BR>[Called By]<UL><LI><a href="#[5d]">&gt;&gt;</a>&nbsp;&nbsp;&nbsp;LL_TIM_Init
</UL>

<P><STRONG><a name="[60]"></a>LL_TIM_SetRepetitionCounter</STRONG> (Thumb, 4 bytes, Stack size 0 bytes, stm32f0xx_ll_tim.o(.text.LL_TIM_SetRepetitionCounter))
<BR><BR>[Called By]<UL><LI><a href="#[5d]">&gt;&gt;</a>&nbsp;&nbsp;&nbsp;LL_TIM_Init
</UL>

<P><STRONG><a name="[65]"></a>OC1Config</STRONG> (Thumb, 124 bytes, Stack size 32 bytes, stm32f0xx_ll_tim.o(.text.OC1Config))
<BR><BR>[Stack]<UL><LI>Max Depth = 32<LI>Call Chain = OC1Config
</UL>
<BR>[Calls]<UL><LI><a href="#[82]">&gt;&gt;</a>&nbsp;&nbsp;&nbsp;LL_TIM_OC_SetCompareCH1
</UL>
<BR>[Called By]<UL><LI><a href="#[62]">&gt;&gt;</a>&nbsp;&nbsp;&nbsp;LL_TIM_OC_Init
</UL>

<P><STRONG><a name="[63]"></a>OC2Config</STRONG> (Thumb, 140 bytes, Stack size 32 bytes, stm32f0xx_ll_tim.o(.text.OC2Config))
<BR><BR>[Stack]<UL><LI>Max Depth = 32<LI>Call Chain = OC2Config
</UL>
<BR>[Calls]<UL><LI><a href="#[83]">&gt;&gt;</a>&nbsp;&nbsp;&nbsp;LL_TIM_OC_SetCompareCH2
</UL>
<BR>[Called By]<UL><LI><a href="#[62]">&gt;&gt;</a>&nbsp;&nbsp;&nbsp;LL_TIM_OC_Init
</UL>

<P><STRONG><a name="[66]"></a>OC3Config</STRONG> (Thumb, 140 bytes, Stack size 40 bytes, stm32f0xx_ll_tim.o(.text.OC3Config))
<BR><BR>[Stack]<UL><LI>Max Depth = 40<LI>Call Chain = OC3Config
</UL>
<BR>[Calls]<UL><LI><a href="#[84]">&gt;&gt;</a>&nbsp;&nbsp;&nbsp;LL_TIM_OC_SetCompareCH3
</UL>
<BR>[Called By]<UL><LI><a href="#[62]">&gt;&gt;</a>&nbsp;&nbsp;&nbsp;LL_TIM_OC_Init
</UL>

<P><STRONG><a name="[64]"></a>OC4Config</STRONG> (Thumb, 112 bytes, Stack size 32 bytes, stm32f0xx_ll_tim.o(.text.OC4Config))
<BR><BR>[Stack]<UL><LI>Max Depth = 32<LI>Call Chain = OC4Config
</UL>
<BR>[Calls]<UL><LI><a href="#[85]">&gt;&gt;</a>&nbsp;&nbsp;&nbsp;LL_TIM_OC_SetCompareCH4
</UL>
<BR>[Called By]<UL><LI><a href="#[62]">&gt;&gt;</a>&nbsp;&nbsp;&nbsp;LL_TIM_OC_Init
</UL>

<P><STRONG><a name="[68]"></a>LL_USART_IsEnabled</STRONG> (Thumb, 8 bytes, Stack size 0 bytes, stm32f0xx_ll_usart.o(.text.LL_USART_IsEnabled))
<BR><BR>[Called By]<UL><LI><a href="#[67]">&gt;&gt;</a>&nbsp;&nbsp;&nbsp;LL_USART_Init
</UL>

<P><STRONG><a name="[6b]"></a>LL_USART_SetBaudRate</STRONG> (Thumb, 56 bytes, Stack size 8 bytes, stm32f0xx_ll_usart.o(.text.LL_USART_SetBaudRate))
<BR><BR>[Stack]<UL><LI>Max Depth = 8<LI>Call Chain = LL_USART_SetBaudRate
</UL>
<BR>[Calls]<UL><LI><a href="#[55]">&gt;&gt;</a>&nbsp;&nbsp;&nbsp;__aeabi_uidiv
</UL>
<BR>[Called By]<UL><LI><a href="#[67]">&gt;&gt;</a>&nbsp;&nbsp;&nbsp;LL_USART_Init
</UL>

<P><STRONG><a name="[6a]"></a>LL_USART_SetHWFlowCtrl</STRONG> (Thumb, 14 bytes, Stack size 0 bytes, stm32f0xx_ll_usart.o(.text.LL_USART_SetHWFlowCtrl))
<BR><BR>[Called By]<UL><LI><a href="#[67]">&gt;&gt;</a>&nbsp;&nbsp;&nbsp;LL_USART_Init
</UL>

<P><STRONG><a name="[69]"></a>LL_USART_SetStopBitsLength</STRONG> (Thumb, 14 bytes, Stack size 0 bytes, stm32f0xx_ll_usart.o(.text.LL_USART_SetStopBitsLength))
<BR><BR>[Called By]<UL><LI><a href="#[67]">&gt;&gt;</a>&nbsp;&nbsp;&nbsp;LL_USART_Init
</UL>

<P><STRONG><a name="[1d]"></a>_printf_input_char</STRONG> (Thumb, 10 bytes, Stack size 0 bytes, _printf_char_common.o(.text))
<BR>[Address Reference Count : 1]<UL><LI> _printf_char_common.o(.text)
</UL><P>
<H3>
Undefined Global Symbols
</H3>
<P><STRONG><a name="[3c]"></a>_call_atexit_fns</STRONG> (ARM, 0 bytes, Stack size 0 bytes, UNDEFINED)
<BR><BR>[Called By]<UL><LI><a href="#[2b]">&gt;&gt;</a>&nbsp;&nbsp;&nbsp;exit
</UL>

<P><STRONG><a name="[39]"></a>_printf_post_padding</STRONG> (ARM, 0 bytes, Stack size 0 bytes, UNDEFINED)
<BR><BR>[Called By]<UL><LI><a href="#[37]">&gt;&gt;</a>&nbsp;&nbsp;&nbsp;_printf_int_common
</UL>

<P><STRONG><a name="[38]"></a>_printf_pre_padding</STRONG> (ARM, 0 bytes, Stack size 0 bytes, UNDEFINED)
<BR><BR>[Called By]<UL><LI><a href="#[37]">&gt;&gt;</a>&nbsp;&nbsp;&nbsp;_printf_int_common
</UL>

<P><STRONG><a name="[34]"></a>_printf_truncate_signed</STRONG> (ARM, 0 bytes, Stack size 0 bytes, UNDEFINED)
<BR><BR>[Called By]<UL><LI><a href="#[24]">&gt;&gt;</a>&nbsp;&nbsp;&nbsp;_printf_int_dec
</UL>

<P><STRONG><a name="[35]"></a>_printf_truncate_unsigned</STRONG> (ARM, 0 bytes, Stack size 0 bytes, UNDEFINED)
<BR><BR>[Called By]<UL><LI><a href="#[24]">&gt;&gt;</a>&nbsp;&nbsp;&nbsp;_printf_int_dec
</UL>
<HR></body></html>
